ARM GAS  C:\Users\fastr\AppData\Local\Temp\ccEK0096.s 			page 1


   1              		.cpu cortex-m0
   2              		.arch armv6s-m
   3              		.fpu softvfp
   4              		.eabi_attribute 20, 1
   5              		.eabi_attribute 21, 1
   6              		.eabi_attribute 23, 3
   7              		.eabi_attribute 24, 1
   8              		.eabi_attribute 25, 1
   9              		.eabi_attribute 26, 1
  10              		.eabi_attribute 30, 1
  11              		.eabi_attribute 34, 0
  12              		.eabi_attribute 18, 4
  13              		.file	"main.c"
  14              		.text
  15              		.section	.text.TIM16_IRQHandler,"ax",%progbits
  16              		.align	1
  17              		.global	TIM16_IRQHandler
  18              		.syntax unified
  19              		.code	16
  20              		.thumb_func
  22              	TIM16_IRQHandler:
  23              		@ args = 0, pretend = 0, frame = 0
  24              		@ frame_needed = 0, uses_anonymous_args = 0
  25              		@ link register save eliminated.
  26              		@ sp needed
  27 0000 7047     		bx	lr
  29              		.section	.text.Error_Handler,"ax",%progbits
  30              		.align	1
  31              		.global	Error_Handler
  32              		.syntax unified
  33              		.code	16
  34              		.thumb_func
  36              	Error_Handler:
  37              		@ Volatile: function does not return.
  38              		@ args = 0, pretend = 0, frame = 0
  39              		@ frame_needed = 0, uses_anonymous_args = 0
  40              		@ link register save eliminated.
  41              		.syntax divided
  42              	@ 142 "Drivers/CMSIS/Include/cmsis_gcc.h" 1
  43 0000 72B6     		cpsid i
  44              	@ 0 "" 2
  45              		.thumb
  46              		.syntax unified
  47              	.L3:
  48 0002 FEE7     		b	.L3
  50              		.section	.text.MX_TIM16_Init,"ax",%progbits
  51              		.align	1
  52              		.syntax unified
  53              		.code	16
  54              		.thumb_func
  56              	MX_TIM16_Init:
  57              		@ args = 0, pretend = 0, frame = 0
  58              		@ frame_needed = 0, uses_anonymous_args = 0
  59 0000 10B5     		push	{r4, lr}
  60 0002 0C48     		ldr	r0, .L7
  61 0004 0C4B     		ldr	r3, .L7+4
  62 0006 0360     		str	r3, [r0]
ARM GAS  C:\Users\fastr\AppData\Local\Temp\ccEK0096.s 			page 2


  63 0008 0C4B     		ldr	r3, .L7+8
  64 000a 4360     		str	r3, [r0, #4]
  65 000c 0023     		movs	r3, #0
  66 000e 8360     		str	r3, [r0, #8]
  67 0010 0B4A     		ldr	r2, .L7+12
  68 0012 C260     		str	r2, [r0, #12]
  69 0014 0361     		str	r3, [r0, #16]
  70 0016 4361     		str	r3, [r0, #20]
  71 0018 8033     		adds	r3, r3, #128
  72 001a 8361     		str	r3, [r0, #24]
  73 001c FFF7FEFF 		bl	HAL_TIM_Base_Init
  74 0020 0028     		cmp	r0, #0
  75 0022 04D1     		bne	.L6
  76 0024 074B     		ldr	r3, .L7+16
  77 0026 8022     		movs	r2, #128
  78 0028 9203     		lsls	r2, r2, #14
  79 002a 1A60     		str	r2, [r3]
  80              		@ sp needed
  81 002c 10BD     		pop	{r4, pc}
  82              	.L6:
  83 002e FFF7FEFF 		bl	Error_Handler
  84              	.L8:
  85 0032 C046     		.align	2
  86              	.L7:
  87 0034 00000000 		.word	htim16
  88 0038 00440140 		.word	1073824768
  89 003c 3F1F0000 		.word	7999
  90 0040 E7030000 		.word	999
  91 0044 00E100E0 		.word	-536813312
  93              		.section	.text.SystemClock_Config,"ax",%progbits
  94              		.align	1
  95              		.global	SystemClock_Config
  96              		.syntax unified
  97              		.code	16
  98              		.thumb_func
 100              	SystemClock_Config:
 101              		@ args = 0, pretend = 0, frame = 0
 102              		@ frame_needed = 0, uses_anonymous_args = 0
 103 0000 10B5     		push	{r4, lr}
 104 0002 1A4A     		ldr	r2, .L17
 105 0004 1368     		ldr	r3, [r2]
 106 0006 0121     		movs	r1, #1
 107 0008 8B43     		bics	r3, r1
 108 000a 1360     		str	r3, [r2]
 109              	.L10:
 110 000c 174B     		ldr	r3, .L17
 111 000e 1B68     		ldr	r3, [r3]
 112 0010 DB07     		lsls	r3, r3, #31
 113 0012 FBD4     		bmi	.L10
 114 0014 164A     		ldr	r2, .L17+4
 115 0016 1368     		ldr	r3, [r2]
 116 0018 0121     		movs	r1, #1
 117 001a 0B43     		orrs	r3, r1
 118 001c 1360     		str	r3, [r2]
 119              	.L11:
 120 001e 144B     		ldr	r3, .L17+4
 121 0020 1B68     		ldr	r3, [r3]
ARM GAS  C:\Users\fastr\AppData\Local\Temp\ccEK0096.s 			page 3


 122 0022 9B07     		lsls	r3, r3, #30
 123 0024 FBD5     		bpl	.L11
 124 0026 124B     		ldr	r3, .L17+4
 125 0028 1A68     		ldr	r2, [r3]
 126 002a F821     		movs	r1, #248
 127 002c 8A43     		bics	r2, r1
 128 002e 7839     		subs	r1, r1, #120
 129 0030 0A43     		orrs	r2, r1
 130 0032 1A60     		str	r2, [r3]
 131 0034 5A68     		ldr	r2, [r3, #4]
 132 0036 7031     		adds	r1, r1, #112
 133 0038 8A43     		bics	r2, r1
 134 003a 5A60     		str	r2, [r3, #4]
 135 003c 5A68     		ldr	r2, [r3, #4]
 136 003e 0D49     		ldr	r1, .L17+8
 137 0040 0A40     		ands	r2, r1
 138 0042 5A60     		str	r2, [r3, #4]
 139 0044 5A68     		ldr	r2, [r3, #4]
 140 0046 0321     		movs	r1, #3
 141 0048 8A43     		bics	r2, r1
 142 004a 5A60     		str	r2, [r3, #4]
 143              	.L12:
 144 004c 084B     		ldr	r3, .L17+4
 145 004e 5B68     		ldr	r3, [r3, #4]
 146 0050 0C22     		movs	r2, #12
 147 0052 1A42     		tst	r2, r3
 148 0054 FAD1     		bne	.L12
 149 0056 0848     		ldr	r0, .L17+12
 150 0058 FFF7FEFF 		bl	LL_SetSystemCoreClock
 151 005c 0320     		movs	r0, #3
 152 005e FFF7FEFF 		bl	HAL_InitTick
 153 0062 0028     		cmp	r0, #0
 154 0064 00D1     		bne	.L16
 155              		@ sp needed
 156 0066 10BD     		pop	{r4, pc}
 157              	.L16:
 158 0068 FFF7FEFF 		bl	Error_Handler
 159              	.L18:
 160              		.align	2
 161              	.L17:
 162 006c 00200240 		.word	1073881088
 163 0070 00100240 		.word	1073876992
 164 0074 FFF8FFFF 		.word	-1793
 165 0078 00127A00 		.word	8000000
 167              		.section	.text.main,"ax",%progbits
 168              		.align	1
 169              		.global	main
 170              		.syntax unified
 171              		.code	16
 172              		.thumb_func
 174              	main:
 175              		@ Volatile: function does not return.
 176              		@ args = 0, pretend = 0, frame = 0
 177              		@ frame_needed = 0, uses_anonymous_args = 0
 178 0000 10B5     		push	{r4, lr}
 179 0002 FFF7FEFF 		bl	HAL_Init
 180 0006 FFF7FEFF 		bl	SystemClock_Config
ARM GAS  C:\Users\fastr\AppData\Local\Temp\ccEK0096.s 			page 4


 181 000a FFF7FEFF 		bl	MX_TIM16_Init
 182 000e 0248     		ldr	r0, .L21
 183 0010 FFF7FEFF 		bl	HAL_TIM_Base_Start_IT
 184              	.L20:
 185 0014 FEE7     		b	.L20
 186              	.L22:
 187 0016 C046     		.align	2
 188              	.L21:
 189 0018 00000000 		.word	htim16
 191              		.global	htim16
 192              		.section	.bss.htim16,"aw",%nobits
 193              		.align	2
 196              	htim16:
 197 0000 00000000 		.space	72
 197      00000000 
 197      00000000 
 197      00000000 
 197      00000000 
 198              		.ident	"GCC: (xPack GNU Arm Embedded GCC x86_64) 15.2.1 20251203"
ARM GAS  C:\Users\fastr\AppData\Local\Temp\ccEK0096.s 			page 5


DEFINED SYMBOLS
                            *ABS*:00000000 main.c
C:\Users\fastr\AppData\Local\Temp\ccEK0096.s:16     .text.TIM16_IRQHandler:00000000 $t
C:\Users\fastr\AppData\Local\Temp\ccEK0096.s:22     .text.TIM16_IRQHandler:00000000 TIM16_IRQHandler
C:\Users\fastr\AppData\Local\Temp\ccEK0096.s:30     .text.Error_Handler:00000000 $t
C:\Users\fastr\AppData\Local\Temp\ccEK0096.s:36     .text.Error_Handler:00000000 Error_Handler
C:\Users\fastr\AppData\Local\Temp\ccEK0096.s:51     .text.MX_TIM16_Init:00000000 $t
C:\Users\fastr\AppData\Local\Temp\ccEK0096.s:56     .text.MX_TIM16_Init:00000000 MX_TIM16_Init
C:\Users\fastr\AppData\Local\Temp\ccEK0096.s:87     .text.MX_TIM16_Init:00000034 $d
C:\Users\fastr\AppData\Local\Temp\ccEK0096.s:196    .bss.htim16:00000000 htim16
C:\Users\fastr\AppData\Local\Temp\ccEK0096.s:94     .text.SystemClock_Config:00000000 $t
C:\Users\fastr\AppData\Local\Temp\ccEK0096.s:100    .text.SystemClock_Config:00000000 SystemClock_Config
C:\Users\fastr\AppData\Local\Temp\ccEK0096.s:162    .text.SystemClock_Config:0000006c $d
C:\Users\fastr\AppData\Local\Temp\ccEK0096.s:168    .text.main:00000000 $t
C:\Users\fastr\AppData\Local\Temp\ccEK0096.s:174    .text.main:00000000 main
C:\Users\fastr\AppData\Local\Temp\ccEK0096.s:189    .text.main:00000018 $d
C:\Users\fastr\AppData\Local\Temp\ccEK0096.s:193    .bss.htim16:00000000 $d

UNDEFINED SYMBOLS
HAL_TIM_Base_Init
LL_SetSystemCoreClock
HAL_InitTick
HAL_Init
HAL_TIM_Base_Start_IT
