ARM GAS  C:\Users\fastr\AppData\Local\Temp\ccs2Irsa.s 			page 1


   1              		.cpu cortex-m0
   2              		.arch armv6s-m
   3              		.fpu softvfp
   4              		.eabi_attribute 20, 1
   5              		.eabi_attribute 21, 1
   6              		.eabi_attribute 23, 3
   7              		.eabi_attribute 24, 1
   8              		.eabi_attribute 25, 1
   9              		.eabi_attribute 26, 1
  10              		.eabi_attribute 30, 1
  11              		.eabi_attribute 34, 0
  12              		.eabi_attribute 18, 4
  13              		.file	"stm32f0xx_hal.c"
  14              		.text
  15              		.section	.text.HAL_MspInit,"ax",%progbits
  16              		.align	1
  17              		.weak	HAL_MspInit
  18              		.syntax unified
  19              		.code	16
  20              		.thumb_func
  22              	HAL_MspInit:
  23              		@ args = 0, pretend = 0, frame = 0
  24              		@ frame_needed = 0, uses_anonymous_args = 0
  25              		@ link register save eliminated.
  26              		@ sp needed
  27 0000 7047     		bx	lr
  29              		.section	.text.HAL_MspDeInit,"ax",%progbits
  30              		.align	1
  31              		.weak	HAL_MspDeInit
  32              		.syntax unified
  33              		.code	16
  34              		.thumb_func
  36              	HAL_MspDeInit:
  37              		@ args = 0, pretend = 0, frame = 0
  38              		@ frame_needed = 0, uses_anonymous_args = 0
  39              		@ link register save eliminated.
  40              		@ sp needed
  41 0000 7047     		bx	lr
  43              		.section	.text.HAL_DeInit,"ax",%progbits
  44              		.align	1
  45              		.global	HAL_DeInit
  46              		.syntax unified
  47              		.code	16
  48              		.thumb_func
  50              	HAL_DeInit:
  51              		@ args = 0, pretend = 0, frame = 0
  52              		@ frame_needed = 0, uses_anonymous_args = 0
  53 0000 10B5     		push	{r4, lr}
  54 0002 074B     		ldr	r3, .L4
  55 0004 0121     		movs	r1, #1
  56 0006 4942     		rsbs	r1, r1, #0
  57 0008 1961     		str	r1, [r3, #16]
  58 000a 0022     		movs	r2, #0
  59 000c 1A61     		str	r2, [r3, #16]
  60 000e D960     		str	r1, [r3, #12]
  61 0010 DA60     		str	r2, [r3, #12]
  62 0012 9962     		str	r1, [r3, #40]
ARM GAS  C:\Users\fastr\AppData\Local\Temp\ccs2Irsa.s 			page 2


  63 0014 9A62     		str	r2, [r3, #40]
  64 0016 FFF7FEFF 		bl	HAL_MspDeInit
  65 001a 0020     		movs	r0, #0
  66              		@ sp needed
  67 001c 10BD     		pop	{r4, pc}
  68              	.L5:
  69 001e C046     		.align	2
  70              	.L4:
  71 0020 00100240 		.word	1073876992
  73              		.section	.text.HAL_InitTick,"ax",%progbits
  74              		.align	1
  75              		.weak	HAL_InitTick
  76              		.syntax unified
  77              		.code	16
  78              		.thumb_func
  80              	HAL_InitTick:
  81              		@ args = 0, pretend = 0, frame = 0
  82              		@ frame_needed = 0, uses_anonymous_args = 0
  83 0000 70B5     		push	{r4, r5, r6, lr}
  84 0002 0500     		movs	r5, r0
  85 0004 0F4B     		ldr	r3, .L11
  86 0006 1C68     		ldr	r4, [r3]
  87 0008 0F4B     		ldr	r3, .L11+4
  88 000a 1978     		ldrb	r1, [r3]
  89 000c FA20     		movs	r0, #250
  90 000e 8000     		lsls	r0, r0, #2
  91 0010 FFF7FEFF 		bl	__aeabi_uidiv
  92 0014 0100     		movs	r1, r0
  93 0016 2000     		movs	r0, r4
  94 0018 FFF7FEFF 		bl	__aeabi_uidiv
  95 001c FFF7FEFF 		bl	HAL_SYSTICK_Config
  96 0020 0028     		cmp	r0, #0
  97 0022 0DD1     		bne	.L8
  98 0024 032D     		cmp	r5, #3
  99 0026 01D9     		bls	.L10
 100 0028 0120     		movs	r0, #1
 101 002a 0AE0     		b	.L7
 102              	.L10:
 103 002c 0130     		adds	r0, r0, #1
 104 002e 0022     		movs	r2, #0
 105 0030 2900     		movs	r1, r5
 106 0032 4042     		rsbs	r0, r0, #0
 107 0034 FFF7FEFF 		bl	HAL_NVIC_SetPriority
 108 0038 044B     		ldr	r3, .L11+8
 109 003a 1D60     		str	r5, [r3]
 110 003c 0020     		movs	r0, #0
 111 003e 00E0     		b	.L7
 112              	.L8:
 113 0040 0120     		movs	r0, #1
 114              	.L7:
 115              		@ sp needed
 116 0042 70BD     		pop	{r4, r5, r6, pc}
 117              	.L12:
 118              		.align	2
 119              	.L11:
 120 0044 00000000 		.word	SystemCoreClock
 121 0048 00000000 		.word	uwTickFreq
ARM GAS  C:\Users\fastr\AppData\Local\Temp\ccs2Irsa.s 			page 3


 122 004c 00000000 		.word	uwTickPrio
 124              		.section	.text.HAL_Init,"ax",%progbits
 125              		.align	1
 126              		.global	HAL_Init
 127              		.syntax unified
 128              		.code	16
 129              		.thumb_func
 131              	HAL_Init:
 132              		@ args = 0, pretend = 0, frame = 0
 133              		@ frame_needed = 0, uses_anonymous_args = 0
 134 0000 10B5     		push	{r4, lr}
 135 0002 064A     		ldr	r2, .L14
 136 0004 1368     		ldr	r3, [r2]
 137 0006 1021     		movs	r1, #16
 138 0008 0B43     		orrs	r3, r1
 139 000a 1360     		str	r3, [r2]
 140 000c 0320     		movs	r0, #3
 141 000e FFF7FEFF 		bl	HAL_InitTick
 142 0012 FFF7FEFF 		bl	HAL_MspInit
 143 0016 0020     		movs	r0, #0
 144              		@ sp needed
 145 0018 10BD     		pop	{r4, pc}
 146              	.L15:
 147 001a C046     		.align	2
 148              	.L14:
 149 001c 00200240 		.word	1073881088
 151              		.section	.text.HAL_IncTick,"ax",%progbits
 152              		.align	1
 153              		.weak	HAL_IncTick
 154              		.syntax unified
 155              		.code	16
 156              		.thumb_func
 158              	HAL_IncTick:
 159              		@ args = 0, pretend = 0, frame = 0
 160              		@ frame_needed = 0, uses_anonymous_args = 0
 161              		@ link register save eliminated.
 162 0000 034A     		ldr	r2, .L17
 163 0002 1168     		ldr	r1, [r2]
 164 0004 034B     		ldr	r3, .L17+4
 165 0006 1B78     		ldrb	r3, [r3]
 166 0008 5B18     		adds	r3, r3, r1
 167 000a 1360     		str	r3, [r2]
 168              		@ sp needed
 169 000c 7047     		bx	lr
 170              	.L18:
 171 000e C046     		.align	2
 172              	.L17:
 173 0010 00000000 		.word	uwTick
 174 0014 00000000 		.word	uwTickFreq
 176              		.section	.text.HAL_GetTick,"ax",%progbits
 177              		.align	1
 178              		.weak	HAL_GetTick
 179              		.syntax unified
 180              		.code	16
 181              		.thumb_func
 183              	HAL_GetTick:
 184              		@ args = 0, pretend = 0, frame = 0
ARM GAS  C:\Users\fastr\AppData\Local\Temp\ccs2Irsa.s 			page 4


 185              		@ frame_needed = 0, uses_anonymous_args = 0
 186              		@ link register save eliminated.
 187 0000 014B     		ldr	r3, .L20
 188 0002 1868     		ldr	r0, [r3]
 189              		@ sp needed
 190 0004 7047     		bx	lr
 191              	.L21:
 192 0006 C046     		.align	2
 193              	.L20:
 194 0008 00000000 		.word	uwTick
 196              		.section	.text.HAL_GetTickPrio,"ax",%progbits
 197              		.align	1
 198              		.global	HAL_GetTickPrio
 199              		.syntax unified
 200              		.code	16
 201              		.thumb_func
 203              	HAL_GetTickPrio:
 204              		@ args = 0, pretend = 0, frame = 0
 205              		@ frame_needed = 0, uses_anonymous_args = 0
 206              		@ link register save eliminated.
 207 0000 014B     		ldr	r3, .L23
 208 0002 1868     		ldr	r0, [r3]
 209              		@ sp needed
 210 0004 7047     		bx	lr
 211              	.L24:
 212 0006 C046     		.align	2
 213              	.L23:
 214 0008 00000000 		.word	uwTickPrio
 216              		.section	.text.HAL_SetTickFreq,"ax",%progbits
 217              		.align	1
 218              		.global	HAL_SetTickFreq
 219              		.syntax unified
 220              		.code	16
 221              		.thumb_func
 223              	HAL_SetTickFreq:
 224              		@ args = 0, pretend = 0, frame = 0
 225              		@ frame_needed = 0, uses_anonymous_args = 0
 226 0000 10B5     		push	{r4, lr}
 227 0002 084B     		ldr	r3, .L29
 228 0004 1C78     		ldrb	r4, [r3]
 229 0006 8442     		cmp	r4, r0
 230 0008 01D1     		bne	.L28
 231 000a 0020     		movs	r0, #0
 232              	.L26:
 233              		@ sp needed
 234 000c 10BD     		pop	{r4, pc}
 235              	.L28:
 236 000e 1870     		strb	r0, [r3]
 237 0010 054B     		ldr	r3, .L29+4
 238 0012 1868     		ldr	r0, [r3]
 239 0014 FFF7FEFF 		bl	HAL_InitTick
 240 0018 0028     		cmp	r0, #0
 241 001a F7D0     		beq	.L26
 242 001c 014B     		ldr	r3, .L29
 243 001e 1C70     		strb	r4, [r3]
 244 0020 F4E7     		b	.L26
 245              	.L30:
ARM GAS  C:\Users\fastr\AppData\Local\Temp\ccs2Irsa.s 			page 5


 246 0022 C046     		.align	2
 247              	.L29:
 248 0024 00000000 		.word	uwTickFreq
 249 0028 00000000 		.word	uwTickPrio
 251              		.section	.text.HAL_GetTickFreq,"ax",%progbits
 252              		.align	1
 253              		.global	HAL_GetTickFreq
 254              		.syntax unified
 255              		.code	16
 256              		.thumb_func
 258              	HAL_GetTickFreq:
 259              		@ args = 0, pretend = 0, frame = 0
 260              		@ frame_needed = 0, uses_anonymous_args = 0
 261              		@ link register save eliminated.
 262 0000 014B     		ldr	r3, .L32
 263 0002 1878     		ldrb	r0, [r3]
 264              		@ sp needed
 265 0004 7047     		bx	lr
 266              	.L33:
 267 0006 C046     		.align	2
 268              	.L32:
 269 0008 00000000 		.word	uwTickFreq
 271              		.section	.text.HAL_Delay,"ax",%progbits
 272              		.align	1
 273              		.weak	HAL_Delay
 274              		.syntax unified
 275              		.code	16
 276              		.thumb_func
 278              	HAL_Delay:
 279              		@ args = 0, pretend = 0, frame = 0
 280              		@ frame_needed = 0, uses_anonymous_args = 0
 281 0000 70B5     		push	{r4, r5, r6, lr}
 282 0002 0400     		movs	r4, r0
 283 0004 FFF7FEFF 		bl	HAL_GetTick
 284 0008 0500     		movs	r5, r0
 285 000a 631C     		adds	r3, r4, #1
 286 000c 02D0     		beq	.L36
 287 000e 044B     		ldr	r3, .L38
 288 0010 1B78     		ldrb	r3, [r3]
 289 0012 E418     		adds	r4, r4, r3
 290              	.L36:
 291 0014 FFF7FEFF 		bl	HAL_GetTick
 292 0018 401B     		subs	r0, r0, r5
 293 001a A042     		cmp	r0, r4
 294 001c FAD3     		bcc	.L36
 295              		@ sp needed
 296 001e 70BD     		pop	{r4, r5, r6, pc}
 297              	.L39:
 298              		.align	2
 299              	.L38:
 300 0020 00000000 		.word	uwTickFreq
 302              		.section	.text.HAL_SuspendTick,"ax",%progbits
 303              		.align	1
 304              		.weak	HAL_SuspendTick
 305              		.syntax unified
 306              		.code	16
 307              		.thumb_func
ARM GAS  C:\Users\fastr\AppData\Local\Temp\ccs2Irsa.s 			page 6


 309              	HAL_SuspendTick:
 310              		@ args = 0, pretend = 0, frame = 0
 311              		@ frame_needed = 0, uses_anonymous_args = 0
 312              		@ link register save eliminated.
 313 0000 024A     		ldr	r2, .L41
 314 0002 1368     		ldr	r3, [r2]
 315 0004 0221     		movs	r1, #2
 316 0006 8B43     		bics	r3, r1
 317 0008 1360     		str	r3, [r2]
 318              		@ sp needed
 319 000a 7047     		bx	lr
 320              	.L42:
 321              		.align	2
 322              	.L41:
 323 000c 10E000E0 		.word	-536813552
 325              		.section	.text.HAL_ResumeTick,"ax",%progbits
 326              		.align	1
 327              		.weak	HAL_ResumeTick
 328              		.syntax unified
 329              		.code	16
 330              		.thumb_func
 332              	HAL_ResumeTick:
 333              		@ args = 0, pretend = 0, frame = 0
 334              		@ frame_needed = 0, uses_anonymous_args = 0
 335              		@ link register save eliminated.
 336 0000 024A     		ldr	r2, .L44
 337 0002 1368     		ldr	r3, [r2]
 338 0004 0221     		movs	r1, #2
 339 0006 0B43     		orrs	r3, r1
 340 0008 1360     		str	r3, [r2]
 341              		@ sp needed
 342 000a 7047     		bx	lr
 343              	.L45:
 344              		.align	2
 345              	.L44:
 346 000c 10E000E0 		.word	-536813552
 348              		.section	.text.HAL_GetHalVersion,"ax",%progbits
 349              		.align	1
 350              		.global	HAL_GetHalVersion
 351              		.syntax unified
 352              		.code	16
 353              		.thumb_func
 355              	HAL_GetHalVersion:
 356              		@ args = 0, pretend = 0, frame = 0
 357              		@ frame_needed = 0, uses_anonymous_args = 0
 358              		@ link register save eliminated.
 359 0000 0048     		ldr	r0, .L47
 360              		@ sp needed
 361 0002 7047     		bx	lr
 362              	.L48:
 363              		.align	2
 364              	.L47:
 365 0004 00080701 		.word	17238016
 367              		.section	.text.HAL_GetREVID,"ax",%progbits
 368              		.align	1
 369              		.global	HAL_GetREVID
 370              		.syntax unified
ARM GAS  C:\Users\fastr\AppData\Local\Temp\ccs2Irsa.s 			page 7


 371              		.code	16
 372              		.thumb_func
 374              	HAL_GetREVID:
 375              		@ args = 0, pretend = 0, frame = 0
 376              		@ frame_needed = 0, uses_anonymous_args = 0
 377              		@ link register save eliminated.
 378 0000 014B     		ldr	r3, .L50
 379 0002 1868     		ldr	r0, [r3]
 380 0004 000C     		lsrs	r0, r0, #16
 381              		@ sp needed
 382 0006 7047     		bx	lr
 383              	.L51:
 384              		.align	2
 385              	.L50:
 386 0008 00580140 		.word	1073829888
 388              		.section	.text.HAL_GetDEVID,"ax",%progbits
 389              		.align	1
 390              		.global	HAL_GetDEVID
 391              		.syntax unified
 392              		.code	16
 393              		.thumb_func
 395              	HAL_GetDEVID:
 396              		@ args = 0, pretend = 0, frame = 0
 397              		@ frame_needed = 0, uses_anonymous_args = 0
 398              		@ link register save eliminated.
 399 0000 024B     		ldr	r3, .L53
 400 0002 1868     		ldr	r0, [r3]
 401 0004 0005     		lsls	r0, r0, #20
 402 0006 000D     		lsrs	r0, r0, #20
 403              		@ sp needed
 404 0008 7047     		bx	lr
 405              	.L54:
 406 000a C046     		.align	2
 407              	.L53:
 408 000c 00580140 		.word	1073829888
 410              		.section	.text.HAL_GetUIDw0,"ax",%progbits
 411              		.align	1
 412              		.global	HAL_GetUIDw0
 413              		.syntax unified
 414              		.code	16
 415              		.thumb_func
 417              	HAL_GetUIDw0:
 418              		@ args = 0, pretend = 0, frame = 0
 419              		@ frame_needed = 0, uses_anonymous_args = 0
 420              		@ link register save eliminated.
 421 0000 014B     		ldr	r3, .L56
 422 0002 1868     		ldr	r0, [r3]
 423              		@ sp needed
 424 0004 7047     		bx	lr
 425              	.L57:
 426 0006 C046     		.align	2
 427              	.L56:
 428 0008 ACF7FF1F 		.word	536868780
 430              		.section	.text.HAL_GetUIDw1,"ax",%progbits
 431              		.align	1
 432              		.global	HAL_GetUIDw1
 433              		.syntax unified
ARM GAS  C:\Users\fastr\AppData\Local\Temp\ccs2Irsa.s 			page 8


 434              		.code	16
 435              		.thumb_func
 437              	HAL_GetUIDw1:
 438              		@ args = 0, pretend = 0, frame = 0
 439              		@ frame_needed = 0, uses_anonymous_args = 0
 440              		@ link register save eliminated.
 441 0000 014B     		ldr	r3, .L59
 442 0002 1868     		ldr	r0, [r3]
 443              		@ sp needed
 444 0004 7047     		bx	lr
 445              	.L60:
 446 0006 C046     		.align	2
 447              	.L59:
 448 0008 B0F7FF1F 		.word	536868784
 450              		.section	.text.HAL_GetUIDw2,"ax",%progbits
 451              		.align	1
 452              		.global	HAL_GetUIDw2
 453              		.syntax unified
 454              		.code	16
 455              		.thumb_func
 457              	HAL_GetUIDw2:
 458              		@ args = 0, pretend = 0, frame = 0
 459              		@ frame_needed = 0, uses_anonymous_args = 0
 460              		@ link register save eliminated.
 461 0000 014B     		ldr	r3, .L62
 462 0002 1868     		ldr	r0, [r3]
 463              		@ sp needed
 464 0004 7047     		bx	lr
 465              	.L63:
 466 0006 C046     		.align	2
 467              	.L62:
 468 0008 B4F7FF1F 		.word	536868788
 470              		.section	.text.HAL_DBGMCU_EnableDBGStopMode,"ax",%progbits
 471              		.align	1
 472              		.global	HAL_DBGMCU_EnableDBGStopMode
 473              		.syntax unified
 474              		.code	16
 475              		.thumb_func
 477              	HAL_DBGMCU_EnableDBGStopMode:
 478              		@ args = 0, pretend = 0, frame = 0
 479              		@ frame_needed = 0, uses_anonymous_args = 0
 480              		@ link register save eliminated.
 481 0000 024A     		ldr	r2, .L65
 482 0002 5368     		ldr	r3, [r2, #4]
 483 0004 0221     		movs	r1, #2
 484 0006 0B43     		orrs	r3, r1
 485 0008 5360     		str	r3, [r2, #4]
 486              		@ sp needed
 487 000a 7047     		bx	lr
 488              	.L66:
 489              		.align	2
 490              	.L65:
 491 000c 00580140 		.word	1073829888
 493              		.section	.text.HAL_DBGMCU_DisableDBGStopMode,"ax",%progbits
 494              		.align	1
 495              		.global	HAL_DBGMCU_DisableDBGStopMode
 496              		.syntax unified
ARM GAS  C:\Users\fastr\AppData\Local\Temp\ccs2Irsa.s 			page 9


 497              		.code	16
 498              		.thumb_func
 500              	HAL_DBGMCU_DisableDBGStopMode:
 501              		@ args = 0, pretend = 0, frame = 0
 502              		@ frame_needed = 0, uses_anonymous_args = 0
 503              		@ link register save eliminated.
 504 0000 024A     		ldr	r2, .L68
 505 0002 5368     		ldr	r3, [r2, #4]
 506 0004 0221     		movs	r1, #2
 507 0006 8B43     		bics	r3, r1
 508 0008 5360     		str	r3, [r2, #4]
 509              		@ sp needed
 510 000a 7047     		bx	lr
 511              	.L69:
 512              		.align	2
 513              	.L68:
 514 000c 00580140 		.word	1073829888
 516              		.section	.text.HAL_DBGMCU_EnableDBGStandbyMode,"ax",%progbits
 517              		.align	1
 518              		.global	HAL_DBGMCU_EnableDBGStandbyMode
 519              		.syntax unified
 520              		.code	16
 521              		.thumb_func
 523              	HAL_DBGMCU_EnableDBGStandbyMode:
 524              		@ args = 0, pretend = 0, frame = 0
 525              		@ frame_needed = 0, uses_anonymous_args = 0
 526              		@ link register save eliminated.
 527 0000 024A     		ldr	r2, .L71
 528 0002 5368     		ldr	r3, [r2, #4]
 529 0004 0421     		movs	r1, #4
 530 0006 0B43     		orrs	r3, r1
 531 0008 5360     		str	r3, [r2, #4]
 532              		@ sp needed
 533 000a 7047     		bx	lr
 534              	.L72:
 535              		.align	2
 536              	.L71:
 537 000c 00580140 		.word	1073829888
 539              		.section	.text.HAL_DBGMCU_DisableDBGStandbyMode,"ax",%progbits
 540              		.align	1
 541              		.global	HAL_DBGMCU_DisableDBGStandbyMode
 542              		.syntax unified
 543              		.code	16
 544              		.thumb_func
 546              	HAL_DBGMCU_DisableDBGStandbyMode:
 547              		@ args = 0, pretend = 0, frame = 0
 548              		@ frame_needed = 0, uses_anonymous_args = 0
 549              		@ link register save eliminated.
 550 0000 024A     		ldr	r2, .L74
 551 0002 5368     		ldr	r3, [r2, #4]
 552 0004 0421     		movs	r1, #4
 553 0006 8B43     		bics	r3, r1
 554 0008 5360     		str	r3, [r2, #4]
 555              		@ sp needed
 556 000a 7047     		bx	lr
 557              	.L75:
 558              		.align	2
ARM GAS  C:\Users\fastr\AppData\Local\Temp\ccs2Irsa.s 			page 10


 559              	.L74:
 560 000c 00580140 		.word	1073829888
 562              		.global	uwTickFreq
 563              		.section	.data.uwTickFreq,"aw"
 566              	uwTickFreq:
 567 0000 01       		.byte	1
 568              		.global	uwTickPrio
 569              		.section	.data.uwTickPrio,"aw"
 570              		.align	2
 573              	uwTickPrio:
 574 0000 04000000 		.word	4
 575              		.global	uwTick
 576              		.section	.bss.uwTick,"aw",%nobits
 577              		.align	2
 580              	uwTick:
 581 0000 00000000 		.space	4
 582              		.global	__aeabi_uidiv
 583              		.ident	"GCC: (xPack GNU Arm Embedded GCC x86_64) 15.2.1 20251203"
ARM GAS  C:\Users\fastr\AppData\Local\Temp\ccs2Irsa.s 			page 11


DEFINED SYMBOLS
                            *ABS*:00000000 stm32f0xx_hal.c
C:\Users\fastr\AppData\Local\Temp\ccs2Irsa.s:16     .text.HAL_MspInit:00000000 $t
C:\Users\fastr\AppData\Local\Temp\ccs2Irsa.s:22     .text.HAL_MspInit:00000000 HAL_MspInit
C:\Users\fastr\AppData\Local\Temp\ccs2Irsa.s:30     .text.HAL_MspDeInit:00000000 $t
C:\Users\fastr\AppData\Local\Temp\ccs2Irsa.s:36     .text.HAL_MspDeInit:00000000 HAL_MspDeInit
C:\Users\fastr\AppData\Local\Temp\ccs2Irsa.s:44     .text.HAL_DeInit:00000000 $t
C:\Users\fastr\AppData\Local\Temp\ccs2Irsa.s:50     .text.HAL_DeInit:00000000 HAL_DeInit
C:\Users\fastr\AppData\Local\Temp\ccs2Irsa.s:71     .text.HAL_DeInit:00000020 $d
C:\Users\fastr\AppData\Local\Temp\ccs2Irsa.s:74     .text.HAL_InitTick:00000000 $t
C:\Users\fastr\AppData\Local\Temp\ccs2Irsa.s:80     .text.HAL_InitTick:00000000 HAL_InitTick
C:\Users\fastr\AppData\Local\Temp\ccs2Irsa.s:120    .text.HAL_InitTick:00000044 $d
C:\Users\fastr\AppData\Local\Temp\ccs2Irsa.s:566    .data.uwTickFreq:00000000 uwTickFreq
C:\Users\fastr\AppData\Local\Temp\ccs2Irsa.s:573    .data.uwTickPrio:00000000 uwTickPrio
C:\Users\fastr\AppData\Local\Temp\ccs2Irsa.s:125    .text.HAL_Init:00000000 $t
C:\Users\fastr\AppData\Local\Temp\ccs2Irsa.s:131    .text.HAL_Init:00000000 HAL_Init
C:\Users\fastr\AppData\Local\Temp\ccs2Irsa.s:149    .text.HAL_Init:0000001c $d
C:\Users\fastr\AppData\Local\Temp\ccs2Irsa.s:152    .text.HAL_IncTick:00000000 $t
C:\Users\fastr\AppData\Local\Temp\ccs2Irsa.s:158    .text.HAL_IncTick:00000000 HAL_IncTick
C:\Users\fastr\AppData\Local\Temp\ccs2Irsa.s:173    .text.HAL_IncTick:00000010 $d
C:\Users\fastr\AppData\Local\Temp\ccs2Irsa.s:580    .bss.uwTick:00000000 uwTick
C:\Users\fastr\AppData\Local\Temp\ccs2Irsa.s:177    .text.HAL_GetTick:00000000 $t
C:\Users\fastr\AppData\Local\Temp\ccs2Irsa.s:183    .text.HAL_GetTick:00000000 HAL_GetTick
C:\Users\fastr\AppData\Local\Temp\ccs2Irsa.s:194    .text.HAL_GetTick:00000008 $d
C:\Users\fastr\AppData\Local\Temp\ccs2Irsa.s:197    .text.HAL_GetTickPrio:00000000 $t
C:\Users\fastr\AppData\Local\Temp\ccs2Irsa.s:203    .text.HAL_GetTickPrio:00000000 HAL_GetTickPrio
C:\Users\fastr\AppData\Local\Temp\ccs2Irsa.s:214    .text.HAL_GetTickPrio:00000008 $d
C:\Users\fastr\AppData\Local\Temp\ccs2Irsa.s:217    .text.HAL_SetTickFreq:00000000 $t
C:\Users\fastr\AppData\Local\Temp\ccs2Irsa.s:223    .text.HAL_SetTickFreq:00000000 HAL_SetTickFreq
C:\Users\fastr\AppData\Local\Temp\ccs2Irsa.s:248    .text.HAL_SetTickFreq:00000024 $d
C:\Users\fastr\AppData\Local\Temp\ccs2Irsa.s:252    .text.HAL_GetTickFreq:00000000 $t
C:\Users\fastr\AppData\Local\Temp\ccs2Irsa.s:258    .text.HAL_GetTickFreq:00000000 HAL_GetTickFreq
C:\Users\fastr\AppData\Local\Temp\ccs2Irsa.s:269    .text.HAL_GetTickFreq:00000008 $d
C:\Users\fastr\AppData\Local\Temp\ccs2Irsa.s:272    .text.HAL_Delay:00000000 $t
C:\Users\fastr\AppData\Local\Temp\ccs2Irsa.s:278    .text.HAL_Delay:00000000 HAL_Delay
C:\Users\fastr\AppData\Local\Temp\ccs2Irsa.s:300    .text.HAL_Delay:00000020 $d
C:\Users\fastr\AppData\Local\Temp\ccs2Irsa.s:303    .text.HAL_SuspendTick:00000000 $t
C:\Users\fastr\AppData\Local\Temp\ccs2Irsa.s:309    .text.HAL_SuspendTick:00000000 HAL_SuspendTick
C:\Users\fastr\AppData\Local\Temp\ccs2Irsa.s:323    .text.HAL_SuspendTick:0000000c $d
C:\Users\fastr\AppData\Local\Temp\ccs2Irsa.s:326    .text.HAL_ResumeTick:00000000 $t
C:\Users\fastr\AppData\Local\Temp\ccs2Irsa.s:332    .text.HAL_ResumeTick:00000000 HAL_ResumeTick
C:\Users\fastr\AppData\Local\Temp\ccs2Irsa.s:346    .text.HAL_ResumeTick:0000000c $d
C:\Users\fastr\AppData\Local\Temp\ccs2Irsa.s:349    .text.HAL_GetHalVersion:00000000 $t
C:\Users\fastr\AppData\Local\Temp\ccs2Irsa.s:355    .text.HAL_GetHalVersion:00000000 HAL_GetHalVersion
C:\Users\fastr\AppData\Local\Temp\ccs2Irsa.s:365    .text.HAL_GetHalVersion:00000004 $d
C:\Users\fastr\AppData\Local\Temp\ccs2Irsa.s:368    .text.HAL_GetREVID:00000000 $t
C:\Users\fastr\AppData\Local\Temp\ccs2Irsa.s:374    .text.HAL_GetREVID:00000000 HAL_GetREVID
C:\Users\fastr\AppData\Local\Temp\ccs2Irsa.s:386    .text.HAL_GetREVID:00000008 $d
C:\Users\fastr\AppData\Local\Temp\ccs2Irsa.s:389    .text.HAL_GetDEVID:00000000 $t
C:\Users\fastr\AppData\Local\Temp\ccs2Irsa.s:395    .text.HAL_GetDEVID:00000000 HAL_GetDEVID
C:\Users\fastr\AppData\Local\Temp\ccs2Irsa.s:408    .text.HAL_GetDEVID:0000000c $d
C:\Users\fastr\AppData\Local\Temp\ccs2Irsa.s:411    .text.HAL_GetUIDw0:00000000 $t
C:\Users\fastr\AppData\Local\Temp\ccs2Irsa.s:417    .text.HAL_GetUIDw0:00000000 HAL_GetUIDw0
C:\Users\fastr\AppData\Local\Temp\ccs2Irsa.s:428    .text.HAL_GetUIDw0:00000008 $d
C:\Users\fastr\AppData\Local\Temp\ccs2Irsa.s:431    .text.HAL_GetUIDw1:00000000 $t
C:\Users\fastr\AppData\Local\Temp\ccs2Irsa.s:437    .text.HAL_GetUIDw1:00000000 HAL_GetUIDw1
C:\Users\fastr\AppData\Local\Temp\ccs2Irsa.s:448    .text.HAL_GetUIDw1:00000008 $d
ARM GAS  C:\Users\fastr\AppData\Local\Temp\ccs2Irsa.s 			page 12


C:\Users\fastr\AppData\Local\Temp\ccs2Irsa.s:451    .text.HAL_GetUIDw2:00000000 $t
C:\Users\fastr\AppData\Local\Temp\ccs2Irsa.s:457    .text.HAL_GetUIDw2:00000000 HAL_GetUIDw2
C:\Users\fastr\AppData\Local\Temp\ccs2Irsa.s:468    .text.HAL_GetUIDw2:00000008 $d
C:\Users\fastr\AppData\Local\Temp\ccs2Irsa.s:471    .text.HAL_DBGMCU_EnableDBGStopMode:00000000 $t
C:\Users\fastr\AppData\Local\Temp\ccs2Irsa.s:477    .text.HAL_DBGMCU_EnableDBGStopMode:00000000 HAL_DBGMCU_EnableDBGStopMode
C:\Users\fastr\AppData\Local\Temp\ccs2Irsa.s:491    .text.HAL_DBGMCU_EnableDBGStopMode:0000000c $d
C:\Users\fastr\AppData\Local\Temp\ccs2Irsa.s:494    .text.HAL_DBGMCU_DisableDBGStopMode:00000000 $t
C:\Users\fastr\AppData\Local\Temp\ccs2Irsa.s:500    .text.HAL_DBGMCU_DisableDBGStopMode:00000000 HAL_DBGMCU_DisableDBGStopMode
C:\Users\fastr\AppData\Local\Temp\ccs2Irsa.s:514    .text.HAL_DBGMCU_DisableDBGStopMode:0000000c $d
C:\Users\fastr\AppData\Local\Temp\ccs2Irsa.s:517    .text.HAL_DBGMCU_EnableDBGStandbyMode:00000000 $t
C:\Users\fastr\AppData\Local\Temp\ccs2Irsa.s:523    .text.HAL_DBGMCU_EnableDBGStandbyMode:00000000 HAL_DBGMCU_EnableDBGStandbyMode
C:\Users\fastr\AppData\Local\Temp\ccs2Irsa.s:537    .text.HAL_DBGMCU_EnableDBGStandbyMode:0000000c $d
C:\Users\fastr\AppData\Local\Temp\ccs2Irsa.s:540    .text.HAL_DBGMCU_DisableDBGStandbyMode:00000000 $t
C:\Users\fastr\AppData\Local\Temp\ccs2Irsa.s:546    .text.HAL_DBGMCU_DisableDBGStandbyMode:00000000 HAL_DBGMCU_DisableDBGStandbyMode
C:\Users\fastr\AppData\Local\Temp\ccs2Irsa.s:560    .text.HAL_DBGMCU_DisableDBGStandbyMode:0000000c $d
C:\Users\fastr\AppData\Local\Temp\ccs2Irsa.s:570    .data.uwTickPrio:00000000 $d
C:\Users\fastr\AppData\Local\Temp\ccs2Irsa.s:577    .bss.uwTick:00000000 $d

UNDEFINED SYMBOLS
__aeabi_uidiv
HAL_SYSTICK_Config
HAL_NVIC_SetPriority
SystemCoreClock
