ARM GAS  C:\Users\fastr\AppData\Local\Temp\ccKBx5pi.s 			page 1


   1              		.cpu cortex-m0
   2              		.arch armv6s-m
   3              		.fpu softvfp
   4              		.eabi_attribute 20, 1
   5              		.eabi_attribute 21, 1
   6              		.eabi_attribute 23, 3
   7              		.eabi_attribute 24, 1
   8              		.eabi_attribute 25, 1
   9              		.eabi_attribute 26, 1
  10              		.eabi_attribute 30, 1
  11              		.eabi_attribute 34, 0
  12              		.eabi_attribute 18, 4
  13              		.file	"stm32f0xx_hal_pwr_ex.c"
  14              		.text
  15              		.section	.text.HAL_PWR_ConfigPVD,"ax",%progbits
  16              		.align	1
  17              		.global	HAL_PWR_ConfigPVD
  18              		.syntax unified
  19              		.code	16
  20              		.thumb_func
  22              	HAL_PWR_ConfigPVD:
  23              		@ args = 0, pretend = 0, frame = 0
  24              		@ frame_needed = 0, uses_anonymous_args = 0
  25              		@ link register save eliminated.
  26 0000 1C4A     		ldr	r2, .L10
  27 0002 1368     		ldr	r3, [r2]
  28 0004 E021     		movs	r1, #224
  29 0006 8B43     		bics	r3, r1
  30 0008 0168     		ldr	r1, [r0]
  31 000a 0B43     		orrs	r3, r1
  32 000c 1360     		str	r3, [r2]
  33 000e 1A4B     		ldr	r3, .L10+4
  34 0010 5968     		ldr	r1, [r3, #4]
  35 0012 1A4A     		ldr	r2, .L10+8
  36 0014 1140     		ands	r1, r2
  37 0016 5960     		str	r1, [r3, #4]
  38 0018 1968     		ldr	r1, [r3]
  39 001a 1140     		ands	r1, r2
  40 001c 1960     		str	r1, [r3]
  41 001e 9968     		ldr	r1, [r3, #8]
  42 0020 1140     		ands	r1, r2
  43 0022 9960     		str	r1, [r3, #8]
  44 0024 D968     		ldr	r1, [r3, #12]
  45 0026 0A40     		ands	r2, r1
  46 0028 DA60     		str	r2, [r3, #12]
  47 002a 4368     		ldr	r3, [r0, #4]
  48 002c DB03     		lsls	r3, r3, #15
  49 002e 05D5     		bpl	.L2
  50 0030 114A     		ldr	r2, .L10+4
  51 0032 1168     		ldr	r1, [r2]
  52 0034 8023     		movs	r3, #128
  53 0036 5B02     		lsls	r3, r3, #9
  54 0038 0B43     		orrs	r3, r1
  55 003a 1360     		str	r3, [r2]
  56              	.L2:
  57 003c 4368     		ldr	r3, [r0, #4]
  58 003e 9B03     		lsls	r3, r3, #14
ARM GAS  C:\Users\fastr\AppData\Local\Temp\ccKBx5pi.s 			page 2


  59 0040 05D5     		bpl	.L3
  60 0042 0D4A     		ldr	r2, .L10+4
  61 0044 5168     		ldr	r1, [r2, #4]
  62 0046 8023     		movs	r3, #128
  63 0048 5B02     		lsls	r3, r3, #9
  64 004a 0B43     		orrs	r3, r1
  65 004c 5360     		str	r3, [r2, #4]
  66              	.L3:
  67 004e 4368     		ldr	r3, [r0, #4]
  68 0050 DB07     		lsls	r3, r3, #31
  69 0052 05D5     		bpl	.L4
  70 0054 084A     		ldr	r2, .L10+4
  71 0056 9168     		ldr	r1, [r2, #8]
  72 0058 8023     		movs	r3, #128
  73 005a 5B02     		lsls	r3, r3, #9
  74 005c 0B43     		orrs	r3, r1
  75 005e 9360     		str	r3, [r2, #8]
  76              	.L4:
  77 0060 4368     		ldr	r3, [r0, #4]
  78 0062 9B07     		lsls	r3, r3, #30
  79 0064 05D5     		bpl	.L1
  80 0066 044A     		ldr	r2, .L10+4
  81 0068 D168     		ldr	r1, [r2, #12]
  82 006a 8023     		movs	r3, #128
  83 006c 5B02     		lsls	r3, r3, #9
  84 006e 0B43     		orrs	r3, r1
  85 0070 D360     		str	r3, [r2, #12]
  86              	.L1:
  87              		@ sp needed
  88 0072 7047     		bx	lr
  89              	.L11:
  90              		.align	2
  91              	.L10:
  92 0074 00700040 		.word	1073770496
  93 0078 00040140 		.word	1073808384
  94 007c FFFFFEFF 		.word	-65537
  96              		.section	.text.HAL_PWR_EnablePVD,"ax",%progbits
  97              		.align	1
  98              		.global	HAL_PWR_EnablePVD
  99              		.syntax unified
 100              		.code	16
 101              		.thumb_func
 103              	HAL_PWR_EnablePVD:
 104              		@ args = 0, pretend = 0, frame = 0
 105              		@ frame_needed = 0, uses_anonymous_args = 0
 106              		@ link register save eliminated.
 107 0000 024A     		ldr	r2, .L13
 108 0002 1368     		ldr	r3, [r2]
 109 0004 1021     		movs	r1, #16
 110 0006 0B43     		orrs	r3, r1
 111 0008 1360     		str	r3, [r2]
 112              		@ sp needed
 113 000a 7047     		bx	lr
 114              	.L14:
 115              		.align	2
 116              	.L13:
 117 000c 00700040 		.word	1073770496
ARM GAS  C:\Users\fastr\AppData\Local\Temp\ccKBx5pi.s 			page 3


 119              		.section	.text.HAL_PWR_DisablePVD,"ax",%progbits
 120              		.align	1
 121              		.global	HAL_PWR_DisablePVD
 122              		.syntax unified
 123              		.code	16
 124              		.thumb_func
 126              	HAL_PWR_DisablePVD:
 127              		@ args = 0, pretend = 0, frame = 0
 128              		@ frame_needed = 0, uses_anonymous_args = 0
 129              		@ link register save eliminated.
 130 0000 024A     		ldr	r2, .L16
 131 0002 1368     		ldr	r3, [r2]
 132 0004 1021     		movs	r1, #16
 133 0006 8B43     		bics	r3, r1
 134 0008 1360     		str	r3, [r2]
 135              		@ sp needed
 136 000a 7047     		bx	lr
 137              	.L17:
 138              		.align	2
 139              	.L16:
 140 000c 00700040 		.word	1073770496
 142              		.section	.text.HAL_PWR_PVDCallback,"ax",%progbits
 143              		.align	1
 144              		.weak	HAL_PWR_PVDCallback
 145              		.syntax unified
 146              		.code	16
 147              		.thumb_func
 149              	HAL_PWR_PVDCallback:
 150              		@ args = 0, pretend = 0, frame = 0
 151              		@ frame_needed = 0, uses_anonymous_args = 0
 152              		@ link register save eliminated.
 153              		@ sp needed
 154 0000 7047     		bx	lr
 156              		.section	.text.HAL_PWR_PVD_IRQHandler,"ax",%progbits
 157              		.align	1
 158              		.global	HAL_PWR_PVD_IRQHandler
 159              		.syntax unified
 160              		.code	16
 161              		.thumb_func
 163              	HAL_PWR_PVD_IRQHandler:
 164              		@ args = 0, pretend = 0, frame = 0
 165              		@ frame_needed = 0, uses_anonymous_args = 0
 166 0000 10B5     		push	{r4, lr}
 167 0002 064B     		ldr	r3, .L23
 168 0004 5B69     		ldr	r3, [r3, #20]
 169 0006 DB03     		lsls	r3, r3, #15
 170 0008 00D4     		bmi	.L22
 171              	.L19:
 172              		@ sp needed
 173 000a 10BD     		pop	{r4, pc}
 174              	.L22:
 175 000c FFF7FEFF 		bl	HAL_PWR_PVDCallback
 176 0010 024B     		ldr	r3, .L23
 177 0012 8022     		movs	r2, #128
 178 0014 5202     		lsls	r2, r2, #9
 179 0016 5A61     		str	r2, [r3, #20]
 180 0018 F7E7     		b	.L19
ARM GAS  C:\Users\fastr\AppData\Local\Temp\ccKBx5pi.s 			page 4


 181              	.L24:
 182 001a C046     		.align	2
 183              	.L23:
 184 001c 00040140 		.word	1073808384
 186              		.ident	"GCC: (xPack GNU Arm Embedded GCC x86_64) 15.2.1 20251203"
ARM GAS  C:\Users\fastr\AppData\Local\Temp\ccKBx5pi.s 			page 5


DEFINED SYMBOLS
                            *ABS*:00000000 stm32f0xx_hal_pwr_ex.c
C:\Users\fastr\AppData\Local\Temp\ccKBx5pi.s:16     .text.HAL_PWR_ConfigPVD:00000000 $t
C:\Users\fastr\AppData\Local\Temp\ccKBx5pi.s:22     .text.HAL_PWR_ConfigPVD:00000000 HAL_PWR_ConfigPVD
C:\Users\fastr\AppData\Local\Temp\ccKBx5pi.s:92     .text.HAL_PWR_ConfigPVD:00000074 $d
C:\Users\fastr\AppData\Local\Temp\ccKBx5pi.s:97     .text.HAL_PWR_EnablePVD:00000000 $t
C:\Users\fastr\AppData\Local\Temp\ccKBx5pi.s:103    .text.HAL_PWR_EnablePVD:00000000 HAL_PWR_EnablePVD
C:\Users\fastr\AppData\Local\Temp\ccKBx5pi.s:117    .text.HAL_PWR_EnablePVD:0000000c $d
C:\Users\fastr\AppData\Local\Temp\ccKBx5pi.s:120    .text.HAL_PWR_DisablePVD:00000000 $t
C:\Users\fastr\AppData\Local\Temp\ccKBx5pi.s:126    .text.HAL_PWR_DisablePVD:00000000 HAL_PWR_DisablePVD
C:\Users\fastr\AppData\Local\Temp\ccKBx5pi.s:140    .text.HAL_PWR_DisablePVD:0000000c $d
C:\Users\fastr\AppData\Local\Temp\ccKBx5pi.s:143    .text.HAL_PWR_PVDCallback:00000000 $t
C:\Users\fastr\AppData\Local\Temp\ccKBx5pi.s:149    .text.HAL_PWR_PVDCallback:00000000 HAL_PWR_PVDCallback
C:\Users\fastr\AppData\Local\Temp\ccKBx5pi.s:157    .text.HAL_PWR_PVD_IRQHandler:00000000 $t
C:\Users\fastr\AppData\Local\Temp\ccKBx5pi.s:163    .text.HAL_PWR_PVD_IRQHandler:00000000 HAL_PWR_PVD_IRQHandler
C:\Users\fastr\AppData\Local\Temp\ccKBx5pi.s:184    .text.HAL_PWR_PVD_IRQHandler:0000001c $d

NO UNDEFINED SYMBOLS
