ARM GAS  C:\Users\fastr\AppData\Local\Temp\ccI5bzpA.s 			page 1


   1              		.cpu cortex-m0
   2              		.arch armv6s-m
   3              		.fpu softvfp
   4              		.eabi_attribute 20, 1
   5              		.eabi_attribute 21, 1
   6              		.eabi_attribute 23, 3
   7              		.eabi_attribute 24, 1
   8              		.eabi_attribute 25, 1
   9              		.eabi_attribute 26, 1
  10              		.eabi_attribute 30, 1
  11              		.eabi_attribute 34, 0
  12              		.eabi_attribute 18, 4
  13              		.file	"stm32f0xx_ll_utils.c"
  14              		.text
  15              		.section	.text.LL_RCC_PLL_ConfigDomain_SYS,"ax",%progbits
  16              		.align	1
  17              		.syntax unified
  18              		.code	16
  19              		.thumb_func
  21              	LL_RCC_PLL_ConfigDomain_SYS:
  22              		@ args = 0, pretend = 0, frame = 0
  23              		@ frame_needed = 0, uses_anonymous_args = 0
  24 0000 10B5     		push	{r4, lr}
  25 0002 8446     		mov	ip, r0
  26 0004 0800     		movs	r0, r1
  27 0006 0949     		ldr	r1, .L2
  28 0008 4B68     		ldr	r3, [r1, #4]
  29 000a 094A     		ldr	r2, .L2+4
  30 000c 1340     		ands	r3, r2
  31 000e 8022     		movs	r2, #128
  32 0010 5202     		lsls	r2, r2, #9
  33 0012 6446     		mov	r4, ip
  34 0014 2240     		ands	r2, r4
  35 0016 0243     		orrs	r2, r0
  36 0018 1343     		orrs	r3, r2
  37 001a 4B60     		str	r3, [r1, #4]
  38 001c C86A     		ldr	r0, [r1, #44]
  39 001e 0F23     		movs	r3, #15
  40 0020 9843     		bics	r0, r3
  41 0022 2340     		ands	r3, r4
  42 0024 1843     		orrs	r0, r3
  43 0026 C862     		str	r0, [r1, #44]
  44              		@ sp needed
  45 0028 10BD     		pop	{r4, pc}
  46              	.L3:
  47 002a C046     		.align	2
  48              	.L2:
  49 002c 00100240 		.word	1073876992
  50 0030 FFFFC2FF 		.word	-3997697
  52              		.section	.text.UTILS_GetPLLOutputFrequency,"ax",%progbits
  53              		.align	1
  54              		.syntax unified
  55              		.code	16
  56              		.thumb_func
  58              	UTILS_GetPLLOutputFrequency:
  59              		@ args = 0, pretend = 0, frame = 0
  60              		@ frame_needed = 0, uses_anonymous_args = 0
ARM GAS  C:\Users\fastr\AppData\Local\Temp\ccI5bzpA.s 			page 2


  61 0000 10B5     		push	{r4, lr}
  62 0002 0C00     		movs	r4, r1
  63 0004 4968     		ldr	r1, [r1, #4]
  64 0006 0131     		adds	r1, r1, #1
  65 0008 FFF7FEFF 		bl	__aeabi_uidiv
  66 000c 2268     		ldr	r2, [r4]
  67 000e 920C     		lsrs	r2, r2, #18
  68 0010 0F23     		movs	r3, #15
  69 0012 1340     		ands	r3, r2
  70 0014 0233     		adds	r3, r3, #2
  71 0016 5843     		muls	r0, r3
  72              		@ sp needed
  73 0018 10BD     		pop	{r4, pc}
  75              		.section	.text.UTILS_PLL_IsBusy,"ax",%progbits
  76              		.align	1
  77              		.syntax unified
  78              		.code	16
  79              		.thumb_func
  81              	UTILS_PLL_IsBusy:
  82              		@ args = 0, pretend = 0, frame = 0
  83              		@ frame_needed = 0, uses_anonymous_args = 0
  84              		@ link register save eliminated.
  85 0000 034B     		ldr	r3, .L8
  86 0002 1B68     		ldr	r3, [r3]
  87 0004 9B01     		lsls	r3, r3, #6
  88 0006 01D4     		bmi	.L7
  89 0008 0020     		movs	r0, #0
  90              	.L6:
  91              		@ sp needed
  92 000a 7047     		bx	lr
  93              	.L7:
  94 000c 0120     		movs	r0, #1
  95 000e FCE7     		b	.L6
  96              	.L9:
  97              		.align	2
  98              	.L8:
  99 0010 00100240 		.word	1073876992
 101              		.section	.text.LL_Init1msTick,"ax",%progbits
 102              		.align	1
 103              		.global	LL_Init1msTick
 104              		.syntax unified
 105              		.code	16
 106              		.thumb_func
 108              	LL_Init1msTick:
 109              		@ args = 0, pretend = 0, frame = 0
 110              		@ frame_needed = 0, uses_anonymous_args = 0
 111 0000 10B5     		push	{r4, lr}
 112 0002 FA21     		movs	r1, #250
 113 0004 8900     		lsls	r1, r1, #2
 114 0006 FFF7FEFF 		bl	__aeabi_uidiv
 115 000a 0138     		subs	r0, r0, #1
 116 000c 034B     		ldr	r3, .L11
 117 000e 5860     		str	r0, [r3, #4]
 118 0010 0022     		movs	r2, #0
 119 0012 9A60     		str	r2, [r3, #8]
 120 0014 0532     		adds	r2, r2, #5
 121 0016 1A60     		str	r2, [r3]
ARM GAS  C:\Users\fastr\AppData\Local\Temp\ccI5bzpA.s 			page 3


 122              		@ sp needed
 123 0018 10BD     		pop	{r4, pc}
 124              	.L12:
 125 001a C046     		.align	2
 126              	.L11:
 127 001c 10E000E0 		.word	-536813552
 129              		.section	.text.LL_mDelay,"ax",%progbits
 130              		.align	1
 131              		.global	LL_mDelay
 132              		.syntax unified
 133              		.code	16
 134              		.thumb_func
 136              	LL_mDelay:
 137              		@ args = 0, pretend = 0, frame = 8
 138              		@ frame_needed = 0, uses_anonymous_args = 0
 139              		@ link register save eliminated.
 140 0000 82B0     		sub	sp, sp, #8
 141 0002 084B     		ldr	r3, .L21
 142 0004 1B68     		ldr	r3, [r3]
 143 0006 0193     		str	r3, [sp, #4]
 144 0008 019B     		ldr	r3, [sp, #4]
 145 000a 431C     		adds	r3, r0, #1
 146 000c 00D0     		beq	.L15
 147 000e 0130     		adds	r0, r0, #1
 148              	.L15:
 149 0010 0028     		cmp	r0, #0
 150 0012 05D0     		beq	.L20
 151 0014 034B     		ldr	r3, .L21
 152 0016 1B68     		ldr	r3, [r3]
 153 0018 DB03     		lsls	r3, r3, #15
 154 001a F9D5     		bpl	.L15
 155 001c 0138     		subs	r0, r0, #1
 156 001e F7E7     		b	.L15
 157              	.L20:
 158 0020 02B0     		add	sp, sp, #8
 159              		@ sp needed
 160 0022 7047     		bx	lr
 161              	.L22:
 162              		.align	2
 163              	.L21:
 164 0024 10E000E0 		.word	-536813552
 166              		.section	.text.LL_SetSystemCoreClock,"ax",%progbits
 167              		.align	1
 168              		.global	LL_SetSystemCoreClock
 169              		.syntax unified
 170              		.code	16
 171              		.thumb_func
 173              	LL_SetSystemCoreClock:
 174              		@ args = 0, pretend = 0, frame = 0
 175              		@ frame_needed = 0, uses_anonymous_args = 0
 176              		@ link register save eliminated.
 177 0000 014B     		ldr	r3, .L24
 178 0002 1860     		str	r0, [r3]
 179              		@ sp needed
 180 0004 7047     		bx	lr
 181              	.L25:
 182 0006 C046     		.align	2
ARM GAS  C:\Users\fastr\AppData\Local\Temp\ccI5bzpA.s 			page 4


 183              	.L24:
 184 0008 00000000 		.word	SystemCoreClock
 186              		.section	.text.LL_SetFlashLatency,"ax",%progbits
 187              		.align	1
 188              		.global	LL_SetFlashLatency
 189              		.syntax unified
 190              		.code	16
 191              		.thumb_func
 193              	LL_SetFlashLatency:
 194              		@ args = 0, pretend = 0, frame = 0
 195              		@ frame_needed = 0, uses_anonymous_args = 0
 196              		@ link register save eliminated.
 197 0000 0028     		cmp	r0, #0
 198 0002 1BD0     		beq	.L31
 199 0004 0E4B     		ldr	r3, .L35
 200 0006 9842     		cmp	r0, r3
 201 0008 14D9     		bls	.L32
 202 000a 0121     		movs	r1, #1
 203              	.L28:
 204 000c 0D4A     		ldr	r2, .L35+4
 205 000e 1368     		ldr	r3, [r2]
 206 0010 0120     		movs	r0, #1
 207 0012 8343     		bics	r3, r0
 208 0014 0B43     		orrs	r3, r1
 209 0016 1360     		str	r3, [r2]
 210 0018 0222     		movs	r2, #2
 211              	.L30:
 212 001a 0A4B     		ldr	r3, .L35+4
 213 001c 1868     		ldr	r0, [r3]
 214 001e 0123     		movs	r3, #1
 215 0020 0340     		ands	r3, r0
 216 0022 013A     		subs	r2, r2, #1
 217 0024 9942     		cmp	r1, r3
 218 0026 01D0     		beq	.L29
 219 0028 002A     		cmp	r2, #0
 220 002a F6D1     		bne	.L30
 221              	.L29:
 222 002c 9942     		cmp	r1, r3
 223 002e 03D0     		beq	.L34
 224 0030 0120     		movs	r0, #1
 225 0032 04E0     		b	.L27
 226              	.L32:
 227 0034 0021     		movs	r1, #0
 228 0036 E9E7     		b	.L28
 229              	.L34:
 230 0038 0020     		movs	r0, #0
 231 003a 00E0     		b	.L27
 232              	.L31:
 233 003c 0120     		movs	r0, #1
 234              	.L27:
 235              		@ sp needed
 236 003e 7047     		bx	lr
 237              	.L36:
 238              		.align	2
 239              	.L35:
 240 0040 00366E01 		.word	24000000
 241 0044 00200240 		.word	1073881088
ARM GAS  C:\Users\fastr\AppData\Local\Temp\ccI5bzpA.s 			page 5


 243              		.section	.text.UTILS_EnablePLLAndSwitchSystem,"ax",%progbits
 244              		.align	1
 245              		.syntax unified
 246              		.code	16
 247              		.thumb_func
 249              	UTILS_EnablePLLAndSwitchSystem:
 250              		@ args = 0, pretend = 0, frame = 0
 251              		@ frame_needed = 0, uses_anonymous_args = 0
 252 0000 F8B5     		push	{r3, r4, r5, r6, r7, lr}
 253 0002 0400     		movs	r4, r0
 254 0004 0D00     		movs	r5, r1
 255 0006 264B     		ldr	r3, .L49
 256 0008 1E68     		ldr	r6, [r3]
 257 000a 264B     		ldr	r3, .L49+4
 258 000c 5A68     		ldr	r2, [r3, #4]
 259 000e 1209     		lsrs	r2, r2, #4
 260 0010 0F23     		movs	r3, #15
 261 0012 1340     		ands	r3, r2
 262 0014 244A     		ldr	r2, .L49+8
 263 0016 D35C     		ldrb	r3, [r2, r3]
 264 0018 9E40     		lsls	r6, r6, r3
 265 001a 8642     		cmp	r6, r0
 266 001c 2AD3     		bcc	.L46
 267 001e 0027     		movs	r7, #0
 268              	.L38:
 269 0020 204A     		ldr	r2, .L49+4
 270 0022 1168     		ldr	r1, [r2]
 271 0024 8023     		movs	r3, #128
 272 0026 5B04     		lsls	r3, r3, #17
 273 0028 0B43     		orrs	r3, r1
 274 002a 1360     		str	r3, [r2]
 275              	.L40:
 276 002c 1D4B     		ldr	r3, .L49+4
 277 002e 1B68     		ldr	r3, [r3]
 278 0030 9B01     		lsls	r3, r3, #6
 279 0032 FBD5     		bpl	.L40
 280 0034 2B68     		ldr	r3, [r5]
 281 0036 1B4A     		ldr	r2, .L49+4
 282 0038 5168     		ldr	r1, [r2, #4]
 283 003a F020     		movs	r0, #240
 284 003c 8143     		bics	r1, r0
 285 003e 0B43     		orrs	r3, r1
 286 0040 5360     		str	r3, [r2, #4]
 287 0042 5368     		ldr	r3, [r2, #4]
 288 0044 0321     		movs	r1, #3
 289 0046 8B43     		bics	r3, r1
 290 0048 0139     		subs	r1, r1, #1
 291 004a 0B43     		orrs	r3, r1
 292 004c 5360     		str	r3, [r2, #4]
 293              	.L41:
 294 004e 154B     		ldr	r3, .L49+4
 295 0050 5A68     		ldr	r2, [r3, #4]
 296 0052 0C23     		movs	r3, #12
 297 0054 1340     		ands	r3, r2
 298 0056 082B     		cmp	r3, #8
 299 0058 F9D1     		bne	.L41
 300 005a 6B68     		ldr	r3, [r5, #4]
ARM GAS  C:\Users\fastr\AppData\Local\Temp\ccI5bzpA.s 			page 6


 301 005c 1149     		ldr	r1, .L49+4
 302 005e 4A68     		ldr	r2, [r1, #4]
 303 0060 1248     		ldr	r0, .L49+12
 304 0062 0240     		ands	r2, r0
 305 0064 1343     		orrs	r3, r2
 306 0066 4B60     		str	r3, [r1, #4]
 307              	.L39:
 308 0068 A642     		cmp	r6, r4
 309 006a 08D8     		bhi	.L47
 310              	.L42:
 311 006c 002F     		cmp	r7, #0
 312 006e 0BD0     		beq	.L48
 313              	.L43:
 314 0070 3800     		movs	r0, r7
 315              		@ sp needed
 316 0072 F8BD     		pop	{r3, r4, r5, r6, r7, pc}
 317              	.L46:
 318 0074 FFF7FEFF 		bl	LL_SetFlashLatency
 319 0078 071E     		subs	r7, r0, #0
 320 007a F5D1     		bne	.L39
 321 007c D0E7     		b	.L38
 322              	.L47:
 323 007e 2000     		movs	r0, r4
 324 0080 FFF7FEFF 		bl	LL_SetFlashLatency
 325 0084 0700     		movs	r7, r0
 326 0086 F1E7     		b	.L42
 327              	.L48:
 328 0088 2A68     		ldr	r2, [r5]
 329 008a 1209     		lsrs	r2, r2, #4
 330 008c 0F23     		movs	r3, #15
 331 008e 1340     		ands	r3, r2
 332 0090 054A     		ldr	r2, .L49+8
 333 0092 D35C     		ldrb	r3, [r2, r3]
 334 0094 2000     		movs	r0, r4
 335 0096 D840     		lsrs	r0, r0, r3
 336 0098 FFF7FEFF 		bl	LL_SetSystemCoreClock
 337 009c E8E7     		b	.L43
 338              	.L50:
 339 009e C046     		.align	2
 340              	.L49:
 341 00a0 00000000 		.word	SystemCoreClock
 342 00a4 00100240 		.word	1073876992
 343 00a8 00000000 		.word	AHBPrescTable
 344 00ac FFF8FFFF 		.word	-1793
 346              		.section	.text.LL_PLL_ConfigSystemClock_HSI,"ax",%progbits
 347              		.align	1
 348              		.global	LL_PLL_ConfigSystemClock_HSI
 349              		.syntax unified
 350              		.code	16
 351              		.thumb_func
 353              	LL_PLL_ConfigSystemClock_HSI:
 354              		@ args = 0, pretend = 0, frame = 0
 355              		@ frame_needed = 0, uses_anonymous_args = 0
 356 0000 70B5     		push	{r4, r5, r6, lr}
 357 0002 0400     		movs	r4, r0
 358 0004 0D00     		movs	r5, r1
 359 0006 FFF7FEFF 		bl	UTILS_PLL_IsBusy
ARM GAS  C:\Users\fastr\AppData\Local\Temp\ccI5bzpA.s 			page 7


 360 000a 0028     		cmp	r0, #0
 361 000c 21D1     		bne	.L55
 362 000e 0123     		movs	r3, #1
 363 0010 6360     		str	r3, [r4, #4]
 364 0012 2100     		movs	r1, r4
 365 0014 1048     		ldr	r0, .L58
 366 0016 FFF7FEFF 		bl	UTILS_GetPLLOutputFrequency
 367 001a 104B     		ldr	r3, .L58+4
 368 001c 1B68     		ldr	r3, [r3]
 369 001e 9B07     		lsls	r3, r3, #30
 370 0020 08D4     		bmi	.L53
 371 0022 0E4A     		ldr	r2, .L58+4
 372 0024 1368     		ldr	r3, [r2]
 373 0026 0121     		movs	r1, #1
 374 0028 0B43     		orrs	r3, r1
 375 002a 1360     		str	r3, [r2]
 376              	.L54:
 377 002c 0B4B     		ldr	r3, .L58+4
 378 002e 1B68     		ldr	r3, [r3]
 379 0030 9B07     		lsls	r3, r3, #30
 380 0032 FBD5     		bpl	.L54
 381              	.L53:
 382 0034 2268     		ldr	r2, [r4]
 383 0036 094B     		ldr	r3, .L58+4
 384 0038 5968     		ldr	r1, [r3, #4]
 385 003a 094C     		ldr	r4, .L58+8
 386 003c 2140     		ands	r1, r4
 387 003e 0A43     		orrs	r2, r1
 388 0040 5A60     		str	r2, [r3, #4]
 389 0042 DA6A     		ldr	r2, [r3, #44]
 390 0044 0F21     		movs	r1, #15
 391 0046 8A43     		bics	r2, r1
 392 0048 DA62     		str	r2, [r3, #44]
 393 004a 2900     		movs	r1, r5
 394 004c FFF7FEFF 		bl	UTILS_EnablePLLAndSwitchSystem
 395              	.L52:
 396              		@ sp needed
 397 0050 70BD     		pop	{r4, r5, r6, pc}
 398              	.L55:
 399 0052 0120     		movs	r0, #1
 400 0054 FCE7     		b	.L52
 401              	.L59:
 402 0056 C046     		.align	2
 403              	.L58:
 404 0058 00127A00 		.word	8000000
 405 005c 00100240 		.word	1073876992
 406 0060 FFFFC2FF 		.word	-3997697
 408              		.section	.text.LL_PLL_ConfigSystemClock_HSE,"ax",%progbits
 409              		.align	1
 410              		.global	LL_PLL_ConfigSystemClock_HSE
 411              		.syntax unified
 412              		.code	16
 413              		.thumb_func
 415              	LL_PLL_ConfigSystemClock_HSE:
 416              		@ args = 0, pretend = 0, frame = 0
 417              		@ frame_needed = 0, uses_anonymous_args = 0
 418 0000 F8B5     		push	{r3, r4, r5, r6, r7, lr}
ARM GAS  C:\Users\fastr\AppData\Local\Temp\ccI5bzpA.s 			page 8


 419 0002 0500     		movs	r5, r0
 420 0004 0E00     		movs	r6, r1
 421 0006 1400     		movs	r4, r2
 422 0008 1F00     		movs	r7, r3
 423 000a FFF7FEFF 		bl	UTILS_PLL_IsBusy
 424 000e 0028     		cmp	r0, #0
 425 0010 2CD1     		bne	.L66
 426 0012 2100     		movs	r1, r4
 427 0014 2800     		movs	r0, r5
 428 0016 FFF7FEFF 		bl	UTILS_GetPLLOutputFrequency
 429 001a 0500     		movs	r5, r0
 430 001c 144B     		ldr	r3, .L70
 431 001e 1B68     		ldr	r3, [r3]
 432 0020 9B03     		lsls	r3, r3, #14
 433 0022 10D4     		bmi	.L62
 434 0024 012E     		cmp	r6, #1
 435 0026 1AD0     		beq	.L69
 436 0028 114A     		ldr	r2, .L70
 437 002a 1368     		ldr	r3, [r2]
 438 002c 1149     		ldr	r1, .L70+4
 439 002e 0B40     		ands	r3, r1
 440 0030 1360     		str	r3, [r2]
 441              	.L64:
 442 0032 0F4A     		ldr	r2, .L70
 443 0034 1168     		ldr	r1, [r2]
 444 0036 8023     		movs	r3, #128
 445 0038 5B02     		lsls	r3, r3, #9
 446 003a 0B43     		orrs	r3, r1
 447 003c 1360     		str	r3, [r2]
 448              	.L65:
 449 003e 0C49     		ldr	r1, .L70
 450 0040 0968     		ldr	r1, [r1]
 451 0042 8903     		lsls	r1, r1, #14
 452 0044 FBD5     		bpl	.L65
 453              	.L62:
 454 0046 6368     		ldr	r3, [r4, #4]
 455 0048 8020     		movs	r0, #128
 456 004a 4002     		lsls	r0, r0, #9
 457 004c 1843     		orrs	r0, r3
 458 004e 2168     		ldr	r1, [r4]
 459 0050 FFF7FEFF 		bl	LL_RCC_PLL_ConfigDomain_SYS
 460 0054 3900     		movs	r1, r7
 461 0056 2800     		movs	r0, r5
 462 0058 FFF7FEFF 		bl	UTILS_EnablePLLAndSwitchSystem
 463              	.L61:
 464              		@ sp needed
 465 005c F8BD     		pop	{r3, r4, r5, r6, r7, pc}
 466              	.L69:
 467 005e 044A     		ldr	r2, .L70
 468 0060 1168     		ldr	r1, [r2]
 469 0062 8023     		movs	r3, #128
 470 0064 DB02     		lsls	r3, r3, #11
 471 0066 0B43     		orrs	r3, r1
 472 0068 1360     		str	r3, [r2]
 473 006a E2E7     		b	.L64
 474              	.L66:
 475 006c 0120     		movs	r0, #1
ARM GAS  C:\Users\fastr\AppData\Local\Temp\ccI5bzpA.s 			page 9


 476 006e F5E7     		b	.L61
 477              	.L71:
 478              		.align	2
 479              	.L70:
 480 0070 00100240 		.word	1073876992
 481 0074 FFFFFBFF 		.word	-262145
 483              		.global	__aeabi_uidiv
 484              		.ident	"GCC: (xPack GNU Arm Embedded GCC x86_64) 15.2.1 20251203"
ARM GAS  C:\Users\fastr\AppData\Local\Temp\ccI5bzpA.s 			page 10


DEFINED SYMBOLS
                            *ABS*:00000000 stm32f0xx_ll_utils.c
C:\Users\fastr\AppData\Local\Temp\ccI5bzpA.s:16     .text.LL_RCC_PLL_ConfigDomain_SYS:00000000 $t
C:\Users\fastr\AppData\Local\Temp\ccI5bzpA.s:21     .text.LL_RCC_PLL_ConfigDomain_SYS:00000000 LL_RCC_PLL_ConfigDomain_SYS
C:\Users\fastr\AppData\Local\Temp\ccI5bzpA.s:49     .text.LL_RCC_PLL_ConfigDomain_SYS:0000002c $d
C:\Users\fastr\AppData\Local\Temp\ccI5bzpA.s:53     .text.UTILS_GetPLLOutputFrequency:00000000 $t
C:\Users\fastr\AppData\Local\Temp\ccI5bzpA.s:58     .text.UTILS_GetPLLOutputFrequency:00000000 UTILS_GetPLLOutputFrequency
C:\Users\fastr\AppData\Local\Temp\ccI5bzpA.s:76     .text.UTILS_PLL_IsBusy:00000000 $t
C:\Users\fastr\AppData\Local\Temp\ccI5bzpA.s:81     .text.UTILS_PLL_IsBusy:00000000 UTILS_PLL_IsBusy
C:\Users\fastr\AppData\Local\Temp\ccI5bzpA.s:99     .text.UTILS_PLL_IsBusy:00000010 $d
C:\Users\fastr\AppData\Local\Temp\ccI5bzpA.s:102    .text.LL_Init1msTick:00000000 $t
C:\Users\fastr\AppData\Local\Temp\ccI5bzpA.s:108    .text.LL_Init1msTick:00000000 LL_Init1msTick
C:\Users\fastr\AppData\Local\Temp\ccI5bzpA.s:127    .text.LL_Init1msTick:0000001c $d
C:\Users\fastr\AppData\Local\Temp\ccI5bzpA.s:130    .text.LL_mDelay:00000000 $t
C:\Users\fastr\AppData\Local\Temp\ccI5bzpA.s:136    .text.LL_mDelay:00000000 LL_mDelay
C:\Users\fastr\AppData\Local\Temp\ccI5bzpA.s:164    .text.LL_mDelay:00000024 $d
C:\Users\fastr\AppData\Local\Temp\ccI5bzpA.s:167    .text.LL_SetSystemCoreClock:00000000 $t
C:\Users\fastr\AppData\Local\Temp\ccI5bzpA.s:173    .text.LL_SetSystemCoreClock:00000000 LL_SetSystemCoreClock
C:\Users\fastr\AppData\Local\Temp\ccI5bzpA.s:184    .text.LL_SetSystemCoreClock:00000008 $d
C:\Users\fastr\AppData\Local\Temp\ccI5bzpA.s:187    .text.LL_SetFlashLatency:00000000 $t
C:\Users\fastr\AppData\Local\Temp\ccI5bzpA.s:193    .text.LL_SetFlashLatency:00000000 LL_SetFlashLatency
C:\Users\fastr\AppData\Local\Temp\ccI5bzpA.s:240    .text.LL_SetFlashLatency:00000040 $d
C:\Users\fastr\AppData\Local\Temp\ccI5bzpA.s:244    .text.UTILS_EnablePLLAndSwitchSystem:00000000 $t
C:\Users\fastr\AppData\Local\Temp\ccI5bzpA.s:249    .text.UTILS_EnablePLLAndSwitchSystem:00000000 UTILS_EnablePLLAndSwitchSystem
C:\Users\fastr\AppData\Local\Temp\ccI5bzpA.s:341    .text.UTILS_EnablePLLAndSwitchSystem:000000a0 $d
C:\Users\fastr\AppData\Local\Temp\ccI5bzpA.s:347    .text.LL_PLL_ConfigSystemClock_HSI:00000000 $t
C:\Users\fastr\AppData\Local\Temp\ccI5bzpA.s:353    .text.LL_PLL_ConfigSystemClock_HSI:00000000 LL_PLL_ConfigSystemClock_HSI
C:\Users\fastr\AppData\Local\Temp\ccI5bzpA.s:404    .text.LL_PLL_ConfigSystemClock_HSI:00000058 $d
C:\Users\fastr\AppData\Local\Temp\ccI5bzpA.s:409    .text.LL_PLL_ConfigSystemClock_HSE:00000000 $t
C:\Users\fastr\AppData\Local\Temp\ccI5bzpA.s:415    .text.LL_PLL_ConfigSystemClock_HSE:00000000 LL_PLL_ConfigSystemClock_HSE
C:\Users\fastr\AppData\Local\Temp\ccI5bzpA.s:480    .text.LL_PLL_ConfigSystemClock_HSE:00000070 $d

UNDEFINED SYMBOLS
__aeabi_uidiv
SystemCoreClock
AHBPrescTable
