ARM GAS  C:\Users\fastr\AppData\Local\Temp\ccqHMtZd.s 			page 1


   1              		.cpu cortex-m0
   2              		.arch armv6s-m
   3              		.fpu softvfp
   4              		.eabi_attribute 20, 1
   5              		.eabi_attribute 21, 1
   6              		.eabi_attribute 23, 3
   7              		.eabi_attribute 24, 1
   8              		.eabi_attribute 25, 1
   9              		.eabi_attribute 26, 1
  10              		.eabi_attribute 30, 1
  11              		.eabi_attribute 34, 0
  12              		.eabi_attribute 18, 4
  13              		.file	"stm32f0xx_hal_msp.c"
  14              		.text
  15              		.section	.text.HAL_MspInit,"ax",%progbits
  16              		.align	1
  17              		.global	HAL_MspInit
  18              		.syntax unified
  19              		.code	16
  20              		.thumb_func
  22              	HAL_MspInit:
  23              		@ args = 0, pretend = 0, frame = 8
  24              		@ frame_needed = 0, uses_anonymous_args = 0
  25              		@ link register save eliminated.
  26 0000 82B0     		sub	sp, sp, #8
  27 0002 0A4B     		ldr	r3, .L2
  28 0004 9969     		ldr	r1, [r3, #24]
  29 0006 0122     		movs	r2, #1
  30 0008 1143     		orrs	r1, r2
  31 000a 9961     		str	r1, [r3, #24]
  32 000c 9969     		ldr	r1, [r3, #24]
  33 000e 0A40     		ands	r2, r1
  34 0010 0092     		str	r2, [sp]
  35 0012 009A     		ldr	r2, [sp]
  36 0014 DA69     		ldr	r2, [r3, #28]
  37 0016 8021     		movs	r1, #128
  38 0018 4905     		lsls	r1, r1, #21
  39 001a 0A43     		orrs	r2, r1
  40 001c DA61     		str	r2, [r3, #28]
  41 001e DB69     		ldr	r3, [r3, #28]
  42 0020 0B40     		ands	r3, r1
  43 0022 0193     		str	r3, [sp, #4]
  44 0024 019B     		ldr	r3, [sp, #4]
  45 0026 02B0     		add	sp, sp, #8
  46              		@ sp needed
  47 0028 7047     		bx	lr
  48              	.L3:
  49 002a C046     		.align	2
  50              	.L2:
  51 002c 00100240 		.word	1073876992
  53              		.section	.text.HAL_TIM_Base_MspInit,"ax",%progbits
  54              		.align	1
  55              		.global	HAL_TIM_Base_MspInit
  56              		.syntax unified
  57              		.code	16
  58              		.thumb_func
  60              	HAL_TIM_Base_MspInit:
ARM GAS  C:\Users\fastr\AppData\Local\Temp\ccqHMtZd.s 			page 2


  61              		@ args = 0, pretend = 0, frame = 8
  62              		@ frame_needed = 0, uses_anonymous_args = 0
  63              		@ link register save eliminated.
  64 0000 82B0     		sub	sp, sp, #8
  65 0002 0268     		ldr	r2, [r0]
  66 0004 074B     		ldr	r3, .L7
  67 0006 9A42     		cmp	r2, r3
  68 0008 01D0     		beq	.L6
  69              	.L4:
  70 000a 02B0     		add	sp, sp, #8
  71              		@ sp needed
  72 000c 7047     		bx	lr
  73              	.L6:
  74 000e 064B     		ldr	r3, .L7+4
  75 0010 9A69     		ldr	r2, [r3, #24]
  76 0012 8021     		movs	r1, #128
  77 0014 8902     		lsls	r1, r1, #10
  78 0016 0A43     		orrs	r2, r1
  79 0018 9A61     		str	r2, [r3, #24]
  80 001a 9B69     		ldr	r3, [r3, #24]
  81 001c 0B40     		ands	r3, r1
  82 001e 0193     		str	r3, [sp, #4]
  83 0020 019B     		ldr	r3, [sp, #4]
  84 0022 F2E7     		b	.L4
  85              	.L8:
  86              		.align	2
  87              	.L7:
  88 0024 00440140 		.word	1073824768
  89 0028 00100240 		.word	1073876992
  91              		.section	.text.HAL_TIM_Base_MspDeInit,"ax",%progbits
  92              		.align	1
  93              		.global	HAL_TIM_Base_MspDeInit
  94              		.syntax unified
  95              		.code	16
  96              		.thumb_func
  98              	HAL_TIM_Base_MspDeInit:
  99              		@ args = 0, pretend = 0, frame = 0
 100              		@ frame_needed = 0, uses_anonymous_args = 0
 101              		@ link register save eliminated.
 102 0000 0268     		ldr	r2, [r0]
 103 0002 054B     		ldr	r3, .L12
 104 0004 9A42     		cmp	r2, r3
 105 0006 00D0     		beq	.L11
 106              	.L9:
 107              		@ sp needed
 108 0008 7047     		bx	lr
 109              	.L11:
 110 000a 044A     		ldr	r2, .L12+4
 111 000c 9369     		ldr	r3, [r2, #24]
 112 000e 0449     		ldr	r1, .L12+8
 113 0010 0B40     		ands	r3, r1
 114 0012 9361     		str	r3, [r2, #24]
 115 0014 F8E7     		b	.L9
 116              	.L13:
 117 0016 C046     		.align	2
 118              	.L12:
 119 0018 00440140 		.word	1073824768
ARM GAS  C:\Users\fastr\AppData\Local\Temp\ccqHMtZd.s 			page 3


 120 001c 00100240 		.word	1073876992
 121 0020 FFFFFDFF 		.word	-131073
 123              		.ident	"GCC: (xPack GNU Arm Embedded GCC x86_64) 15.2.1 20251203"
ARM GAS  C:\Users\fastr\AppData\Local\Temp\ccqHMtZd.s 			page 4


DEFINED SYMBOLS
                            *ABS*:00000000 stm32f0xx_hal_msp.c
C:\Users\fastr\AppData\Local\Temp\ccqHMtZd.s:16     .text.HAL_MspInit:00000000 $t
C:\Users\fastr\AppData\Local\Temp\ccqHMtZd.s:22     .text.HAL_MspInit:00000000 HAL_MspInit
C:\Users\fastr\AppData\Local\Temp\ccqHMtZd.s:51     .text.HAL_MspInit:0000002c $d
C:\Users\fastr\AppData\Local\Temp\ccqHMtZd.s:54     .text.HAL_TIM_Base_MspInit:00000000 $t
C:\Users\fastr\AppData\Local\Temp\ccqHMtZd.s:60     .text.HAL_TIM_Base_MspInit:00000000 HAL_TIM_Base_MspInit
C:\Users\fastr\AppData\Local\Temp\ccqHMtZd.s:88     .text.HAL_TIM_Base_MspInit:00000024 $d
C:\Users\fastr\AppData\Local\Temp\ccqHMtZd.s:92     .text.HAL_TIM_Base_MspDeInit:00000000 $t
C:\Users\fastr\AppData\Local\Temp\ccqHMtZd.s:98     .text.HAL_TIM_Base_MspDeInit:00000000 HAL_TIM_Base_MspDeInit
C:\Users\fastr\AppData\Local\Temp\ccqHMtZd.s:119    .text.HAL_TIM_Base_MspDeInit:00000018 $d

NO UNDEFINED SYMBOLS
