ARM GAS  C:\Users\fastr\AppData\Local\Temp\ccOXOvJ9.s 			page 1


   1              		.cpu cortex-m0
   2              		.arch armv6s-m
   3              		.fpu softvfp
   4              		.eabi_attribute 20, 1
   5              		.eabi_attribute 21, 1
   6              		.eabi_attribute 23, 3
   7              		.eabi_attribute 24, 1
   8              		.eabi_attribute 25, 1
   9              		.eabi_attribute 26, 1
  10              		.eabi_attribute 30, 1
  11              		.eabi_attribute 34, 0
  12              		.eabi_attribute 18, 4
  13              		.file	"stm32f0xx_hal_cortex.c"
  14              		.text
  15              		.section	.text.__NVIC_SetPriority,"ax",%progbits
  16              		.align	1
  17              		.syntax unified
  18              		.code	16
  19              		.thumb_func
  21              	__NVIC_SetPriority:
  22              		@ args = 0, pretend = 0, frame = 0
  23              		@ frame_needed = 0, uses_anonymous_args = 0
  24 0000 70B5     		push	{r4, r5, r6, lr}
  25 0002 0028     		cmp	r0, #0
  26 0004 13DB     		blt	.L2
  27 0006 8308     		lsrs	r3, r0, #2
  28 0008 C033     		adds	r3, r3, #192
  29 000a 9B00     		lsls	r3, r3, #2
  30 000c 144C     		ldr	r4, .L4
  31 000e 1A59     		ldr	r2, [r3, r4]
  32 0010 9446     		mov	ip, r2
  33 0012 0322     		movs	r2, #3
  34 0014 1040     		ands	r0, r2
  35 0016 C000     		lsls	r0, r0, #3
  36 0018 FC32     		adds	r2, r2, #252
  37 001a 1500     		movs	r5, r2
  38 001c 8540     		lsls	r5, r5, r0
  39 001e 6646     		mov	r6, ip
  40 0020 AE43     		bics	r6, r5
  41 0022 8901     		lsls	r1, r1, #6
  42 0024 0A40     		ands	r2, r1
  43 0026 8240     		lsls	r2, r2, r0
  44 0028 3243     		orrs	r2, r6
  45 002a 1A51     		str	r2, [r3, r4]
  46              	.L1:
  47              		@ sp needed
  48 002c 70BD     		pop	{r4, r5, r6, pc}
  49              	.L2:
  50 002e 0F23     		movs	r3, #15
  51 0030 0340     		ands	r3, r0
  52 0032 083B     		subs	r3, r3, #8
  53 0034 9B08     		lsrs	r3, r3, #2
  54 0036 0633     		adds	r3, r3, #6
  55 0038 9B00     		lsls	r3, r3, #2
  56 003a 0A4A     		ldr	r2, .L4+4
  57 003c 9446     		mov	ip, r2
  58 003e 6344     		add	r3, r3, ip
ARM GAS  C:\Users\fastr\AppData\Local\Temp\ccOXOvJ9.s 			page 2


  59 0040 5A68     		ldr	r2, [r3, #4]
  60 0042 9446     		mov	ip, r2
  61 0044 0322     		movs	r2, #3
  62 0046 1040     		ands	r0, r2
  63 0048 C000     		lsls	r0, r0, #3
  64 004a FC32     		adds	r2, r2, #252
  65 004c 1400     		movs	r4, r2
  66 004e 8440     		lsls	r4, r4, r0
  67 0050 6546     		mov	r5, ip
  68 0052 A543     		bics	r5, r4
  69 0054 8901     		lsls	r1, r1, #6
  70 0056 0A40     		ands	r2, r1
  71 0058 8240     		lsls	r2, r2, r0
  72 005a 2A43     		orrs	r2, r5
  73 005c 5A60     		str	r2, [r3, #4]
  74 005e E5E7     		b	.L1
  75              	.L5:
  76              		.align	2
  77              	.L4:
  78 0060 00E100E0 		.word	-536813312
  79 0064 00ED00E0 		.word	-536810240
  81              		.section	.text.__NVIC_GetPriority,"ax",%progbits
  82              		.align	1
  83              		.syntax unified
  84              		.code	16
  85              		.thumb_func
  87              	__NVIC_GetPriority:
  88              		@ args = 0, pretend = 0, frame = 0
  89              		@ frame_needed = 0, uses_anonymous_args = 0
  90              		@ link register save eliminated.
  91 0000 0028     		cmp	r0, #0
  92 0002 0CDB     		blt	.L7
  93 0004 8308     		lsrs	r3, r0, #2
  94 0006 C033     		adds	r3, r3, #192
  95 0008 9B00     		lsls	r3, r3, #2
  96 000a 0E4A     		ldr	r2, .L9
  97 000c 9B58     		ldr	r3, [r3, r2]
  98 000e 0322     		movs	r2, #3
  99 0010 0240     		ands	r2, r0
 100 0012 D200     		lsls	r2, r2, #3
 101 0014 D340     		lsrs	r3, r3, r2
 102 0016 9B09     		lsrs	r3, r3, #6
 103 0018 0320     		movs	r0, #3
 104 001a 1840     		ands	r0, r3
 105              	.L6:
 106              		@ sp needed
 107 001c 7047     		bx	lr
 108              	.L7:
 109 001e 0F23     		movs	r3, #15
 110 0020 0340     		ands	r3, r0
 111 0022 083B     		subs	r3, r3, #8
 112 0024 9B08     		lsrs	r3, r3, #2
 113 0026 0633     		adds	r3, r3, #6
 114 0028 9B00     		lsls	r3, r3, #2
 115 002a 074A     		ldr	r2, .L9+4
 116 002c 9446     		mov	ip, r2
 117 002e 6344     		add	r3, r3, ip
ARM GAS  C:\Users\fastr\AppData\Local\Temp\ccOXOvJ9.s 			page 3


 118 0030 5B68     		ldr	r3, [r3, #4]
 119 0032 0322     		movs	r2, #3
 120 0034 0240     		ands	r2, r0
 121 0036 D200     		lsls	r2, r2, #3
 122 0038 D340     		lsrs	r3, r3, r2
 123 003a 9B09     		lsrs	r3, r3, #6
 124 003c 0320     		movs	r0, #3
 125 003e 1840     		ands	r0, r3
 126 0040 ECE7     		b	.L6
 127              	.L10:
 128 0042 C046     		.align	2
 129              	.L9:
 130 0044 00E100E0 		.word	-536813312
 131 0048 00ED00E0 		.word	-536810240
 133              		.section	.text.__NVIC_SystemReset,"ax",%progbits
 134              		.align	1
 135              		.syntax unified
 136              		.code	16
 137              		.thumb_func
 139              	__NVIC_SystemReset:
 140              		@ Volatile: function does not return.
 141              		@ args = 0, pretend = 0, frame = 0
 142              		@ frame_needed = 0, uses_anonymous_args = 0
 143              		@ link register save eliminated.
 144              		.syntax divided
 145              	@ 879 "Drivers/CMSIS/Include/cmsis_gcc.h" 1
 146 0000 BFF34F8F 		dsb 0xF
 147              	@ 0 "" 2
 148              		.thumb
 149              		.syntax unified
 150 0004 034B     		ldr	r3, .L13
 151 0006 044A     		ldr	r2, .L13+4
 152 0008 DA60     		str	r2, [r3, #12]
 153              		.syntax divided
 154              	@ 879 "Drivers/CMSIS/Include/cmsis_gcc.h" 1
 155 000a BFF34F8F 		dsb 0xF
 156              	@ 0 "" 2
 157              		.thumb
 158              		.syntax unified
 159              	.L12:
 160              		.syntax divided
 161              	@ 866 "Drivers/CMSIS/Include/core_cm0.h" 1
 162 000e C046     		nop
 163              	@ 0 "" 2
 164              		.thumb
 165              		.syntax unified
 166 0010 FDE7     		b	.L12
 167              	.L14:
 168 0012 C046     		.align	2
 169              	.L13:
 170 0014 00ED00E0 		.word	-536810240
 171 0018 0400FA05 		.word	100270084
 173              		.section	.text.SysTick_Config,"ax",%progbits
 174              		.align	1
 175              		.syntax unified
 176              		.code	16
 177              		.thumb_func
ARM GAS  C:\Users\fastr\AppData\Local\Temp\ccOXOvJ9.s 			page 4


 179              	SysTick_Config:
 180              		@ args = 0, pretend = 0, frame = 0
 181              		@ frame_needed = 0, uses_anonymous_args = 0
 182              		@ link register save eliminated.
 183 0000 0138     		subs	r0, r0, #1
 184 0002 8023     		movs	r3, #128
 185 0004 5B04     		lsls	r3, r3, #17
 186 0006 9842     		cmp	r0, r3
 187 0008 0FD2     		bcs	.L17
 188 000a 094A     		ldr	r2, .L18
 189 000c 5060     		str	r0, [r2, #4]
 190 000e 0948     		ldr	r0, .L18+4
 191 0010 036A     		ldr	r3, [r0, #32]
 192 0012 1B02     		lsls	r3, r3, #8
 193 0014 1B0A     		lsrs	r3, r3, #8
 194 0016 C021     		movs	r1, #192
 195 0018 0906     		lsls	r1, r1, #24
 196 001a 0B43     		orrs	r3, r1
 197 001c 0362     		str	r3, [r0, #32]
 198 001e 0023     		movs	r3, #0
 199 0020 9360     		str	r3, [r2, #8]
 200 0022 0733     		adds	r3, r3, #7
 201 0024 1360     		str	r3, [r2]
 202 0026 0020     		movs	r0, #0
 203              	.L15:
 204              		@ sp needed
 205 0028 7047     		bx	lr
 206              	.L17:
 207 002a 0120     		movs	r0, #1
 208 002c FCE7     		b	.L15
 209              	.L19:
 210 002e C046     		.align	2
 211              	.L18:
 212 0030 10E000E0 		.word	-536813552
 213 0034 00ED00E0 		.word	-536810240
 215              		.section	.text.HAL_NVIC_SetPriority,"ax",%progbits
 216              		.align	1
 217              		.global	HAL_NVIC_SetPriority
 218              		.syntax unified
 219              		.code	16
 220              		.thumb_func
 222              	HAL_NVIC_SetPriority:
 223              		@ args = 0, pretend = 0, frame = 0
 224              		@ frame_needed = 0, uses_anonymous_args = 0
 225 0000 10B5     		push	{r4, lr}
 226 0002 FFF7FEFF 		bl	__NVIC_SetPriority
 227              		@ sp needed
 228 0006 10BD     		pop	{r4, pc}
 230              		.section	.text.HAL_NVIC_EnableIRQ,"ax",%progbits
 231              		.align	1
 232              		.global	HAL_NVIC_EnableIRQ
 233              		.syntax unified
 234              		.code	16
 235              		.thumb_func
 237              	HAL_NVIC_EnableIRQ:
 238              		@ args = 0, pretend = 0, frame = 0
 239              		@ frame_needed = 0, uses_anonymous_args = 0
ARM GAS  C:\Users\fastr\AppData\Local\Temp\ccOXOvJ9.s 			page 5


 240              		@ link register save eliminated.
 241 0000 0028     		cmp	r0, #0
 242 0002 05DB     		blt	.L21
 243 0004 1F22     		movs	r2, #31
 244 0006 0240     		ands	r2, r0
 245 0008 0123     		movs	r3, #1
 246 000a 9340     		lsls	r3, r3, r2
 247 000c 014A     		ldr	r2, .L23
 248 000e 1360     		str	r3, [r2]
 249              	.L21:
 250              		@ sp needed
 251 0010 7047     		bx	lr
 252              	.L24:
 253 0012 C046     		.align	2
 254              	.L23:
 255 0014 00E100E0 		.word	-536813312
 257              		.section	.text.HAL_NVIC_DisableIRQ,"ax",%progbits
 258              		.align	1
 259              		.global	HAL_NVIC_DisableIRQ
 260              		.syntax unified
 261              		.code	16
 262              		.thumb_func
 264              	HAL_NVIC_DisableIRQ:
 265              		@ args = 0, pretend = 0, frame = 0
 266              		@ frame_needed = 0, uses_anonymous_args = 0
 267              		@ link register save eliminated.
 268 0000 0028     		cmp	r0, #0
 269 0002 0ADB     		blt	.L25
 270 0004 1F22     		movs	r2, #31
 271 0006 0240     		ands	r2, r0
 272 0008 0123     		movs	r3, #1
 273 000a 9340     		lsls	r3, r3, r2
 274 000c 0349     		ldr	r1, .L27
 275 000e 8022     		movs	r2, #128
 276 0010 8B50     		str	r3, [r1, r2]
 277              		.syntax divided
 278              	@ 879 "Drivers/CMSIS/Include/cmsis_gcc.h" 1
 279 0012 BFF34F8F 		dsb 0xF
 280              	@ 0 "" 2
 281              	@ 868 "Drivers/CMSIS/Include/cmsis_gcc.h" 1
 282 0016 BFF36F8F 		isb 0xF
 283              	@ 0 "" 2
 284              		.thumb
 285              		.syntax unified
 286              	.L25:
 287              		@ sp needed
 288 001a 7047     		bx	lr
 289              	.L28:
 290              		.align	2
 291              	.L27:
 292 001c 00E100E0 		.word	-536813312
 294              		.section	.text.HAL_NVIC_SystemReset,"ax",%progbits
 295              		.align	1
 296              		.global	HAL_NVIC_SystemReset
 297              		.syntax unified
 298              		.code	16
 299              		.thumb_func
ARM GAS  C:\Users\fastr\AppData\Local\Temp\ccOXOvJ9.s 			page 6


 301              	HAL_NVIC_SystemReset:
 302              		@ Volatile: function does not return.
 303              		@ args = 0, pretend = 0, frame = 0
 304              		@ frame_needed = 0, uses_anonymous_args = 0
 305 0000 10B5     		push	{r4, lr}
 306 0002 FFF7FEFF 		bl	__NVIC_SystemReset
 308              		.section	.text.HAL_SYSTICK_Config,"ax",%progbits
 309              		.align	1
 310              		.global	HAL_SYSTICK_Config
 311              		.syntax unified
 312              		.code	16
 313              		.thumb_func
 315              	HAL_SYSTICK_Config:
 316              		@ args = 0, pretend = 0, frame = 0
 317              		@ frame_needed = 0, uses_anonymous_args = 0
 318 0000 10B5     		push	{r4, lr}
 319 0002 FFF7FEFF 		bl	SysTick_Config
 320              		@ sp needed
 321 0006 10BD     		pop	{r4, pc}
 323              		.section	.text.HAL_NVIC_GetPriority,"ax",%progbits
 324              		.align	1
 325              		.global	HAL_NVIC_GetPriority
 326              		.syntax unified
 327              		.code	16
 328              		.thumb_func
 330              	HAL_NVIC_GetPriority:
 331              		@ args = 0, pretend = 0, frame = 0
 332              		@ frame_needed = 0, uses_anonymous_args = 0
 333 0000 10B5     		push	{r4, lr}
 334 0002 FFF7FEFF 		bl	__NVIC_GetPriority
 335              		@ sp needed
 336 0006 10BD     		pop	{r4, pc}
 338              		.section	.text.HAL_NVIC_SetPendingIRQ,"ax",%progbits
 339              		.align	1
 340              		.global	HAL_NVIC_SetPendingIRQ
 341              		.syntax unified
 342              		.code	16
 343              		.thumb_func
 345              	HAL_NVIC_SetPendingIRQ:
 346              		@ args = 0, pretend = 0, frame = 0
 347              		@ frame_needed = 0, uses_anonymous_args = 0
 348              		@ link register save eliminated.
 349 0000 0028     		cmp	r0, #0
 350 0002 07DB     		blt	.L32
 351 0004 1F22     		movs	r2, #31
 352 0006 0240     		ands	r2, r0
 353 0008 0123     		movs	r3, #1
 354 000a 9340     		lsls	r3, r3, r2
 355 000c 0249     		ldr	r1, .L34
 356 000e 8022     		movs	r2, #128
 357 0010 5200     		lsls	r2, r2, #1
 358 0012 8B50     		str	r3, [r1, r2]
 359              	.L32:
 360              		@ sp needed
 361 0014 7047     		bx	lr
 362              	.L35:
 363 0016 C046     		.align	2
ARM GAS  C:\Users\fastr\AppData\Local\Temp\ccOXOvJ9.s 			page 7


 364              	.L34:
 365 0018 00E100E0 		.word	-536813312
 367              		.section	.text.HAL_NVIC_GetPendingIRQ,"ax",%progbits
 368              		.align	1
 369              		.global	HAL_NVIC_GetPendingIRQ
 370              		.syntax unified
 371              		.code	16
 372              		.thumb_func
 374              	HAL_NVIC_GetPendingIRQ:
 375              		@ args = 0, pretend = 0, frame = 0
 376              		@ frame_needed = 0, uses_anonymous_args = 0
 377              		@ link register save eliminated.
 378 0000 0028     		cmp	r0, #0
 379 0002 09DB     		blt	.L38
 380 0004 054A     		ldr	r2, .L39
 381 0006 8023     		movs	r3, #128
 382 0008 5B00     		lsls	r3, r3, #1
 383 000a D358     		ldr	r3, [r2, r3]
 384 000c 1F22     		movs	r2, #31
 385 000e 0240     		ands	r2, r0
 386 0010 D340     		lsrs	r3, r3, r2
 387 0012 0120     		movs	r0, #1
 388 0014 1840     		ands	r0, r3
 389              	.L36:
 390              		@ sp needed
 391 0016 7047     		bx	lr
 392              	.L38:
 393 0018 0020     		movs	r0, #0
 394 001a FCE7     		b	.L36
 395              	.L40:
 396              		.align	2
 397              	.L39:
 398 001c 00E100E0 		.word	-536813312
 400              		.section	.text.HAL_NVIC_ClearPendingIRQ,"ax",%progbits
 401              		.align	1
 402              		.global	HAL_NVIC_ClearPendingIRQ
 403              		.syntax unified
 404              		.code	16
 405              		.thumb_func
 407              	HAL_NVIC_ClearPendingIRQ:
 408              		@ args = 0, pretend = 0, frame = 0
 409              		@ frame_needed = 0, uses_anonymous_args = 0
 410              		@ link register save eliminated.
 411 0000 0028     		cmp	r0, #0
 412 0002 07DB     		blt	.L41
 413 0004 1F22     		movs	r2, #31
 414 0006 0240     		ands	r2, r0
 415 0008 0123     		movs	r3, #1
 416 000a 9340     		lsls	r3, r3, r2
 417 000c 0249     		ldr	r1, .L43
 418 000e C022     		movs	r2, #192
 419 0010 5200     		lsls	r2, r2, #1
 420 0012 8B50     		str	r3, [r1, r2]
 421              	.L41:
 422              		@ sp needed
 423 0014 7047     		bx	lr
 424              	.L44:
ARM GAS  C:\Users\fastr\AppData\Local\Temp\ccOXOvJ9.s 			page 8


 425 0016 C046     		.align	2
 426              	.L43:
 427 0018 00E100E0 		.word	-536813312
 429              		.section	.text.HAL_SYSTICK_CLKSourceConfig,"ax",%progbits
 430              		.align	1
 431              		.global	HAL_SYSTICK_CLKSourceConfig
 432              		.syntax unified
 433              		.code	16
 434              		.thumb_func
 436              	HAL_SYSTICK_CLKSourceConfig:
 437              		@ args = 0, pretend = 0, frame = 0
 438              		@ frame_needed = 0, uses_anonymous_args = 0
 439              		@ link register save eliminated.
 440 0000 0428     		cmp	r0, #4
 441 0002 05D0     		beq	.L48
 442 0004 054A     		ldr	r2, .L49
 443 0006 1368     		ldr	r3, [r2]
 444 0008 0421     		movs	r1, #4
 445 000a 8B43     		bics	r3, r1
 446 000c 1360     		str	r3, [r2]
 447              	.L45:
 448              		@ sp needed
 449 000e 7047     		bx	lr
 450              	.L48:
 451 0010 024A     		ldr	r2, .L49
 452 0012 1368     		ldr	r3, [r2]
 453 0014 0421     		movs	r1, #4
 454 0016 0B43     		orrs	r3, r1
 455 0018 1360     		str	r3, [r2]
 456 001a F8E7     		b	.L45
 457              	.L50:
 458              		.align	2
 459              	.L49:
 460 001c 10E000E0 		.word	-536813552
 462              		.section	.text.HAL_SYSTICK_Callback,"ax",%progbits
 463              		.align	1
 464              		.weak	HAL_SYSTICK_Callback
 465              		.syntax unified
 466              		.code	16
 467              		.thumb_func
 469              	HAL_SYSTICK_Callback:
 470              		@ args = 0, pretend = 0, frame = 0
 471              		@ frame_needed = 0, uses_anonymous_args = 0
 472              		@ link register save eliminated.
 473              		@ sp needed
 474 0000 7047     		bx	lr
 476              		.section	.text.HAL_SYSTICK_IRQHandler,"ax",%progbits
 477              		.align	1
 478              		.global	HAL_SYSTICK_IRQHandler
 479              		.syntax unified
 480              		.code	16
 481              		.thumb_func
 483              	HAL_SYSTICK_IRQHandler:
 484              		@ args = 0, pretend = 0, frame = 0
 485              		@ frame_needed = 0, uses_anonymous_args = 0
 486 0000 10B5     		push	{r4, lr}
 487 0002 FFF7FEFF 		bl	HAL_SYSTICK_Callback
ARM GAS  C:\Users\fastr\AppData\Local\Temp\ccOXOvJ9.s 			page 9


 488              		@ sp needed
 489 0006 10BD     		pop	{r4, pc}
 491              		.ident	"GCC: (xPack GNU Arm Embedded GCC x86_64) 15.2.1 20251203"
ARM GAS  C:\Users\fastr\AppData\Local\Temp\ccOXOvJ9.s 			page 10


DEFINED SYMBOLS
                            *ABS*:00000000 stm32f0xx_hal_cortex.c
C:\Users\fastr\AppData\Local\Temp\ccOXOvJ9.s:16     .text.__NVIC_SetPriority:00000000 $t
C:\Users\fastr\AppData\Local\Temp\ccOXOvJ9.s:21     .text.__NVIC_SetPriority:00000000 __NVIC_SetPriority
C:\Users\fastr\AppData\Local\Temp\ccOXOvJ9.s:78     .text.__NVIC_SetPriority:00000060 $d
C:\Users\fastr\AppData\Local\Temp\ccOXOvJ9.s:82     .text.__NVIC_GetPriority:00000000 $t
C:\Users\fastr\AppData\Local\Temp\ccOXOvJ9.s:87     .text.__NVIC_GetPriority:00000000 __NVIC_GetPriority
C:\Users\fastr\AppData\Local\Temp\ccOXOvJ9.s:130    .text.__NVIC_GetPriority:00000044 $d
C:\Users\fastr\AppData\Local\Temp\ccOXOvJ9.s:134    .text.__NVIC_SystemReset:00000000 $t
C:\Users\fastr\AppData\Local\Temp\ccOXOvJ9.s:139    .text.__NVIC_SystemReset:00000000 __NVIC_SystemReset
C:\Users\fastr\AppData\Local\Temp\ccOXOvJ9.s:170    .text.__NVIC_SystemReset:00000014 $d
C:\Users\fastr\AppData\Local\Temp\ccOXOvJ9.s:174    .text.SysTick_Config:00000000 $t
C:\Users\fastr\AppData\Local\Temp\ccOXOvJ9.s:179    .text.SysTick_Config:00000000 SysTick_Config
C:\Users\fastr\AppData\Local\Temp\ccOXOvJ9.s:212    .text.SysTick_Config:00000030 $d
C:\Users\fastr\AppData\Local\Temp\ccOXOvJ9.s:216    .text.HAL_NVIC_SetPriority:00000000 $t
C:\Users\fastr\AppData\Local\Temp\ccOXOvJ9.s:222    .text.HAL_NVIC_SetPriority:00000000 HAL_NVIC_SetPriority
C:\Users\fastr\AppData\Local\Temp\ccOXOvJ9.s:231    .text.HAL_NVIC_EnableIRQ:00000000 $t
C:\Users\fastr\AppData\Local\Temp\ccOXOvJ9.s:237    .text.HAL_NVIC_EnableIRQ:00000000 HAL_NVIC_EnableIRQ
C:\Users\fastr\AppData\Local\Temp\ccOXOvJ9.s:255    .text.HAL_NVIC_EnableIRQ:00000014 $d
C:\Users\fastr\AppData\Local\Temp\ccOXOvJ9.s:258    .text.HAL_NVIC_DisableIRQ:00000000 $t
C:\Users\fastr\AppData\Local\Temp\ccOXOvJ9.s:264    .text.HAL_NVIC_DisableIRQ:00000000 HAL_NVIC_DisableIRQ
C:\Users\fastr\AppData\Local\Temp\ccOXOvJ9.s:292    .text.HAL_NVIC_DisableIRQ:0000001c $d
C:\Users\fastr\AppData\Local\Temp\ccOXOvJ9.s:295    .text.HAL_NVIC_SystemReset:00000000 $t
C:\Users\fastr\AppData\Local\Temp\ccOXOvJ9.s:301    .text.HAL_NVIC_SystemReset:00000000 HAL_NVIC_SystemReset
C:\Users\fastr\AppData\Local\Temp\ccOXOvJ9.s:309    .text.HAL_SYSTICK_Config:00000000 $t
C:\Users\fastr\AppData\Local\Temp\ccOXOvJ9.s:315    .text.HAL_SYSTICK_Config:00000000 HAL_SYSTICK_Config
C:\Users\fastr\AppData\Local\Temp\ccOXOvJ9.s:324    .text.HAL_NVIC_GetPriority:00000000 $t
C:\Users\fastr\AppData\Local\Temp\ccOXOvJ9.s:330    .text.HAL_NVIC_GetPriority:00000000 HAL_NVIC_GetPriority
C:\Users\fastr\AppData\Local\Temp\ccOXOvJ9.s:339    .text.HAL_NVIC_SetPendingIRQ:00000000 $t
C:\Users\fastr\AppData\Local\Temp\ccOXOvJ9.s:345    .text.HAL_NVIC_SetPendingIRQ:00000000 HAL_NVIC_SetPendingIRQ
C:\Users\fastr\AppData\Local\Temp\ccOXOvJ9.s:365    .text.HAL_NVIC_SetPendingIRQ:00000018 $d
C:\Users\fastr\AppData\Local\Temp\ccOXOvJ9.s:368    .text.HAL_NVIC_GetPendingIRQ:00000000 $t
C:\Users\fastr\AppData\Local\Temp\ccOXOvJ9.s:374    .text.HAL_NVIC_GetPendingIRQ:00000000 HAL_NVIC_GetPendingIRQ
C:\Users\fastr\AppData\Local\Temp\ccOXOvJ9.s:398    .text.HAL_NVIC_GetPendingIRQ:0000001c $d
C:\Users\fastr\AppData\Local\Temp\ccOXOvJ9.s:401    .text.HAL_NVIC_ClearPendingIRQ:00000000 $t
C:\Users\fastr\AppData\Local\Temp\ccOXOvJ9.s:407    .text.HAL_NVIC_ClearPendingIRQ:00000000 HAL_NVIC_ClearPendingIRQ
C:\Users\fastr\AppData\Local\Temp\ccOXOvJ9.s:427    .text.HAL_NVIC_ClearPendingIRQ:00000018 $d
C:\Users\fastr\AppData\Local\Temp\ccOXOvJ9.s:430    .text.HAL_SYSTICK_CLKSourceConfig:00000000 $t
C:\Users\fastr\AppData\Local\Temp\ccOXOvJ9.s:436    .text.HAL_SYSTICK_CLKSourceConfig:00000000 HAL_SYSTICK_CLKSourceConfig
C:\Users\fastr\AppData\Local\Temp\ccOXOvJ9.s:460    .text.HAL_SYSTICK_CLKSourceConfig:0000001c $d
C:\Users\fastr\AppData\Local\Temp\ccOXOvJ9.s:463    .text.HAL_SYSTICK_Callback:00000000 $t
C:\Users\fastr\AppData\Local\Temp\ccOXOvJ9.s:469    .text.HAL_SYSTICK_Callback:00000000 HAL_SYSTICK_Callback
C:\Users\fastr\AppData\Local\Temp\ccOXOvJ9.s:477    .text.HAL_SYSTICK_IRQHandler:00000000 $t
C:\Users\fastr\AppData\Local\Temp\ccOXOvJ9.s:483    .text.HAL_SYSTICK_IRQHandler:00000000 HAL_SYSTICK_IRQHandler

NO UNDEFINED SYMBOLS
