ARM GAS  C:\Users\fastr\AppData\Local\Temp\ccwMHxNg.s 			page 1


   1              		.cpu cortex-m0
   2              		.arch armv6s-m
   3              		.fpu softvfp
   4              		.eabi_attribute 20, 1
   5              		.eabi_attribute 21, 1
   6              		.eabi_attribute 23, 3
   7              		.eabi_attribute 24, 1
   8              		.eabi_attribute 25, 1
   9              		.eabi_attribute 26, 1
  10              		.eabi_attribute 30, 1
  11              		.eabi_attribute 34, 0
  12              		.eabi_attribute 18, 4
  13              		.file	"stm32f0xx_hal_rcc.c"
  14              		.text
  15              		.section	.text.HAL_RCC_DeInit,"ax",%progbits
  16              		.align	1
  17              		.global	HAL_RCC_DeInit
  18              		.syntax unified
  19              		.code	16
  20              		.thumb_func
  22              	HAL_RCC_DeInit:
  23              		@ args = 0, pretend = 0, frame = 0
  24              		@ frame_needed = 0, uses_anonymous_args = 0
  25 0000 70B5     		push	{r4, r5, r6, lr}
  26 0002 FFF7FEFF 		bl	HAL_GetTick
  27 0006 0400     		movs	r4, r0
  28 0008 284A     		ldr	r2, .L17
  29 000a 1368     		ldr	r3, [r2]
  30 000c 8121     		movs	r1, #129
  31 000e 0B43     		orrs	r3, r1
  32 0010 1360     		str	r3, [r2]
  33              	.L2:
  34 0012 264B     		ldr	r3, .L17
  35 0014 1B68     		ldr	r3, [r3]
  36 0016 9B07     		lsls	r3, r3, #30
  37 0018 07D4     		bmi	.L13
  38 001a FFF7FEFF 		bl	HAL_GetTick
  39 001e 001B     		subs	r0, r0, r4
  40 0020 0228     		cmp	r0, #2
  41 0022 F6D9     		bls	.L2
  42 0024 0324     		movs	r4, #3
  43              	.L3:
  44 0026 2000     		movs	r0, r4
  45              		@ sp needed
  46 0028 70BD     		pop	{r4, r5, r6, pc}
  47              	.L13:
  48 002a 204A     		ldr	r2, .L17
  49 002c 5368     		ldr	r3, [r2, #4]
  50 002e 2049     		ldr	r1, .L17+4
  51 0030 0B40     		ands	r3, r1
  52 0032 5360     		str	r3, [r2, #4]
  53              	.L5:
  54 0034 1D4B     		ldr	r3, .L17
  55 0036 5B68     		ldr	r3, [r3, #4]
  56 0038 0C22     		movs	r2, #12
  57 003a 1A42     		tst	r2, r3
  58 003c 07D0     		beq	.L14
ARM GAS  C:\Users\fastr\AppData\Local\Temp\ccwMHxNg.s 			page 2


  59 003e FFF7FEFF 		bl	HAL_GetTick
  60 0042 001B     		subs	r0, r0, r4
  61 0044 1B4B     		ldr	r3, .L17+8
  62 0046 9842     		cmp	r0, r3
  63 0048 F4D9     		bls	.L5
  64 004a 0324     		movs	r4, #3
  65 004c EBE7     		b	.L3
  66              	.L14:
  67 004e 1A4B     		ldr	r3, .L17+12
  68 0050 1A4A     		ldr	r2, .L17+16
  69 0052 1A60     		str	r2, [r3]
  70 0054 1A4B     		ldr	r3, .L17+20
  71 0056 1868     		ldr	r0, [r3]
  72 0058 FFF7FEFF 		bl	HAL_InitTick
  73 005c 041E     		subs	r4, r0, #0
  74 005e 01D0     		beq	.L15
  75 0060 0124     		movs	r4, #1
  76 0062 E0E7     		b	.L3
  77              	.L15:
  78 0064 114B     		ldr	r3, .L17
  79 0066 1A68     		ldr	r2, [r3]
  80 0068 1649     		ldr	r1, .L17+24
  81 006a 0A40     		ands	r2, r1
  82 006c 1A60     		str	r2, [r3]
  83 006e 1A68     		ldr	r2, [r3]
  84 0070 1549     		ldr	r1, .L17+28
  85 0072 0A40     		ands	r2, r1
  86 0074 1A60     		str	r2, [r3]
  87 0076 FFF7FEFF 		bl	HAL_GetTick
  88 007a 0500     		movs	r5, r0
  89              	.L7:
  90 007c 0B4B     		ldr	r3, .L17
  91 007e 1B68     		ldr	r3, [r3]
  92 0080 9B01     		lsls	r3, r3, #6
  93 0082 06D5     		bpl	.L16
  94 0084 FFF7FEFF 		bl	HAL_GetTick
  95 0088 401B     		subs	r0, r0, r5
  96 008a 0228     		cmp	r0, #2
  97 008c F6D9     		bls	.L7
  98 008e 0324     		movs	r4, #3
  99 0090 C9E7     		b	.L3
 100              	.L16:
 101 0092 064B     		ldr	r3, .L17
 102 0094 0022     		movs	r2, #0
 103 0096 5A60     		str	r2, [r3, #4]
 104 0098 DA62     		str	r2, [r3, #44]
 105 009a 1A63     		str	r2, [r3, #48]
 106 009c 9A60     		str	r2, [r3, #8]
 107 009e 596A     		ldr	r1, [r3, #36]
 108 00a0 8022     		movs	r2, #128
 109 00a2 5204     		lsls	r2, r2, #17
 110 00a4 0A43     		orrs	r2, r1
 111 00a6 5A62     		str	r2, [r3, #36]
 112 00a8 BDE7     		b	.L3
 113              	.L18:
 114 00aa C046     		.align	2
 115              	.L17:
ARM GAS  C:\Users\fastr\AppData\Local\Temp\ccwMHxNg.s 			page 3


 116 00ac 00100240 		.word	1073876992
 117 00b0 0CF8FFF0 		.word	-251660276
 118 00b4 88130000 		.word	5000
 119 00b8 00000000 		.word	SystemCoreClock
 120 00bc 00127A00 		.word	8000000
 121 00c0 00000000 		.word	uwTickPrio
 122 00c4 FFFFF6FE 		.word	-17367041
 123 00c8 FFFFFBFF 		.word	-262145
 125              		.section	.text.HAL_RCC_OscConfig,"ax",%progbits
 126              		.align	1
 127              		.global	HAL_RCC_OscConfig
 128              		.syntax unified
 129              		.code	16
 130              		.thumb_func
 132              	HAL_RCC_OscConfig:
 133              		@ args = 0, pretend = 0, frame = 8
 134              		@ frame_needed = 0, uses_anonymous_args = 0
 135 0000 70B5     		push	{r4, r5, r6, lr}
 136 0002 82B0     		sub	sp, sp, #8
 137 0004 041E     		subs	r4, r0, #0
 138 0006 00D1     		bne	.LCB141
 139 0008 30E2     		b	.L78	@long jump
 140              	.LCB141:
 141 000a 0368     		ldr	r3, [r0]
 142 000c DB07     		lsls	r3, r3, #31
 143 000e 26D5     		bpl	.L21
 144 0010 AF4B     		ldr	r3, .L127
 145 0012 5A68     		ldr	r2, [r3, #4]
 146 0014 0C23     		movs	r3, #12
 147 0016 1340     		ands	r3, r2
 148 0018 042B     		cmp	r3, #4
 149 001a 18D0     		beq	.L22
 150 001c AC4B     		ldr	r3, .L127
 151 001e 5A68     		ldr	r2, [r3, #4]
 152 0020 0C23     		movs	r3, #12
 153 0022 1340     		ands	r3, r2
 154 0024 082B     		cmp	r3, #8
 155 0026 0ED0     		beq	.L111
 156              	.L23:
 157 0028 6368     		ldr	r3, [r4, #4]
 158 002a 012B     		cmp	r3, #1
 159 002c 3CD0     		beq	.L112
 160 002e 002B     		cmp	r3, #0
 161 0030 51D1     		bne	.L26
 162 0032 A74B     		ldr	r3, .L127
 163 0034 1A68     		ldr	r2, [r3]
 164 0036 A749     		ldr	r1, .L127+4
 165 0038 0A40     		ands	r2, r1
 166 003a 1A60     		str	r2, [r3]
 167 003c 1A68     		ldr	r2, [r3]
 168 003e A649     		ldr	r1, .L127+8
 169 0040 0A40     		ands	r2, r1
 170 0042 1A60     		str	r2, [r3]
 171 0044 36E0     		b	.L25
 172              	.L111:
 173 0046 A24B     		ldr	r3, .L127
 174 0048 5B68     		ldr	r3, [r3, #4]
ARM GAS  C:\Users\fastr\AppData\Local\Temp\ccwMHxNg.s 			page 4


 175 004a DB03     		lsls	r3, r3, #15
 176 004c ECD5     		bpl	.L23
 177              	.L22:
 178 004e A04B     		ldr	r3, .L127
 179 0050 1B68     		ldr	r3, [r3]
 180 0052 9B03     		lsls	r3, r3, #14
 181 0054 03D5     		bpl	.L21
 182 0056 6368     		ldr	r3, [r4, #4]
 183 0058 002B     		cmp	r3, #0
 184 005a 00D1     		bne	.LCB193
 185 005c 09E2     		b	.L113	@long jump
 186              	.LCB193:
 187              	.L21:
 188 005e 2368     		ldr	r3, [r4]
 189 0060 9B07     		lsls	r3, r3, #30
 190 0062 72D5     		bpl	.L33
 191 0064 9A4B     		ldr	r3, .L127
 192 0066 5B68     		ldr	r3, [r3, #4]
 193 0068 0C22     		movs	r2, #12
 194 006a 1A42     		tst	r2, r3
 195 006c 5DD0     		beq	.L34
 196 006e 984B     		ldr	r3, .L127
 197 0070 5A68     		ldr	r2, [r3, #4]
 198 0072 0C23     		movs	r3, #12
 199 0074 1340     		ands	r3, r2
 200 0076 082B     		cmp	r3, #8
 201 0078 53D0     		beq	.L114
 202              	.L35:
 203 007a E368     		ldr	r3, [r4, #12]
 204 007c 002B     		cmp	r3, #0
 205 007e 00D1     		bne	.LCB215
 206 0080 85E0     		b	.L37	@long jump
 207              	.LCB215:
 208 0082 934A     		ldr	r2, .L127
 209 0084 1368     		ldr	r3, [r2]
 210 0086 0121     		movs	r1, #1
 211 0088 0B43     		orrs	r3, r1
 212 008a 1360     		str	r3, [r2]
 213 008c FFF7FEFF 		bl	HAL_GetTick
 214 0090 0500     		movs	r5, r0
 215              	.L38:
 216 0092 8F4B     		ldr	r3, .L127
 217 0094 1B68     		ldr	r3, [r3]
 218 0096 9B07     		lsls	r3, r3, #30
 219 0098 70D4     		bmi	.L115
 220 009a FFF7FEFF 		bl	HAL_GetTick
 221 009e 401B     		subs	r0, r0, r5
 222 00a0 0228     		cmp	r0, #2
 223 00a2 F6D9     		bls	.L38
 224 00a4 0320     		movs	r0, #3
 225 00a6 E2E1     		b	.L20
 226              	.L112:
 227 00a8 894A     		ldr	r2, .L127
 228 00aa 1168     		ldr	r1, [r2]
 229 00ac 8023     		movs	r3, #128
 230 00ae 5B02     		lsls	r3, r3, #9
 231 00b0 0B43     		orrs	r3, r1
ARM GAS  C:\Users\fastr\AppData\Local\Temp\ccwMHxNg.s 			page 5


 232 00b2 1360     		str	r3, [r2]
 233              	.L25:
 234 00b4 6368     		ldr	r3, [r4, #4]
 235 00b6 002B     		cmp	r3, #0
 236 00b8 25D0     		beq	.L28
 237 00ba FFF7FEFF 		bl	HAL_GetTick
 238 00be 0500     		movs	r5, r0
 239              	.L29:
 240 00c0 834B     		ldr	r3, .L127
 241 00c2 1B68     		ldr	r3, [r3]
 242 00c4 9B03     		lsls	r3, r3, #14
 243 00c6 CAD4     		bmi	.L21
 244 00c8 FFF7FEFF 		bl	HAL_GetTick
 245 00cc 401B     		subs	r0, r0, r5
 246 00ce 6428     		cmp	r0, #100
 247 00d0 F6D9     		bls	.L29
 248 00d2 0320     		movs	r0, #3
 249 00d4 CBE1     		b	.L20
 250              	.L26:
 251 00d6 052B     		cmp	r3, #5
 252 00d8 09D0     		beq	.L116
 253 00da 7D4B     		ldr	r3, .L127
 254 00dc 1A68     		ldr	r2, [r3]
 255 00de 7D49     		ldr	r1, .L127+4
 256 00e0 0A40     		ands	r2, r1
 257 00e2 1A60     		str	r2, [r3]
 258 00e4 1A68     		ldr	r2, [r3]
 259 00e6 7C49     		ldr	r1, .L127+8
 260 00e8 0A40     		ands	r2, r1
 261 00ea 1A60     		str	r2, [r3]
 262 00ec E2E7     		b	.L25
 263              	.L116:
 264 00ee 784B     		ldr	r3, .L127
 265 00f0 1968     		ldr	r1, [r3]
 266 00f2 8022     		movs	r2, #128
 267 00f4 D202     		lsls	r2, r2, #11
 268 00f6 0A43     		orrs	r2, r1
 269 00f8 1A60     		str	r2, [r3]
 270 00fa 1968     		ldr	r1, [r3]
 271 00fc 8022     		movs	r2, #128
 272 00fe 5202     		lsls	r2, r2, #9
 273 0100 0A43     		orrs	r2, r1
 274 0102 1A60     		str	r2, [r3]
 275 0104 D6E7     		b	.L25
 276              	.L28:
 277 0106 FFF7FEFF 		bl	HAL_GetTick
 278 010a 0500     		movs	r5, r0
 279              	.L31:
 280 010c 704B     		ldr	r3, .L127
 281 010e 1B68     		ldr	r3, [r3]
 282 0110 9B03     		lsls	r3, r3, #14
 283 0112 A4D5     		bpl	.L21
 284 0114 FFF7FEFF 		bl	HAL_GetTick
 285 0118 401B     		subs	r0, r0, r5
 286 011a 6428     		cmp	r0, #100
 287 011c F6D9     		bls	.L31
 288 011e 0320     		movs	r0, #3
ARM GAS  C:\Users\fastr\AppData\Local\Temp\ccwMHxNg.s 			page 6


 289 0120 A5E1     		b	.L20
 290              	.L114:
 291 0122 6B4B     		ldr	r3, .L127
 292 0124 5B68     		ldr	r3, [r3, #4]
 293 0126 DB03     		lsls	r3, r3, #15
 294 0128 A7D4     		bmi	.L35
 295              	.L34:
 296 012a 694B     		ldr	r3, .L127
 297 012c 1B68     		ldr	r3, [r3]
 298 012e 9B07     		lsls	r3, r3, #30
 299 0130 03D5     		bpl	.L36
 300 0132 E368     		ldr	r3, [r4, #12]
 301 0134 012B     		cmp	r3, #1
 302 0136 00D0     		beq	.LCB337
 303 0138 9DE1     		b	.L82	@long jump
 304              	.LCB337:
 305              	.L36:
 306 013a 6549     		ldr	r1, .L127
 307 013c 0B68     		ldr	r3, [r1]
 308 013e F822     		movs	r2, #248
 309 0140 9343     		bics	r3, r2
 310 0142 2269     		ldr	r2, [r4, #16]
 311 0144 D200     		lsls	r2, r2, #3
 312 0146 1343     		orrs	r3, r2
 313 0148 0B60     		str	r3, [r1]
 314              	.L33:
 315 014a 2368     		ldr	r3, [r4]
 316 014c 1B07     		lsls	r3, r3, #28
 317 014e 44D5     		bpl	.L42
 318 0150 E369     		ldr	r3, [r4, #28]
 319 0152 002B     		cmp	r3, #0
 320 0154 2ED0     		beq	.L43
 321 0156 5E4A     		ldr	r2, .L127
 322 0158 536A     		ldr	r3, [r2, #36]
 323 015a 0121     		movs	r1, #1
 324 015c 0B43     		orrs	r3, r1
 325 015e 5362     		str	r3, [r2, #36]
 326 0160 FFF7FEFF 		bl	HAL_GetTick
 327 0164 0500     		movs	r5, r0
 328              	.L44:
 329 0166 5A4B     		ldr	r3, .L127
 330 0168 5B6A     		ldr	r3, [r3, #36]
 331 016a 9B07     		lsls	r3, r3, #30
 332 016c 35D4     		bmi	.L42
 333 016e FFF7FEFF 		bl	HAL_GetTick
 334 0172 401B     		subs	r0, r0, r5
 335 0174 0228     		cmp	r0, #2
 336 0176 F6D9     		bls	.L44
 337 0178 0320     		movs	r0, #3
 338 017a 78E1     		b	.L20
 339              	.L115:
 340 017c 5449     		ldr	r1, .L127
 341 017e 0B68     		ldr	r3, [r1]
 342 0180 F822     		movs	r2, #248
 343 0182 9343     		bics	r3, r2
 344 0184 2269     		ldr	r2, [r4, #16]
 345 0186 D200     		lsls	r2, r2, #3
ARM GAS  C:\Users\fastr\AppData\Local\Temp\ccwMHxNg.s 			page 7


 346 0188 1343     		orrs	r3, r2
 347 018a 0B60     		str	r3, [r1]
 348 018c DDE7     		b	.L33
 349              	.L37:
 350 018e 504A     		ldr	r2, .L127
 351 0190 1368     		ldr	r3, [r2]
 352 0192 0121     		movs	r1, #1
 353 0194 8B43     		bics	r3, r1
 354 0196 1360     		str	r3, [r2]
 355 0198 FFF7FEFF 		bl	HAL_GetTick
 356 019c 0500     		movs	r5, r0
 357              	.L40:
 358 019e 4C4B     		ldr	r3, .L127
 359 01a0 1B68     		ldr	r3, [r3]
 360 01a2 9B07     		lsls	r3, r3, #30
 361 01a4 D1D5     		bpl	.L33
 362 01a6 FFF7FEFF 		bl	HAL_GetTick
 363 01aa 401B     		subs	r0, r0, r5
 364 01ac 0228     		cmp	r0, #2
 365 01ae F6D9     		bls	.L40
 366 01b0 0320     		movs	r0, #3
 367 01b2 5CE1     		b	.L20
 368              	.L43:
 369 01b4 464A     		ldr	r2, .L127
 370 01b6 536A     		ldr	r3, [r2, #36]
 371 01b8 0121     		movs	r1, #1
 372 01ba 8B43     		bics	r3, r1
 373 01bc 5362     		str	r3, [r2, #36]
 374 01be FFF7FEFF 		bl	HAL_GetTick
 375 01c2 0500     		movs	r5, r0
 376              	.L46:
 377 01c4 424B     		ldr	r3, .L127
 378 01c6 5B6A     		ldr	r3, [r3, #36]
 379 01c8 9B07     		lsls	r3, r3, #30
 380 01ca 06D5     		bpl	.L42
 381 01cc FFF7FEFF 		bl	HAL_GetTick
 382 01d0 401B     		subs	r0, r0, r5
 383 01d2 0228     		cmp	r0, #2
 384 01d4 F6D9     		bls	.L46
 385 01d6 0320     		movs	r0, #3
 386 01d8 49E1     		b	.L20
 387              	.L42:
 388 01da 2368     		ldr	r3, [r4]
 389 01dc 5B07     		lsls	r3, r3, #29
 390 01de 00D4     		bmi	.LCB448
 391 01e0 82E0     		b	.L48	@long jump
 392              	.LCB448:
 393 01e2 3B4B     		ldr	r3, .L127
 394 01e4 DB69     		ldr	r3, [r3, #28]
 395 01e6 DB00     		lsls	r3, r3, #3
 396 01e8 1ED4     		bmi	.L87
 397 01ea 394B     		ldr	r3, .L127
 398 01ec DA69     		ldr	r2, [r3, #28]
 399 01ee 8021     		movs	r1, #128
 400 01f0 4905     		lsls	r1, r1, #21
 401 01f2 0A43     		orrs	r2, r1
 402 01f4 DA61     		str	r2, [r3, #28]
ARM GAS  C:\Users\fastr\AppData\Local\Temp\ccwMHxNg.s 			page 8


 403 01f6 DB69     		ldr	r3, [r3, #28]
 404 01f8 0B40     		ands	r3, r1
 405 01fa 0193     		str	r3, [sp, #4]
 406 01fc 019B     		ldr	r3, [sp, #4]
 407 01fe 0123     		movs	r3, #1
 408 0200 1E00     		movs	r6, r3
 409              	.L49:
 410 0202 364B     		ldr	r3, .L127+12
 411 0204 1B68     		ldr	r3, [r3]
 412 0206 DB05     		lsls	r3, r3, #23
 413 0208 11D5     		bpl	.L117
 414              	.L50:
 415 020a A368     		ldr	r3, [r4, #8]
 416 020c 012B     		cmp	r3, #1
 417 020e 22D0     		beq	.L118
 418 0210 002B     		cmp	r3, #0
 419 0212 37D1     		bne	.L55
 420 0214 2E4B     		ldr	r3, .L127
 421 0216 1A6A     		ldr	r2, [r3, #32]
 422 0218 0121     		movs	r1, #1
 423 021a 8A43     		bics	r2, r1
 424 021c 1A62     		str	r2, [r3, #32]
 425 021e 1A6A     		ldr	r2, [r3, #32]
 426 0220 0331     		adds	r1, r1, #3
 427 0222 8A43     		bics	r2, r1
 428 0224 1A62     		str	r2, [r3, #32]
 429 0226 1BE0     		b	.L54
 430              	.L87:
 431 0228 0023     		movs	r3, #0
 432 022a 1E00     		movs	r6, r3
 433 022c E9E7     		b	.L49
 434              	.L117:
 435 022e 2B4A     		ldr	r2, .L127+12
 436 0230 1168     		ldr	r1, [r2]
 437 0232 8023     		movs	r3, #128
 438 0234 5B00     		lsls	r3, r3, #1
 439 0236 0B43     		orrs	r3, r1
 440 0238 1360     		str	r3, [r2]
 441 023a FFF7FEFF 		bl	HAL_GetTick
 442 023e 0500     		movs	r5, r0
 443              	.L51:
 444 0240 264B     		ldr	r3, .L127+12
 445 0242 1B68     		ldr	r3, [r3]
 446 0244 DB05     		lsls	r3, r3, #23
 447 0246 E0D4     		bmi	.L50
 448 0248 FFF7FEFF 		bl	HAL_GetTick
 449 024c 401B     		subs	r0, r0, r5
 450 024e 6428     		cmp	r0, #100
 451 0250 F6D9     		bls	.L51
 452 0252 0320     		movs	r0, #3
 453 0254 0BE1     		b	.L20
 454              	.L118:
 455 0256 1E4A     		ldr	r2, .L127
 456 0258 136A     		ldr	r3, [r2, #32]
 457 025a 0121     		movs	r1, #1
 458 025c 0B43     		orrs	r3, r1
 459 025e 1362     		str	r3, [r2, #32]
ARM GAS  C:\Users\fastr\AppData\Local\Temp\ccwMHxNg.s 			page 9


 460              	.L54:
 461 0260 A368     		ldr	r3, [r4, #8]
 462 0262 002B     		cmp	r3, #0
 463 0264 24D0     		beq	.L57
 464 0266 FFF7FEFF 		bl	HAL_GetTick
 465 026a 0500     		movs	r5, r0
 466              	.L58:
 467 026c 184B     		ldr	r3, .L127
 468 026e 1B6A     		ldr	r3, [r3, #32]
 469 0270 9B07     		lsls	r3, r3, #30
 470 0272 37D4     		bmi	.L60
 471 0274 FFF7FEFF 		bl	HAL_GetTick
 472 0278 401B     		subs	r0, r0, r5
 473 027a 194B     		ldr	r3, .L127+16
 474 027c 9842     		cmp	r0, r3
 475 027e F5D9     		bls	.L58
 476 0280 0320     		movs	r0, #3
 477 0282 F4E0     		b	.L20
 478              	.L55:
 479 0284 052B     		cmp	r3, #5
 480 0286 09D0     		beq	.L119
 481 0288 114B     		ldr	r3, .L127
 482 028a 1A6A     		ldr	r2, [r3, #32]
 483 028c 0121     		movs	r1, #1
 484 028e 8A43     		bics	r2, r1
 485 0290 1A62     		str	r2, [r3, #32]
 486 0292 1A6A     		ldr	r2, [r3, #32]
 487 0294 0331     		adds	r1, r1, #3
 488 0296 8A43     		bics	r2, r1
 489 0298 1A62     		str	r2, [r3, #32]
 490 029a E1E7     		b	.L54
 491              	.L119:
 492 029c 0C4B     		ldr	r3, .L127
 493 029e 1A6A     		ldr	r2, [r3, #32]
 494 02a0 0421     		movs	r1, #4
 495 02a2 0A43     		orrs	r2, r1
 496 02a4 1A62     		str	r2, [r3, #32]
 497 02a6 1A6A     		ldr	r2, [r3, #32]
 498 02a8 0339     		subs	r1, r1, #3
 499 02aa 0A43     		orrs	r2, r1
 500 02ac 1A62     		str	r2, [r3, #32]
 501 02ae D7E7     		b	.L54
 502              	.L57:
 503 02b0 FFF7FEFF 		bl	HAL_GetTick
 504 02b4 0500     		movs	r5, r0
 505              	.L61:
 506 02b6 064B     		ldr	r3, .L127
 507 02b8 1B6A     		ldr	r3, [r3, #32]
 508 02ba 9B07     		lsls	r3, r3, #30
 509 02bc 12D5     		bpl	.L60
 510 02be FFF7FEFF 		bl	HAL_GetTick
 511 02c2 401B     		subs	r0, r0, r5
 512 02c4 064B     		ldr	r3, .L127+16
 513 02c6 9842     		cmp	r0, r3
 514 02c8 F5D9     		bls	.L61
 515 02ca 0320     		movs	r0, #3
 516 02cc CFE0     		b	.L20
ARM GAS  C:\Users\fastr\AppData\Local\Temp\ccwMHxNg.s 			page 10


 517              	.L128:
 518 02ce C046     		.align	2
 519              	.L127:
 520 02d0 00100240 		.word	1073876992
 521 02d4 FFFFFEFF 		.word	-65537
 522 02d8 FFFFFBFF 		.word	-262145
 523 02dc 00700040 		.word	1073770496
 524 02e0 88130000 		.word	5000
 525              	.L60:
 526 02e4 012E     		cmp	r6, #1
 527 02e6 33D0     		beq	.L120
 528              	.L48:
 529 02e8 2368     		ldr	r3, [r4]
 530 02ea DB06     		lsls	r3, r3, #27
 531 02ec 10D5     		bpl	.L63
 532 02ee 6369     		ldr	r3, [r4, #20]
 533 02f0 012B     		cmp	r3, #1
 534 02f2 33D0     		beq	.L121
 535 02f4 0533     		adds	r3, r3, #5
 536 02f6 51D1     		bne	.L67
 537 02f8 654A     		ldr	r2, .L129
 538 02fa 536B     		ldr	r3, [r2, #52]
 539 02fc 0421     		movs	r1, #4
 540 02fe 8B43     		bics	r3, r1
 541 0300 5363     		str	r3, [r2, #52]
 542 0302 536B     		ldr	r3, [r2, #52]
 543 0304 F431     		adds	r1, r1, #244
 544 0306 8B43     		bics	r3, r1
 545 0308 A169     		ldr	r1, [r4, #24]
 546 030a C900     		lsls	r1, r1, #3
 547 030c 0B43     		orrs	r3, r1
 548 030e 5363     		str	r3, [r2, #52]
 549              	.L63:
 550 0310 236A     		ldr	r3, [r4, #32]
 551 0312 002B     		cmp	r3, #0
 552 0314 00D1     		bne	.LCB645
 553 0316 B0E0     		b	.L93	@long jump
 554              	.LCB645:
 555 0318 5D4A     		ldr	r2, .L129
 556 031a 5168     		ldr	r1, [r2, #4]
 557 031c 0C22     		movs	r2, #12
 558 031e 0A40     		ands	r2, r1
 559 0320 082A     		cmp	r2, #8
 560 0322 00D1     		bne	.LCB651
 561 0324 8AE0     		b	.L70	@long jump
 562              	.LCB651:
 563 0326 022B     		cmp	r3, #2
 564 0328 4FD0     		beq	.L122
 565 032a 594A     		ldr	r2, .L129
 566 032c 1368     		ldr	r3, [r2]
 567 032e 5949     		ldr	r1, .L129+4
 568 0330 0B40     		ands	r3, r1
 569 0332 1360     		str	r3, [r2]
 570 0334 FFF7FEFF 		bl	HAL_GetTick
 571 0338 0400     		movs	r4, r0
 572              	.L76:
 573 033a 554B     		ldr	r3, .L129
ARM GAS  C:\Users\fastr\AppData\Local\Temp\ccwMHxNg.s 			page 11


 574 033c 1B68     		ldr	r3, [r3]
 575 033e 9B01     		lsls	r3, r3, #6
 576 0340 7AD5     		bpl	.L123
 577 0342 FFF7FEFF 		bl	HAL_GetTick
 578 0346 001B     		subs	r0, r0, r4
 579 0348 0228     		cmp	r0, #2
 580 034a F6D9     		bls	.L76
 581 034c 0320     		movs	r0, #3
 582 034e 8EE0     		b	.L20
 583              	.L120:
 584 0350 4F4A     		ldr	r2, .L129
 585 0352 D369     		ldr	r3, [r2, #28]
 586 0354 5049     		ldr	r1, .L129+8
 587 0356 0B40     		ands	r3, r1
 588 0358 D361     		str	r3, [r2, #28]
 589 035a C5E7     		b	.L48
 590              	.L121:
 591 035c 4C4B     		ldr	r3, .L129
 592 035e 5A6B     		ldr	r2, [r3, #52]
 593 0360 0421     		movs	r1, #4
 594 0362 0A43     		orrs	r2, r1
 595 0364 5A63     		str	r2, [r3, #52]
 596 0366 5A6B     		ldr	r2, [r3, #52]
 597 0368 0339     		subs	r1, r1, #3
 598 036a 0A43     		orrs	r2, r1
 599 036c 5A63     		str	r2, [r3, #52]
 600 036e FFF7FEFF 		bl	HAL_GetTick
 601 0372 0500     		movs	r5, r0
 602              	.L65:
 603 0374 464B     		ldr	r3, .L129
 604 0376 5B6B     		ldr	r3, [r3, #52]
 605 0378 9B07     		lsls	r3, r3, #30
 606 037a 06D4     		bmi	.L124
 607 037c FFF7FEFF 		bl	HAL_GetTick
 608 0380 401B     		subs	r0, r0, r5
 609 0382 0228     		cmp	r0, #2
 610 0384 F6D9     		bls	.L65
 611 0386 0320     		movs	r0, #3
 612 0388 71E0     		b	.L20
 613              	.L124:
 614 038a 4149     		ldr	r1, .L129
 615 038c 4B6B     		ldr	r3, [r1, #52]
 616 038e F822     		movs	r2, #248
 617 0390 9343     		bics	r3, r2
 618 0392 A269     		ldr	r2, [r4, #24]
 619 0394 D200     		lsls	r2, r2, #3
 620 0396 1343     		orrs	r3, r2
 621 0398 4B63     		str	r3, [r1, #52]
 622 039a B9E7     		b	.L63
 623              	.L67:
 624 039c 3C4B     		ldr	r3, .L129
 625 039e 5A6B     		ldr	r2, [r3, #52]
 626 03a0 0421     		movs	r1, #4
 627 03a2 0A43     		orrs	r2, r1
 628 03a4 5A63     		str	r2, [r3, #52]
 629 03a6 5A6B     		ldr	r2, [r3, #52]
 630 03a8 0339     		subs	r1, r1, #3
ARM GAS  C:\Users\fastr\AppData\Local\Temp\ccwMHxNg.s 			page 12


 631 03aa 8A43     		bics	r2, r1
 632 03ac 5A63     		str	r2, [r3, #52]
 633 03ae FFF7FEFF 		bl	HAL_GetTick
 634 03b2 0500     		movs	r5, r0
 635              	.L68:
 636 03b4 364B     		ldr	r3, .L129
 637 03b6 5B6B     		ldr	r3, [r3, #52]
 638 03b8 9B07     		lsls	r3, r3, #30
 639 03ba A9D5     		bpl	.L63
 640 03bc FFF7FEFF 		bl	HAL_GetTick
 641 03c0 401B     		subs	r0, r0, r5
 642 03c2 0228     		cmp	r0, #2
 643 03c4 F6D9     		bls	.L68
 644 03c6 0320     		movs	r0, #3
 645 03c8 51E0     		b	.L20
 646              	.L122:
 647 03ca 314A     		ldr	r2, .L129
 648 03cc 1368     		ldr	r3, [r2]
 649 03ce 3149     		ldr	r1, .L129+4
 650 03d0 0B40     		ands	r3, r1
 651 03d2 1360     		str	r3, [r2]
 652 03d4 FFF7FEFF 		bl	HAL_GetTick
 653 03d8 0500     		movs	r5, r0
 654              	.L72:
 655 03da 2D4B     		ldr	r3, .L129
 656 03dc 1B68     		ldr	r3, [r3]
 657 03de 9B01     		lsls	r3, r3, #6
 658 03e0 06D5     		bpl	.L125
 659 03e2 FFF7FEFF 		bl	HAL_GetTick
 660 03e6 401B     		subs	r0, r0, r5
 661 03e8 0228     		cmp	r0, #2
 662 03ea F6D9     		bls	.L72
 663 03ec 0320     		movs	r0, #3
 664 03ee 3EE0     		b	.L20
 665              	.L125:
 666 03f0 274B     		ldr	r3, .L129
 667 03f2 DA6A     		ldr	r2, [r3, #44]
 668 03f4 0F21     		movs	r1, #15
 669 03f6 8A43     		bics	r2, r1
 670 03f8 E16A     		ldr	r1, [r4, #44]
 671 03fa 0A43     		orrs	r2, r1
 672 03fc DA62     		str	r2, [r3, #44]
 673 03fe 5A68     		ldr	r2, [r3, #4]
 674 0400 2649     		ldr	r1, .L129+12
 675 0402 0A40     		ands	r2, r1
 676 0404 A16A     		ldr	r1, [r4, #40]
 677 0406 606A     		ldr	r0, [r4, #36]
 678 0408 0143     		orrs	r1, r0
 679 040a 0A43     		orrs	r2, r1
 680 040c 5A60     		str	r2, [r3, #4]
 681 040e 1968     		ldr	r1, [r3]
 682 0410 8022     		movs	r2, #128
 683 0412 5204     		lsls	r2, r2, #17
 684 0414 0A43     		orrs	r2, r1
 685 0416 1A60     		str	r2, [r3]
 686 0418 FFF7FEFF 		bl	HAL_GetTick
 687 041c 0400     		movs	r4, r0
ARM GAS  C:\Users\fastr\AppData\Local\Temp\ccwMHxNg.s 			page 13


 688              	.L74:
 689 041e 1C4B     		ldr	r3, .L129
 690 0420 1B68     		ldr	r3, [r3]
 691 0422 9B01     		lsls	r3, r3, #6
 692 0424 06D4     		bmi	.L126
 693 0426 FFF7FEFF 		bl	HAL_GetTick
 694 042a 001B     		subs	r0, r0, r4
 695 042c 0228     		cmp	r0, #2
 696 042e F6D9     		bls	.L74
 697 0430 0320     		movs	r0, #3
 698 0432 1CE0     		b	.L20
 699              	.L126:
 700 0434 0020     		movs	r0, #0
 701 0436 1AE0     		b	.L20
 702              	.L123:
 703 0438 0020     		movs	r0, #0
 704 043a 18E0     		b	.L20
 705              	.L70:
 706 043c 012B     		cmp	r3, #1
 707 043e 1ED0     		beq	.L97
 708 0440 134B     		ldr	r3, .L129
 709 0442 5A68     		ldr	r2, [r3, #4]
 710 0444 D86A     		ldr	r0, [r3, #44]
 711 0446 8023     		movs	r3, #128
 712 0448 5B02     		lsls	r3, r3, #9
 713 044a 1340     		ands	r3, r2
 714 044c 616A     		ldr	r1, [r4, #36]
 715 044e 8B42     		cmp	r3, r1
 716 0450 17D1     		bne	.L98
 717 0452 0F23     		movs	r3, #15
 718 0454 0340     		ands	r3, r0
 719 0456 E16A     		ldr	r1, [r4, #44]
 720 0458 8B42     		cmp	r3, r1
 721 045a 14D1     		bne	.L99
 722 045c F023     		movs	r3, #240
 723 045e 9B03     		lsls	r3, r3, #14
 724 0460 1A40     		ands	r2, r3
 725 0462 A36A     		ldr	r3, [r4, #40]
 726 0464 9A42     		cmp	r2, r3
 727 0466 10D1     		bne	.L100
 728 0468 0020     		movs	r0, #0
 729 046a 00E0     		b	.L20
 730              	.L78:
 731 046c 0120     		movs	r0, #1
 732              	.L20:
 733 046e 02B0     		add	sp, sp, #8
 734              		@ sp needed
 735 0470 70BD     		pop	{r4, r5, r6, pc}
 736              	.L113:
 737 0472 0120     		movs	r0, #1
 738 0474 FBE7     		b	.L20
 739              	.L82:
 740 0476 0120     		movs	r0, #1
 741 0478 F9E7     		b	.L20
 742              	.L93:
 743 047a 0020     		movs	r0, #0
 744 047c F7E7     		b	.L20
ARM GAS  C:\Users\fastr\AppData\Local\Temp\ccwMHxNg.s 			page 14


 745              	.L97:
 746 047e 0120     		movs	r0, #1
 747 0480 F5E7     		b	.L20
 748              	.L98:
 749 0482 0120     		movs	r0, #1
 750 0484 F3E7     		b	.L20
 751              	.L99:
 752 0486 0120     		movs	r0, #1
 753 0488 F1E7     		b	.L20
 754              	.L100:
 755 048a 0120     		movs	r0, #1
 756 048c EFE7     		b	.L20
 757              	.L130:
 758 048e C046     		.align	2
 759              	.L129:
 760 0490 00100240 		.word	1073876992
 761 0494 FFFFFFFE 		.word	-16777217
 762 0498 FFFFFFEF 		.word	-268435457
 763 049c FFFFC2FF 		.word	-3997697
 765              		.section	.text.HAL_RCC_MCOConfig,"ax",%progbits
 766              		.align	1
 767              		.global	HAL_RCC_MCOConfig
 768              		.syntax unified
 769              		.code	16
 770              		.thumb_func
 772              	HAL_RCC_MCOConfig:
 773              		@ args = 0, pretend = 0, frame = 24
 774              		@ frame_needed = 0, uses_anonymous_args = 0
 775 0000 30B5     		push	{r4, r5, lr}
 776 0002 87B0     		sub	sp, sp, #28
 777 0004 0D00     		movs	r5, r1
 778 0006 01A9     		add	r1, sp, #4
 779 0008 0223     		movs	r3, #2
 780 000a 4B60     		str	r3, [r1, #4]
 781 000c 0133     		adds	r3, r3, #1
 782 000e CB60     		str	r3, [r1, #12]
 783 0010 0023     		movs	r3, #0
 784 0012 8B60     		str	r3, [r1, #8]
 785 0014 8022     		movs	r2, #128
 786 0016 5200     		lsls	r2, r2, #1
 787 0018 0192     		str	r2, [sp, #4]
 788 001a 0B61     		str	r3, [r1, #16]
 789 001c 0A4C     		ldr	r4, .L132
 790 001e 6369     		ldr	r3, [r4, #20]
 791 0020 8022     		movs	r2, #128
 792 0022 9202     		lsls	r2, r2, #10
 793 0024 1343     		orrs	r3, r2
 794 0026 6361     		str	r3, [r4, #20]
 795 0028 6369     		ldr	r3, [r4, #20]
 796 002a 1340     		ands	r3, r2
 797 002c 0093     		str	r3, [sp]
 798 002e 009B     		ldr	r3, [sp]
 799 0030 9020     		movs	r0, #144
 800 0032 C005     		lsls	r0, r0, #23
 801 0034 FFF7FEFF 		bl	HAL_GPIO_Init
 802 0038 6168     		ldr	r1, [r4, #4]
 803 003a 044B     		ldr	r3, .L132+4
ARM GAS  C:\Users\fastr\AppData\Local\Temp\ccwMHxNg.s 			page 15


 804 003c 1940     		ands	r1, r3
 805 003e 2943     		orrs	r1, r5
 806 0040 6160     		str	r1, [r4, #4]
 807 0042 07B0     		add	sp, sp, #28
 808              		@ sp needed
 809 0044 30BD     		pop	{r4, r5, pc}
 810              	.L133:
 811 0046 C046     		.align	2
 812              	.L132:
 813 0048 00100240 		.word	1073876992
 814 004c FFFFFFF0 		.word	-251658241
 816              		.section	.text.HAL_RCC_EnableCSS,"ax",%progbits
 817              		.align	1
 818              		.global	HAL_RCC_EnableCSS
 819              		.syntax unified
 820              		.code	16
 821              		.thumb_func
 823              	HAL_RCC_EnableCSS:
 824              		@ args = 0, pretend = 0, frame = 0
 825              		@ frame_needed = 0, uses_anonymous_args = 0
 826              		@ link register save eliminated.
 827 0000 034A     		ldr	r2, .L135
 828 0002 1168     		ldr	r1, [r2]
 829 0004 8023     		movs	r3, #128
 830 0006 1B03     		lsls	r3, r3, #12
 831 0008 0B43     		orrs	r3, r1
 832 000a 1360     		str	r3, [r2]
 833              		@ sp needed
 834 000c 7047     		bx	lr
 835              	.L136:
 836 000e C046     		.align	2
 837              	.L135:
 838 0010 00100240 		.word	1073876992
 840              		.section	.text.HAL_RCC_DisableCSS,"ax",%progbits
 841              		.align	1
 842              		.global	HAL_RCC_DisableCSS
 843              		.syntax unified
 844              		.code	16
 845              		.thumb_func
 847              	HAL_RCC_DisableCSS:
 848              		@ args = 0, pretend = 0, frame = 0
 849              		@ frame_needed = 0, uses_anonymous_args = 0
 850              		@ link register save eliminated.
 851 0000 024A     		ldr	r2, .L138
 852 0002 1368     		ldr	r3, [r2]
 853 0004 0249     		ldr	r1, .L138+4
 854 0006 0B40     		ands	r3, r1
 855 0008 1360     		str	r3, [r2]
 856              		@ sp needed
 857 000a 7047     		bx	lr
 858              	.L139:
 859              		.align	2
 860              	.L138:
 861 000c 00100240 		.word	1073876992
 862 0010 FFFFF7FF 		.word	-524289
 864              		.section	.text.HAL_RCC_GetSysClockFreq,"ax",%progbits
 865              		.align	1
ARM GAS  C:\Users\fastr\AppData\Local\Temp\ccwMHxNg.s 			page 16


 866              		.global	HAL_RCC_GetSysClockFreq
 867              		.syntax unified
 868              		.code	16
 869              		.thumb_func
 871              	HAL_RCC_GetSysClockFreq:
 872              		@ args = 0, pretend = 0, frame = 0
 873              		@ frame_needed = 0, uses_anonymous_args = 0
 874 0000 10B5     		push	{r4, lr}
 875 0002 114B     		ldr	r3, .L145
 876 0004 5A68     		ldr	r2, [r3, #4]
 877 0006 0C23     		movs	r3, #12
 878 0008 1340     		ands	r3, r2
 879 000a 082B     		cmp	r3, #8
 880 000c 01D0     		beq	.L144
 881 000e 0F48     		ldr	r0, .L145+4
 882              	.L140:
 883              		@ sp needed
 884 0010 10BD     		pop	{r4, pc}
 885              	.L144:
 886 0012 910C     		lsrs	r1, r2, #18
 887 0014 0733     		adds	r3, r3, #7
 888 0016 1940     		ands	r1, r3
 889 0018 0D48     		ldr	r0, .L145+8
 890 001a 445C     		ldrb	r4, [r0, r1]
 891 001c 0A49     		ldr	r1, .L145
 892 001e C96A     		ldr	r1, [r1, #44]
 893 0020 0B40     		ands	r3, r1
 894 0022 0C49     		ldr	r1, .L145+12
 895 0024 C95C     		ldrb	r1, [r1, r3]
 896 0026 D203     		lsls	r2, r2, #15
 897 0028 05D5     		bpl	.L142
 898 002a 0848     		ldr	r0, .L145+4
 899 002c FFF7FEFF 		bl	__aeabi_uidiv
 900 0030 4443     		muls	r4, r0
 901 0032 2000     		movs	r0, r4
 902 0034 ECE7     		b	.L140
 903              	.L142:
 904 0036 6201     		lsls	r2, r4, #5
 905 0038 121B     		subs	r2, r2, r4
 906 003a 9301     		lsls	r3, r2, #6
 907 003c 9B1A     		subs	r3, r3, r2
 908 003e DB00     		lsls	r3, r3, #3
 909 0040 A446     		mov	ip, r4
 910 0042 6344     		add	r3, r3, ip
 911 0044 1802     		lsls	r0, r3, #8
 912 0046 E3E7     		b	.L140
 913              	.L146:
 914              		.align	2
 915              	.L145:
 916 0048 00100240 		.word	1073876992
 917 004c 00127A00 		.word	8000000
 918 0050 00000000 		.word	aPLLMULFactorTable.1
 919 0054 00000000 		.word	aPredivFactorTable.0
 921              		.section	.text.HAL_RCC_ClockConfig,"ax",%progbits
 922              		.align	1
 923              		.global	HAL_RCC_ClockConfig
 924              		.syntax unified
ARM GAS  C:\Users\fastr\AppData\Local\Temp\ccwMHxNg.s 			page 17


 925              		.code	16
 926              		.thumb_func
 928              	HAL_RCC_ClockConfig:
 929              		@ args = 0, pretend = 0, frame = 0
 930              		@ frame_needed = 0, uses_anonymous_args = 0
 931 0000 70B5     		push	{r4, r5, r6, lr}
 932 0002 0400     		movs	r4, r0
 933 0004 0D00     		movs	r5, r1
 934 0006 0028     		cmp	r0, #0
 935 0008 00D1     		bne	.LCB1089
 936 000a 7EE0     		b	.L160	@long jump
 937              	.LCB1089:
 938 000c 434B     		ldr	r3, .L175
 939 000e 1A68     		ldr	r2, [r3]
 940 0010 0123     		movs	r3, #1
 941 0012 1340     		ands	r3, r2
 942 0014 8B42     		cmp	r3, r1
 943 0016 0AD2     		bcs	.L149
 944 0018 4049     		ldr	r1, .L175
 945 001a 0B68     		ldr	r3, [r1]
 946 001c 0122     		movs	r2, #1
 947 001e 9343     		bics	r3, r2
 948 0020 2B43     		orrs	r3, r5
 949 0022 0B60     		str	r3, [r1]
 950 0024 0B68     		ldr	r3, [r1]
 951 0026 1A40     		ands	r2, r3
 952 0028 AA42     		cmp	r2, r5
 953 002a 00D0     		beq	.LCB1105
 954 002c 6FE0     		b	.L161	@long jump
 955              	.LCB1105:
 956              	.L149:
 957 002e 2368     		ldr	r3, [r4]
 958 0030 9A07     		lsls	r2, r3, #30
 959 0032 0ED5     		bpl	.L150
 960 0034 5B07     		lsls	r3, r3, #29
 961 0036 05D5     		bpl	.L151
 962 0038 394A     		ldr	r2, .L175+4
 963 003a 5168     		ldr	r1, [r2, #4]
 964 003c E023     		movs	r3, #224
 965 003e DB00     		lsls	r3, r3, #3
 966 0040 0B43     		orrs	r3, r1
 967 0042 5360     		str	r3, [r2, #4]
 968              	.L151:
 969 0044 364A     		ldr	r2, .L175+4
 970 0046 5368     		ldr	r3, [r2, #4]
 971 0048 F021     		movs	r1, #240
 972 004a 8B43     		bics	r3, r1
 973 004c A168     		ldr	r1, [r4, #8]
 974 004e 0B43     		orrs	r3, r1
 975 0050 5360     		str	r3, [r2, #4]
 976              	.L150:
 977 0052 2368     		ldr	r3, [r4]
 978 0054 DB07     		lsls	r3, r3, #31
 979 0056 2DD5     		bpl	.L152
 980 0058 6368     		ldr	r3, [r4, #4]
 981 005a 012B     		cmp	r3, #1
 982 005c 1ED0     		beq	.L173
ARM GAS  C:\Users\fastr\AppData\Local\Temp\ccwMHxNg.s 			page 18


 983 005e 022B     		cmp	r3, #2
 984 0060 22D0     		beq	.L174
 985 0062 2F4A     		ldr	r2, .L175+4
 986 0064 1268     		ldr	r2, [r2]
 987 0066 9207     		lsls	r2, r2, #30
 988 0068 53D5     		bpl	.L164
 989              	.L154:
 990 006a 2D49     		ldr	r1, .L175+4
 991 006c 4A68     		ldr	r2, [r1, #4]
 992 006e 0320     		movs	r0, #3
 993 0070 8243     		bics	r2, r0
 994 0072 1343     		orrs	r3, r2
 995 0074 4B60     		str	r3, [r1, #4]
 996 0076 FFF7FEFF 		bl	HAL_GetTick
 997 007a 0600     		movs	r6, r0
 998              	.L156:
 999 007c 284B     		ldr	r3, .L175+4
 1000 007e 5B68     		ldr	r3, [r3, #4]
 1001 0080 0C22     		movs	r2, #12
 1002 0082 1A40     		ands	r2, r3
 1003 0084 6368     		ldr	r3, [r4, #4]
 1004 0086 9B00     		lsls	r3, r3, #2
 1005 0088 9A42     		cmp	r2, r3
 1006 008a 13D0     		beq	.L152
 1007 008c FFF7FEFF 		bl	HAL_GetTick
 1008 0090 801B     		subs	r0, r0, r6
 1009 0092 244B     		ldr	r3, .L175+8
 1010 0094 9842     		cmp	r0, r3
 1011 0096 F1D9     		bls	.L156
 1012 0098 0320     		movs	r0, #3
 1013 009a 35E0     		b	.L148
 1014              	.L173:
 1015 009c 204A     		ldr	r2, .L175+4
 1016 009e 1268     		ldr	r2, [r2]
 1017 00a0 9203     		lsls	r2, r2, #14
 1018 00a2 E2D4     		bmi	.L154
 1019 00a4 0120     		movs	r0, #1
 1020 00a6 2FE0     		b	.L148
 1021              	.L174:
 1022 00a8 1D4A     		ldr	r2, .L175+4
 1023 00aa 1268     		ldr	r2, [r2]
 1024 00ac 9201     		lsls	r2, r2, #6
 1025 00ae DCD4     		bmi	.L154
 1026 00b0 0120     		movs	r0, #1
 1027 00b2 29E0     		b	.L148
 1028              	.L152:
 1029 00b4 194B     		ldr	r3, .L175
 1030 00b6 1A68     		ldr	r2, [r3]
 1031 00b8 0123     		movs	r3, #1
 1032 00ba 1340     		ands	r3, r2
 1033 00bc AB42     		cmp	r3, r5
 1034 00be 09D9     		bls	.L158
 1035 00c0 1649     		ldr	r1, .L175
 1036 00c2 0B68     		ldr	r3, [r1]
 1037 00c4 0122     		movs	r2, #1
 1038 00c6 9343     		bics	r3, r2
 1039 00c8 2B43     		orrs	r3, r5
ARM GAS  C:\Users\fastr\AppData\Local\Temp\ccwMHxNg.s 			page 19


 1040 00ca 0B60     		str	r3, [r1]
 1041 00cc 0B68     		ldr	r3, [r1]
 1042 00ce 1A40     		ands	r2, r3
 1043 00d0 AA42     		cmp	r2, r5
 1044 00d2 20D1     		bne	.L166
 1045              	.L158:
 1046 00d4 2368     		ldr	r3, [r4]
 1047 00d6 5B07     		lsls	r3, r3, #29
 1048 00d8 06D5     		bpl	.L159
 1049 00da 114A     		ldr	r2, .L175+4
 1050 00dc 5368     		ldr	r3, [r2, #4]
 1051 00de 1249     		ldr	r1, .L175+12
 1052 00e0 0B40     		ands	r3, r1
 1053 00e2 E168     		ldr	r1, [r4, #12]
 1054 00e4 0B43     		orrs	r3, r1
 1055 00e6 5360     		str	r3, [r2, #4]
 1056              	.L159:
 1057 00e8 FFF7FEFF 		bl	HAL_RCC_GetSysClockFreq
 1058 00ec 0C4B     		ldr	r3, .L175+4
 1059 00ee 5A68     		ldr	r2, [r3, #4]
 1060 00f0 1209     		lsrs	r2, r2, #4
 1061 00f2 0F23     		movs	r3, #15
 1062 00f4 1340     		ands	r3, r2
 1063 00f6 0D4A     		ldr	r2, .L175+16
 1064 00f8 D35C     		ldrb	r3, [r2, r3]
 1065 00fa D840     		lsrs	r0, r0, r3
 1066 00fc 0C4B     		ldr	r3, .L175+20
 1067 00fe 1860     		str	r0, [r3]
 1068 0100 0320     		movs	r0, #3
 1069 0102 FFF7FEFF 		bl	HAL_InitTick
 1070 0106 0020     		movs	r0, #0
 1071              	.L148:
 1072              		@ sp needed
 1073 0108 70BD     		pop	{r4, r5, r6, pc}
 1074              	.L160:
 1075 010a 0120     		movs	r0, #1
 1076 010c FCE7     		b	.L148
 1077              	.L161:
 1078 010e 0120     		movs	r0, #1
 1079 0110 FAE7     		b	.L148
 1080              	.L164:
 1081 0112 0120     		movs	r0, #1
 1082 0114 F8E7     		b	.L148
 1083              	.L166:
 1084 0116 0120     		movs	r0, #1
 1085 0118 F6E7     		b	.L148
 1086              	.L176:
 1087 011a C046     		.align	2
 1088              	.L175:
 1089 011c 00200240 		.word	1073881088
 1090 0120 00100240 		.word	1073876992
 1091 0124 88130000 		.word	5000
 1092 0128 FFF8FFFF 		.word	-1793
 1093 012c 00000000 		.word	AHBPrescTable
 1094 0130 00000000 		.word	SystemCoreClock
 1096              		.section	.text.HAL_RCC_GetHCLKFreq,"ax",%progbits
 1097              		.align	1
ARM GAS  C:\Users\fastr\AppData\Local\Temp\ccwMHxNg.s 			page 20


 1098              		.global	HAL_RCC_GetHCLKFreq
 1099              		.syntax unified
 1100              		.code	16
 1101              		.thumb_func
 1103              	HAL_RCC_GetHCLKFreq:
 1104              		@ args = 0, pretend = 0, frame = 0
 1105              		@ frame_needed = 0, uses_anonymous_args = 0
 1106              		@ link register save eliminated.
 1107 0000 014B     		ldr	r3, .L178
 1108 0002 1868     		ldr	r0, [r3]
 1109              		@ sp needed
 1110 0004 7047     		bx	lr
 1111              	.L179:
 1112 0006 C046     		.align	2
 1113              	.L178:
 1114 0008 00000000 		.word	SystemCoreClock
 1116              		.section	.text.HAL_RCC_GetPCLK1Freq,"ax",%progbits
 1117              		.align	1
 1118              		.global	HAL_RCC_GetPCLK1Freq
 1119              		.syntax unified
 1120              		.code	16
 1121              		.thumb_func
 1123              	HAL_RCC_GetPCLK1Freq:
 1124              		@ args = 0, pretend = 0, frame = 0
 1125              		@ frame_needed = 0, uses_anonymous_args = 0
 1126 0000 10B5     		push	{r4, lr}
 1127 0002 FFF7FEFF 		bl	HAL_RCC_GetHCLKFreq
 1128 0006 044B     		ldr	r3, .L181
 1129 0008 5A68     		ldr	r2, [r3, #4]
 1130 000a 120A     		lsrs	r2, r2, #8
 1131 000c 0723     		movs	r3, #7
 1132 000e 1340     		ands	r3, r2
 1133 0010 024A     		ldr	r2, .L181+4
 1134 0012 D35C     		ldrb	r3, [r2, r3]
 1135 0014 D840     		lsrs	r0, r0, r3
 1136              		@ sp needed
 1137 0016 10BD     		pop	{r4, pc}
 1138              	.L182:
 1139              		.align	2
 1140              	.L181:
 1141 0018 00100240 		.word	1073876992
 1142 001c 00000000 		.word	APBPrescTable
 1144              		.section	.text.HAL_RCC_GetOscConfig,"ax",%progbits
 1145              		.align	1
 1146              		.global	HAL_RCC_GetOscConfig
 1147              		.syntax unified
 1148              		.code	16
 1149              		.thumb_func
 1151              	HAL_RCC_GetOscConfig:
 1152              		@ args = 0, pretend = 0, frame = 0
 1153              		@ frame_needed = 0, uses_anonymous_args = 0
 1154              		@ link register save eliminated.
 1155 0000 1F23     		movs	r3, #31
 1156 0002 0360     		str	r3, [r0]
 1157 0004 2E4B     		ldr	r3, .L198
 1158 0006 1B68     		ldr	r3, [r3]
 1159 0008 5B03     		lsls	r3, r3, #13
ARM GAS  C:\Users\fastr\AppData\Local\Temp\ccwMHxNg.s 			page 21


 1160 000a 39D5     		bpl	.L184
 1161 000c 0523     		movs	r3, #5
 1162 000e 4360     		str	r3, [r0, #4]
 1163              	.L185:
 1164 0010 2B4B     		ldr	r3, .L198
 1165 0012 1B68     		ldr	r3, [r3]
 1166 0014 DB07     		lsls	r3, r3, #31
 1167 0016 3DD5     		bpl	.L187
 1168 0018 0123     		movs	r3, #1
 1169 001a C360     		str	r3, [r0, #12]
 1170              	.L188:
 1171 001c 2849     		ldr	r1, .L198
 1172 001e 0A68     		ldr	r2, [r1]
 1173 0020 D208     		lsrs	r2, r2, #3
 1174 0022 1F23     		movs	r3, #31
 1175 0024 1340     		ands	r3, r2
 1176 0026 0361     		str	r3, [r0, #16]
 1177 0028 0B6A     		ldr	r3, [r1, #32]
 1178 002a 5B07     		lsls	r3, r3, #29
 1179 002c 35D5     		bpl	.L189
 1180 002e 0523     		movs	r3, #5
 1181 0030 8360     		str	r3, [r0, #8]
 1182              	.L190:
 1183 0032 234B     		ldr	r3, .L198
 1184 0034 5B6A     		ldr	r3, [r3, #36]
 1185 0036 DB07     		lsls	r3, r3, #31
 1186 0038 39D5     		bpl	.L192
 1187 003a 0123     		movs	r3, #1
 1188 003c C361     		str	r3, [r0, #28]
 1189              	.L193:
 1190 003e 204B     		ldr	r3, .L198
 1191 0040 5B6B     		ldr	r3, [r3, #52]
 1192 0042 DB07     		lsls	r3, r3, #31
 1193 0044 36D5     		bpl	.L194
 1194 0046 0123     		movs	r3, #1
 1195 0048 4361     		str	r3, [r0, #20]
 1196              	.L195:
 1197 004a 1D49     		ldr	r1, .L198
 1198 004c 4A6B     		ldr	r2, [r1, #52]
 1199 004e D208     		lsrs	r2, r2, #3
 1200 0050 1F23     		movs	r3, #31
 1201 0052 1340     		ands	r3, r2
 1202 0054 8361     		str	r3, [r0, #24]
 1203 0056 0B68     		ldr	r3, [r1]
 1204 0058 DB01     		lsls	r3, r3, #7
 1205 005a 2ED5     		bpl	.L196
 1206 005c 0223     		movs	r3, #2
 1207 005e 0362     		str	r3, [r0, #32]
 1208              	.L197:
 1209 0060 174B     		ldr	r3, .L198
 1210 0062 5A68     		ldr	r2, [r3, #4]
 1211 0064 8021     		movs	r1, #128
 1212 0066 4902     		lsls	r1, r1, #9
 1213 0068 0A40     		ands	r2, r1
 1214 006a 4262     		str	r2, [r0, #36]
 1215 006c 5A68     		ldr	r2, [r3, #4]
 1216 006e F021     		movs	r1, #240
ARM GAS  C:\Users\fastr\AppData\Local\Temp\ccwMHxNg.s 			page 22


 1217 0070 8903     		lsls	r1, r1, #14
 1218 0072 0A40     		ands	r2, r1
 1219 0074 8262     		str	r2, [r0, #40]
 1220 0076 DA6A     		ldr	r2, [r3, #44]
 1221 0078 0F23     		movs	r3, #15
 1222 007a 1340     		ands	r3, r2
 1223 007c C362     		str	r3, [r0, #44]
 1224              		@ sp needed
 1225 007e 7047     		bx	lr
 1226              	.L184:
 1227 0080 0F4B     		ldr	r3, .L198
 1228 0082 1B68     		ldr	r3, [r3]
 1229 0084 DB03     		lsls	r3, r3, #15
 1230 0086 02D5     		bpl	.L186
 1231 0088 0123     		movs	r3, #1
 1232 008a 4360     		str	r3, [r0, #4]
 1233 008c C0E7     		b	.L185
 1234              	.L186:
 1235 008e 0023     		movs	r3, #0
 1236 0090 4360     		str	r3, [r0, #4]
 1237 0092 BDE7     		b	.L185
 1238              	.L187:
 1239 0094 0023     		movs	r3, #0
 1240 0096 C360     		str	r3, [r0, #12]
 1241 0098 C0E7     		b	.L188
 1242              	.L189:
 1243 009a 094B     		ldr	r3, .L198
 1244 009c 1B6A     		ldr	r3, [r3, #32]
 1245 009e DB07     		lsls	r3, r3, #31
 1246 00a0 02D5     		bpl	.L191
 1247 00a2 0123     		movs	r3, #1
 1248 00a4 8360     		str	r3, [r0, #8]
 1249 00a6 C4E7     		b	.L190
 1250              	.L191:
 1251 00a8 0023     		movs	r3, #0
 1252 00aa 8360     		str	r3, [r0, #8]
 1253 00ac C1E7     		b	.L190
 1254              	.L192:
 1255 00ae 0023     		movs	r3, #0
 1256 00b0 C361     		str	r3, [r0, #28]
 1257 00b2 C4E7     		b	.L193
 1258              	.L194:
 1259 00b4 0023     		movs	r3, #0
 1260 00b6 4361     		str	r3, [r0, #20]
 1261 00b8 C7E7     		b	.L195
 1262              	.L196:
 1263 00ba 0123     		movs	r3, #1
 1264 00bc 0362     		str	r3, [r0, #32]
 1265 00be CFE7     		b	.L197
 1266              	.L199:
 1267              		.align	2
 1268              	.L198:
 1269 00c0 00100240 		.word	1073876992
 1271              		.section	.text.HAL_RCC_GetClockConfig,"ax",%progbits
 1272              		.align	1
 1273              		.global	HAL_RCC_GetClockConfig
 1274              		.syntax unified
ARM GAS  C:\Users\fastr\AppData\Local\Temp\ccwMHxNg.s 			page 23


 1275              		.code	16
 1276              		.thumb_func
 1278              	HAL_RCC_GetClockConfig:
 1279              		@ args = 0, pretend = 0, frame = 0
 1280              		@ frame_needed = 0, uses_anonymous_args = 0
 1281 0000 10B5     		push	{r4, lr}
 1282 0002 0723     		movs	r3, #7
 1283 0004 0360     		str	r3, [r0]
 1284 0006 0C4B     		ldr	r3, .L201
 1285 0008 5A68     		ldr	r2, [r3, #4]
 1286 000a 9446     		mov	ip, r2
 1287 000c 0322     		movs	r2, #3
 1288 000e 6446     		mov	r4, ip
 1289 0010 2240     		ands	r2, r4
 1290 0012 4260     		str	r2, [r0, #4]
 1291 0014 5A68     		ldr	r2, [r3, #4]
 1292 0016 9446     		mov	ip, r2
 1293 0018 F022     		movs	r2, #240
 1294 001a 6446     		mov	r4, ip
 1295 001c 2240     		ands	r2, r4
 1296 001e 8260     		str	r2, [r0, #8]
 1297 0020 5B68     		ldr	r3, [r3, #4]
 1298 0022 E022     		movs	r2, #224
 1299 0024 D200     		lsls	r2, r2, #3
 1300 0026 1340     		ands	r3, r2
 1301 0028 C360     		str	r3, [r0, #12]
 1302 002a 044B     		ldr	r3, .L201+4
 1303 002c 1A68     		ldr	r2, [r3]
 1304 002e 0123     		movs	r3, #1
 1305 0030 1340     		ands	r3, r2
 1306 0032 0B60     		str	r3, [r1]
 1307              		@ sp needed
 1308 0034 10BD     		pop	{r4, pc}
 1309              	.L202:
 1310 0036 C046     		.align	2
 1311              	.L201:
 1312 0038 00100240 		.word	1073876992
 1313 003c 00200240 		.word	1073881088
 1315              		.section	.text.HAL_RCC_CSSCallback,"ax",%progbits
 1316              		.align	1
 1317              		.weak	HAL_RCC_CSSCallback
 1318              		.syntax unified
 1319              		.code	16
 1320              		.thumb_func
 1322              	HAL_RCC_CSSCallback:
 1323              		@ args = 0, pretend = 0, frame = 0
 1324              		@ frame_needed = 0, uses_anonymous_args = 0
 1325              		@ link register save eliminated.
 1326              		@ sp needed
 1327 0000 7047     		bx	lr
 1329              		.section	.text.HAL_RCC_NMI_IRQHandler,"ax",%progbits
 1330              		.align	1
 1331              		.global	HAL_RCC_NMI_IRQHandler
 1332              		.syntax unified
 1333              		.code	16
 1334              		.thumb_func
 1336              	HAL_RCC_NMI_IRQHandler:
ARM GAS  C:\Users\fastr\AppData\Local\Temp\ccwMHxNg.s 			page 24


 1337              		@ args = 0, pretend = 0, frame = 0
 1338              		@ frame_needed = 0, uses_anonymous_args = 0
 1339 0000 10B5     		push	{r4, lr}
 1340 0002 054B     		ldr	r3, .L208
 1341 0004 9B68     		ldr	r3, [r3, #8]
 1342 0006 1B06     		lsls	r3, r3, #24
 1343 0008 00D4     		bmi	.L207
 1344              	.L204:
 1345              		@ sp needed
 1346 000a 10BD     		pop	{r4, pc}
 1347              	.L207:
 1348 000c FFF7FEFF 		bl	HAL_RCC_CSSCallback
 1349 0010 024B     		ldr	r3, .L208+4
 1350 0012 8022     		movs	r2, #128
 1351 0014 1A70     		strb	r2, [r3]
 1352 0016 F8E7     		b	.L204
 1353              	.L209:
 1354              		.align	2
 1355              	.L208:
 1356 0018 00100240 		.word	1073876992
 1357 001c 0A100240 		.word	1073877002
 1359              		.section	.rodata.aPredivFactorTable.0,"a"
 1360              		.align	2
 1363              	aPredivFactorTable.0:
 1364 0000 01020304 		.ascii	"\001\002\003\004\005\006\007\010\011\012\013\014\015"
 1364      05060708 
 1364      090A0B0C 
 1364      0D
 1365 000d 0E0F10   		.ascii	"\016\017\020"
 1366              		.section	.rodata.aPLLMULFactorTable.1,"a"
 1367              		.align	2
 1370              	aPLLMULFactorTable.1:
 1371 0000 02030405 		.ascii	"\002\003\004\005\006\007\010\011\012\013\014\015\016"
 1371      06070809 
 1371      0A0B0C0D 
 1371      0E
 1372 000d 0F1010   		.ascii	"\017\020\020"
 1373              		.global	__aeabi_uidiv
 1374              		.ident	"GCC: (xPack GNU Arm Embedded GCC x86_64) 15.2.1 20251203"
ARM GAS  C:\Users\fastr\AppData\Local\Temp\ccwMHxNg.s 			page 25


DEFINED SYMBOLS
                            *ABS*:00000000 stm32f0xx_hal_rcc.c
C:\Users\fastr\AppData\Local\Temp\ccwMHxNg.s:16     .text.HAL_RCC_DeInit:00000000 $t
C:\Users\fastr\AppData\Local\Temp\ccwMHxNg.s:22     .text.HAL_RCC_DeInit:00000000 HAL_RCC_DeInit
C:\Users\fastr\AppData\Local\Temp\ccwMHxNg.s:116    .text.HAL_RCC_DeInit:000000ac $d
C:\Users\fastr\AppData\Local\Temp\ccwMHxNg.s:126    .text.HAL_RCC_OscConfig:00000000 $t
C:\Users\fastr\AppData\Local\Temp\ccwMHxNg.s:132    .text.HAL_RCC_OscConfig:00000000 HAL_RCC_OscConfig
C:\Users\fastr\AppData\Local\Temp\ccwMHxNg.s:520    .text.HAL_RCC_OscConfig:000002d0 $d
C:\Users\fastr\AppData\Local\Temp\ccwMHxNg.s:526    .text.HAL_RCC_OscConfig:000002e4 $t
C:\Users\fastr\AppData\Local\Temp\ccwMHxNg.s:760    .text.HAL_RCC_OscConfig:00000490 $d
C:\Users\fastr\AppData\Local\Temp\ccwMHxNg.s:766    .text.HAL_RCC_MCOConfig:00000000 $t
C:\Users\fastr\AppData\Local\Temp\ccwMHxNg.s:772    .text.HAL_RCC_MCOConfig:00000000 HAL_RCC_MCOConfig
C:\Users\fastr\AppData\Local\Temp\ccwMHxNg.s:813    .text.HAL_RCC_MCOConfig:00000048 $d
C:\Users\fastr\AppData\Local\Temp\ccwMHxNg.s:817    .text.HAL_RCC_EnableCSS:00000000 $t
C:\Users\fastr\AppData\Local\Temp\ccwMHxNg.s:823    .text.HAL_RCC_EnableCSS:00000000 HAL_RCC_EnableCSS
C:\Users\fastr\AppData\Local\Temp\ccwMHxNg.s:838    .text.HAL_RCC_EnableCSS:00000010 $d
C:\Users\fastr\AppData\Local\Temp\ccwMHxNg.s:841    .text.HAL_RCC_DisableCSS:00000000 $t
C:\Users\fastr\AppData\Local\Temp\ccwMHxNg.s:847    .text.HAL_RCC_DisableCSS:00000000 HAL_RCC_DisableCSS
C:\Users\fastr\AppData\Local\Temp\ccwMHxNg.s:861    .text.HAL_RCC_DisableCSS:0000000c $d
C:\Users\fastr\AppData\Local\Temp\ccwMHxNg.s:865    .text.HAL_RCC_GetSysClockFreq:00000000 $t
C:\Users\fastr\AppData\Local\Temp\ccwMHxNg.s:871    .text.HAL_RCC_GetSysClockFreq:00000000 HAL_RCC_GetSysClockFreq
C:\Users\fastr\AppData\Local\Temp\ccwMHxNg.s:916    .text.HAL_RCC_GetSysClockFreq:00000048 $d
C:\Users\fastr\AppData\Local\Temp\ccwMHxNg.s:1370   .rodata.aPLLMULFactorTable.1:00000000 aPLLMULFactorTable.1
C:\Users\fastr\AppData\Local\Temp\ccwMHxNg.s:1363   .rodata.aPredivFactorTable.0:00000000 aPredivFactorTable.0
C:\Users\fastr\AppData\Local\Temp\ccwMHxNg.s:922    .text.HAL_RCC_ClockConfig:00000000 $t
C:\Users\fastr\AppData\Local\Temp\ccwMHxNg.s:928    .text.HAL_RCC_ClockConfig:00000000 HAL_RCC_ClockConfig
C:\Users\fastr\AppData\Local\Temp\ccwMHxNg.s:1089   .text.HAL_RCC_ClockConfig:0000011c $d
C:\Users\fastr\AppData\Local\Temp\ccwMHxNg.s:1097   .text.HAL_RCC_GetHCLKFreq:00000000 $t
C:\Users\fastr\AppData\Local\Temp\ccwMHxNg.s:1103   .text.HAL_RCC_GetHCLKFreq:00000000 HAL_RCC_GetHCLKFreq
C:\Users\fastr\AppData\Local\Temp\ccwMHxNg.s:1114   .text.HAL_RCC_GetHCLKFreq:00000008 $d
C:\Users\fastr\AppData\Local\Temp\ccwMHxNg.s:1117   .text.HAL_RCC_GetPCLK1Freq:00000000 $t
C:\Users\fastr\AppData\Local\Temp\ccwMHxNg.s:1123   .text.HAL_RCC_GetPCLK1Freq:00000000 HAL_RCC_GetPCLK1Freq
C:\Users\fastr\AppData\Local\Temp\ccwMHxNg.s:1141   .text.HAL_RCC_GetPCLK1Freq:00000018 $d
C:\Users\fastr\AppData\Local\Temp\ccwMHxNg.s:1145   .text.HAL_RCC_GetOscConfig:00000000 $t
C:\Users\fastr\AppData\Local\Temp\ccwMHxNg.s:1151   .text.HAL_RCC_GetOscConfig:00000000 HAL_RCC_GetOscConfig
C:\Users\fastr\AppData\Local\Temp\ccwMHxNg.s:1269   .text.HAL_RCC_GetOscConfig:000000c0 $d
C:\Users\fastr\AppData\Local\Temp\ccwMHxNg.s:1272   .text.HAL_RCC_GetClockConfig:00000000 $t
C:\Users\fastr\AppData\Local\Temp\ccwMHxNg.s:1278   .text.HAL_RCC_GetClockConfig:00000000 HAL_RCC_GetClockConfig
C:\Users\fastr\AppData\Local\Temp\ccwMHxNg.s:1312   .text.HAL_RCC_GetClockConfig:00000038 $d
C:\Users\fastr\AppData\Local\Temp\ccwMHxNg.s:1316   .text.HAL_RCC_CSSCallback:00000000 $t
C:\Users\fastr\AppData\Local\Temp\ccwMHxNg.s:1322   .text.HAL_RCC_CSSCallback:00000000 HAL_RCC_CSSCallback
C:\Users\fastr\AppData\Local\Temp\ccwMHxNg.s:1330   .text.HAL_RCC_NMI_IRQHandler:00000000 $t
C:\Users\fastr\AppData\Local\Temp\ccwMHxNg.s:1336   .text.HAL_RCC_NMI_IRQHandler:00000000 HAL_RCC_NMI_IRQHandler
C:\Users\fastr\AppData\Local\Temp\ccwMHxNg.s:1356   .text.HAL_RCC_NMI_IRQHandler:00000018 $d
C:\Users\fastr\AppData\Local\Temp\ccwMHxNg.s:1360   .rodata.aPredivFactorTable.0:00000000 $d
C:\Users\fastr\AppData\Local\Temp\ccwMHxNg.s:1367   .rodata.aPLLMULFactorTable.1:00000000 $d

UNDEFINED SYMBOLS
HAL_GetTick
HAL_InitTick
SystemCoreClock
uwTickPrio
HAL_GPIO_Init
__aeabi_uidiv
AHBPrescTable
APBPrescTable
