ARM GAS  C:\Users\fastr\AppData\Local\Temp\cc0vqXZe.s 			page 1


   1              		.cpu cortex-m0
   2              		.arch armv6s-m
   3              		.fpu softvfp
   4              		.eabi_attribute 20, 1
   5              		.eabi_attribute 21, 1
   6              		.eabi_attribute 23, 3
   7              		.eabi_attribute 24, 1
   8              		.eabi_attribute 25, 1
   9              		.eabi_attribute 26, 1
  10              		.eabi_attribute 30, 1
  11              		.eabi_attribute 34, 0
  12              		.eabi_attribute 18, 4
  13              		.file	"stm32f0xx_hal_i2c_ex.c"
  14              		.text
  15              		.section	.text.HAL_I2CEx_ConfigAnalogFilter,"ax",%progbits
  16              		.align	1
  17              		.global	HAL_I2CEx_ConfigAnalogFilter
  18              		.syntax unified
  19              		.code	16
  20              		.thumb_func
  22              	HAL_I2CEx_ConfigAnalogFilter:
  23              		@ args = 0, pretend = 0, frame = 0
  24              		@ frame_needed = 0, uses_anonymous_args = 0
  25 0000 70B5     		push	{r4, r5, r6, lr}
  26 0002 4123     		movs	r3, #65
  27 0004 C35C     		ldrb	r3, [r0, r3]
  28 0006 202B     		cmp	r3, #32
  29 0008 22D1     		bne	.L3
  30 000a 2033     		adds	r3, r3, #32
  31 000c C35C     		ldrb	r3, [r0, r3]
  32 000e 012B     		cmp	r3, #1
  33 0010 20D0     		beq	.L4
  34 0012 4023     		movs	r3, #64
  35 0014 9C46     		mov	ip, r3
  36 0016 0122     		movs	r2, #1
  37 0018 C254     		strb	r2, [r0, r3]
  38 001a 1C3B     		subs	r3, r3, #28
  39 001c 4125     		movs	r5, #65
  40 001e 4355     		strb	r3, [r0, r5]
  41 0020 0468     		ldr	r4, [r0]
  42 0022 2368     		ldr	r3, [r4]
  43 0024 9343     		bics	r3, r2
  44 0026 2360     		str	r3, [r4]
  45 0028 0468     		ldr	r4, [r0]
  46 002a 2368     		ldr	r3, [r4]
  47 002c 0A4E     		ldr	r6, .L5
  48 002e 3340     		ands	r3, r6
  49 0030 2360     		str	r3, [r4]
  50 0032 0468     		ldr	r4, [r0]
  51 0034 2368     		ldr	r3, [r4]
  52 0036 0B43     		orrs	r3, r1
  53 0038 2360     		str	r3, [r4]
  54 003a 0168     		ldr	r1, [r0]
  55 003c 0B68     		ldr	r3, [r1]
  56 003e 1343     		orrs	r3, r2
  57 0040 0B60     		str	r3, [r1]
  58 0042 2023     		movs	r3, #32
ARM GAS  C:\Users\fastr\AppData\Local\Temp\cc0vqXZe.s 			page 2


  59 0044 4355     		strb	r3, [r0, r5]
  60 0046 0023     		movs	r3, #0
  61 0048 6246     		mov	r2, ip
  62 004a 8354     		strb	r3, [r0, r2]
  63 004c 0020     		movs	r0, #0
  64              	.L2:
  65              		@ sp needed
  66 004e 70BD     		pop	{r4, r5, r6, pc}
  67              	.L3:
  68 0050 0220     		movs	r0, #2
  69 0052 FCE7     		b	.L2
  70              	.L4:
  71 0054 0220     		movs	r0, #2
  72 0056 FAE7     		b	.L2
  73              	.L6:
  74              		.align	2
  75              	.L5:
  76 0058 FFEFFFFF 		.word	-4097
  78              		.section	.text.HAL_I2CEx_ConfigDigitalFilter,"ax",%progbits
  79              		.align	1
  80              		.global	HAL_I2CEx_ConfigDigitalFilter
  81              		.syntax unified
  82              		.code	16
  83              		.thumb_func
  85              	HAL_I2CEx_ConfigDigitalFilter:
  86              		@ args = 0, pretend = 0, frame = 0
  87              		@ frame_needed = 0, uses_anonymous_args = 0
  88 0000 70B5     		push	{r4, r5, r6, lr}
  89 0002 4123     		movs	r3, #65
  90 0004 C35C     		ldrb	r3, [r0, r3]
  91 0006 202B     		cmp	r3, #32
  92 0008 20D1     		bne	.L9
  93 000a 2033     		adds	r3, r3, #32
  94 000c C35C     		ldrb	r3, [r0, r3]
  95 000e 012B     		cmp	r3, #1
  96 0010 1ED0     		beq	.L10
  97 0012 4023     		movs	r3, #64
  98 0014 9C46     		mov	ip, r3
  99 0016 0122     		movs	r2, #1
 100 0018 C254     		strb	r2, [r0, r3]
 101 001a 1C3B     		subs	r3, r3, #28
 102 001c 4125     		movs	r5, #65
 103 001e 4355     		strb	r3, [r0, r5]
 104 0020 0468     		ldr	r4, [r0]
 105 0022 2368     		ldr	r3, [r4]
 106 0024 9343     		bics	r3, r2
 107 0026 2360     		str	r3, [r4]
 108 0028 0468     		ldr	r4, [r0]
 109 002a 2368     		ldr	r3, [r4]
 110 002c 094E     		ldr	r6, .L11
 111 002e 3340     		ands	r3, r6
 112 0030 0902     		lsls	r1, r1, #8
 113 0032 1943     		orrs	r1, r3
 114 0034 2160     		str	r1, [r4]
 115 0036 0168     		ldr	r1, [r0]
 116 0038 0B68     		ldr	r3, [r1]
 117 003a 1343     		orrs	r3, r2
ARM GAS  C:\Users\fastr\AppData\Local\Temp\cc0vqXZe.s 			page 3


 118 003c 0B60     		str	r3, [r1]
 119 003e 2023     		movs	r3, #32
 120 0040 4355     		strb	r3, [r0, r5]
 121 0042 0023     		movs	r3, #0
 122 0044 6246     		mov	r2, ip
 123 0046 8354     		strb	r3, [r0, r2]
 124 0048 0020     		movs	r0, #0
 125              	.L8:
 126              		@ sp needed
 127 004a 70BD     		pop	{r4, r5, r6, pc}
 128              	.L9:
 129 004c 0220     		movs	r0, #2
 130 004e FCE7     		b	.L8
 131              	.L10:
 132 0050 0220     		movs	r0, #2
 133 0052 FAE7     		b	.L8
 134              	.L12:
 135              		.align	2
 136              	.L11:
 137 0054 FFF0FFFF 		.word	-3841
 139              		.section	.text.HAL_I2CEx_EnableWakeUp,"ax",%progbits
 140              		.align	1
 141              		.global	HAL_I2CEx_EnableWakeUp
 142              		.syntax unified
 143              		.code	16
 144              		.thumb_func
 146              	HAL_I2CEx_EnableWakeUp:
 147              		@ args = 0, pretend = 0, frame = 0
 148              		@ frame_needed = 0, uses_anonymous_args = 0
 149 0000 30B5     		push	{r4, r5, lr}
 150 0002 4123     		movs	r3, #65
 151 0004 C35C     		ldrb	r3, [r0, r3]
 152 0006 202B     		cmp	r3, #32
 153 0008 20D1     		bne	.L15
 154 000a 2033     		adds	r3, r3, #32
 155 000c C35C     		ldrb	r3, [r0, r3]
 156 000e 012B     		cmp	r3, #1
 157 0010 1ED0     		beq	.L16
 158 0012 4021     		movs	r1, #64
 159 0014 0122     		movs	r2, #1
 160 0016 4254     		strb	r2, [r0, r1]
 161 0018 4123     		movs	r3, #65
 162 001a 9C46     		mov	ip, r3
 163 001c 1D3B     		subs	r3, r3, #29
 164 001e 6446     		mov	r4, ip
 165 0020 0355     		strb	r3, [r0, r4]
 166 0022 0468     		ldr	r4, [r0]
 167 0024 2368     		ldr	r3, [r4]
 168 0026 9343     		bics	r3, r2
 169 0028 2360     		str	r3, [r4]
 170 002a 0468     		ldr	r4, [r0]
 171 002c 2368     		ldr	r3, [r4]
 172 002e 8025     		movs	r5, #128
 173 0030 ED02     		lsls	r5, r5, #11
 174 0032 2B43     		orrs	r3, r5
 175 0034 2360     		str	r3, [r4]
 176 0036 0468     		ldr	r4, [r0]
ARM GAS  C:\Users\fastr\AppData\Local\Temp\cc0vqXZe.s 			page 4


 177 0038 2368     		ldr	r3, [r4]
 178 003a 1343     		orrs	r3, r2
 179 003c 2360     		str	r3, [r4]
 180 003e 2023     		movs	r3, #32
 181 0040 6246     		mov	r2, ip
 182 0042 8354     		strb	r3, [r0, r2]
 183 0044 0023     		movs	r3, #0
 184 0046 4354     		strb	r3, [r0, r1]
 185 0048 0020     		movs	r0, #0
 186              	.L14:
 187              		@ sp needed
 188 004a 30BD     		pop	{r4, r5, pc}
 189              	.L15:
 190 004c 0220     		movs	r0, #2
 191 004e FCE7     		b	.L14
 192              	.L16:
 193 0050 0220     		movs	r0, #2
 194 0052 FAE7     		b	.L14
 196              		.section	.text.HAL_I2CEx_DisableWakeUp,"ax",%progbits
 197              		.align	1
 198              		.global	HAL_I2CEx_DisableWakeUp
 199              		.syntax unified
 200              		.code	16
 201              		.thumb_func
 203              	HAL_I2CEx_DisableWakeUp:
 204              		@ args = 0, pretend = 0, frame = 0
 205              		@ frame_needed = 0, uses_anonymous_args = 0
 206 0000 30B5     		push	{r4, r5, lr}
 207 0002 4123     		movs	r3, #65
 208 0004 C35C     		ldrb	r3, [r0, r3]
 209 0006 202B     		cmp	r3, #32
 210 0008 1FD1     		bne	.L19
 211 000a 2033     		adds	r3, r3, #32
 212 000c C35C     		ldrb	r3, [r0, r3]
 213 000e 012B     		cmp	r3, #1
 214 0010 1DD0     		beq	.L20
 215 0012 4021     		movs	r1, #64
 216 0014 0122     		movs	r2, #1
 217 0016 4254     		strb	r2, [r0, r1]
 218 0018 4123     		movs	r3, #65
 219 001a 9C46     		mov	ip, r3
 220 001c 1D3B     		subs	r3, r3, #29
 221 001e 6446     		mov	r4, ip
 222 0020 0355     		strb	r3, [r0, r4]
 223 0022 0468     		ldr	r4, [r0]
 224 0024 2368     		ldr	r3, [r4]
 225 0026 9343     		bics	r3, r2
 226 0028 2360     		str	r3, [r4]
 227 002a 0468     		ldr	r4, [r0]
 228 002c 2368     		ldr	r3, [r4]
 229 002e 094D     		ldr	r5, .L21
 230 0030 2B40     		ands	r3, r5
 231 0032 2360     		str	r3, [r4]
 232 0034 0468     		ldr	r4, [r0]
 233 0036 2368     		ldr	r3, [r4]
 234 0038 1343     		orrs	r3, r2
 235 003a 2360     		str	r3, [r4]
ARM GAS  C:\Users\fastr\AppData\Local\Temp\cc0vqXZe.s 			page 5


 236 003c 2023     		movs	r3, #32
 237 003e 6246     		mov	r2, ip
 238 0040 8354     		strb	r3, [r0, r2]
 239 0042 0023     		movs	r3, #0
 240 0044 4354     		strb	r3, [r0, r1]
 241 0046 0020     		movs	r0, #0
 242              	.L18:
 243              		@ sp needed
 244 0048 30BD     		pop	{r4, r5, pc}
 245              	.L19:
 246 004a 0220     		movs	r0, #2
 247 004c FCE7     		b	.L18
 248              	.L20:
 249 004e 0220     		movs	r0, #2
 250 0050 FAE7     		b	.L18
 251              	.L22:
 252 0052 C046     		.align	2
 253              	.L21:
 254 0054 FFFFFBFF 		.word	-262145
 256              		.section	.text.HAL_I2CEx_EnableFastModePlus,"ax",%progbits
 257              		.align	1
 258              		.global	HAL_I2CEx_EnableFastModePlus
 259              		.syntax unified
 260              		.code	16
 261              		.thumb_func
 263              	HAL_I2CEx_EnableFastModePlus:
 264              		@ args = 0, pretend = 0, frame = 8
 265              		@ frame_needed = 0, uses_anonymous_args = 0
 266              		@ link register save eliminated.
 267 0000 82B0     		sub	sp, sp, #8
 268 0002 074A     		ldr	r2, .L24
 269 0004 9169     		ldr	r1, [r2, #24]
 270 0006 0123     		movs	r3, #1
 271 0008 1943     		orrs	r1, r3
 272 000a 9161     		str	r1, [r2, #24]
 273 000c 9269     		ldr	r2, [r2, #24]
 274 000e 1340     		ands	r3, r2
 275 0010 0193     		str	r3, [sp, #4]
 276 0012 019B     		ldr	r3, [sp, #4]
 277 0014 034A     		ldr	r2, .L24+4
 278 0016 1368     		ldr	r3, [r2]
 279 0018 0343     		orrs	r3, r0
 280 001a 1360     		str	r3, [r2]
 281 001c 02B0     		add	sp, sp, #8
 282              		@ sp needed
 283 001e 7047     		bx	lr
 284              	.L25:
 285              		.align	2
 286              	.L24:
 287 0020 00100240 		.word	1073876992
 288 0024 00000140 		.word	1073807360
 290              		.section	.text.HAL_I2CEx_DisableFastModePlus,"ax",%progbits
 291              		.align	1
 292              		.global	HAL_I2CEx_DisableFastModePlus
 293              		.syntax unified
 294              		.code	16
 295              		.thumb_func
ARM GAS  C:\Users\fastr\AppData\Local\Temp\cc0vqXZe.s 			page 6


 297              	HAL_I2CEx_DisableFastModePlus:
 298              		@ args = 0, pretend = 0, frame = 8
 299              		@ frame_needed = 0, uses_anonymous_args = 0
 300              		@ link register save eliminated.
 301 0000 82B0     		sub	sp, sp, #8
 302 0002 074A     		ldr	r2, .L27
 303 0004 9169     		ldr	r1, [r2, #24]
 304 0006 0123     		movs	r3, #1
 305 0008 1943     		orrs	r1, r3
 306 000a 9161     		str	r1, [r2, #24]
 307 000c 9269     		ldr	r2, [r2, #24]
 308 000e 1340     		ands	r3, r2
 309 0010 0193     		str	r3, [sp, #4]
 310 0012 019B     		ldr	r3, [sp, #4]
 311 0014 034A     		ldr	r2, .L27+4
 312 0016 1368     		ldr	r3, [r2]
 313 0018 8343     		bics	r3, r0
 314 001a 1360     		str	r3, [r2]
 315 001c 02B0     		add	sp, sp, #8
 316              		@ sp needed
 317 001e 7047     		bx	lr
 318              	.L28:
 319              		.align	2
 320              	.L27:
 321 0020 00100240 		.word	1073876992
 322 0024 00000140 		.word	1073807360
 324              		.ident	"GCC: (xPack GNU Arm Embedded GCC x86_64) 15.2.1 20251203"
ARM GAS  C:\Users\fastr\AppData\Local\Temp\cc0vqXZe.s 			page 7


DEFINED SYMBOLS
                            *ABS*:00000000 stm32f0xx_hal_i2c_ex.c
C:\Users\fastr\AppData\Local\Temp\cc0vqXZe.s:16     .text.HAL_I2CEx_ConfigAnalogFilter:00000000 $t
C:\Users\fastr\AppData\Local\Temp\cc0vqXZe.s:22     .text.HAL_I2CEx_ConfigAnalogFilter:00000000 HAL_I2CEx_ConfigAnalogFilter
C:\Users\fastr\AppData\Local\Temp\cc0vqXZe.s:76     .text.HAL_I2CEx_ConfigAnalogFilter:00000058 $d
C:\Users\fastr\AppData\Local\Temp\cc0vqXZe.s:79     .text.HAL_I2CEx_ConfigDigitalFilter:00000000 $t
C:\Users\fastr\AppData\Local\Temp\cc0vqXZe.s:85     .text.HAL_I2CEx_ConfigDigitalFilter:00000000 HAL_I2CEx_ConfigDigitalFilter
C:\Users\fastr\AppData\Local\Temp\cc0vqXZe.s:137    .text.HAL_I2CEx_ConfigDigitalFilter:00000054 $d
C:\Users\fastr\AppData\Local\Temp\cc0vqXZe.s:140    .text.HAL_I2CEx_EnableWakeUp:00000000 $t
C:\Users\fastr\AppData\Local\Temp\cc0vqXZe.s:146    .text.HAL_I2CEx_EnableWakeUp:00000000 HAL_I2CEx_EnableWakeUp
C:\Users\fastr\AppData\Local\Temp\cc0vqXZe.s:197    .text.HAL_I2CEx_DisableWakeUp:00000000 $t
C:\Users\fastr\AppData\Local\Temp\cc0vqXZe.s:203    .text.HAL_I2CEx_DisableWakeUp:00000000 HAL_I2CEx_DisableWakeUp
C:\Users\fastr\AppData\Local\Temp\cc0vqXZe.s:254    .text.HAL_I2CEx_DisableWakeUp:00000054 $d
C:\Users\fastr\AppData\Local\Temp\cc0vqXZe.s:257    .text.HAL_I2CEx_EnableFastModePlus:00000000 $t
C:\Users\fastr\AppData\Local\Temp\cc0vqXZe.s:263    .text.HAL_I2CEx_EnableFastModePlus:00000000 HAL_I2CEx_EnableFastModePlus
C:\Users\fastr\AppData\Local\Temp\cc0vqXZe.s:287    .text.HAL_I2CEx_EnableFastModePlus:00000020 $d
C:\Users\fastr\AppData\Local\Temp\cc0vqXZe.s:291    .text.HAL_I2CEx_DisableFastModePlus:00000000 $t
C:\Users\fastr\AppData\Local\Temp\cc0vqXZe.s:297    .text.HAL_I2CEx_DisableFastModePlus:00000000 HAL_I2CEx_DisableFastModePlus
C:\Users\fastr\AppData\Local\Temp\cc0vqXZe.s:321    .text.HAL_I2CEx_DisableFastModePlus:00000020 $d

NO UNDEFINED SYMBOLS
