ARM GAS  C:\Users\fastr\AppData\Local\Temp\ccyt8er9.s 			page 1


   1              		.cpu cortex-m0
   2              		.arch armv6s-m
   3              		.fpu softvfp
   4              		.eabi_attribute 20, 1
   5              		.eabi_attribute 21, 1
   6              		.eabi_attribute 23, 3
   7              		.eabi_attribute 24, 1
   8              		.eabi_attribute 25, 1
   9              		.eabi_attribute 26, 1
  10              		.eabi_attribute 30, 1
  11              		.eabi_attribute 34, 0
  12              		.eabi_attribute 18, 4
  13              		.file	"stm32f0xx_hal_dma.c"
  14              		.text
  15              		.section	.text.DMA_SetConfig,"ax",%progbits
  16              		.align	1
  17              		.syntax unified
  18              		.code	16
  19              		.thumb_func
  21              	DMA_SetConfig:
  22              		@ args = 0, pretend = 0, frame = 0
  23              		@ frame_needed = 0, uses_anonymous_args = 0
  24 0000 70B5     		push	{r4, r5, r6, lr}
  25 0002 056C     		ldr	r5, [r0, #64]
  26 0004 C46B     		ldr	r4, [r0, #60]
  27 0006 0126     		movs	r6, #1
  28 0008 AE40     		lsls	r6, r6, r5
  29 000a 6660     		str	r6, [r4, #4]
  30 000c 0468     		ldr	r4, [r0]
  31 000e 6360     		str	r3, [r4, #4]
  32 0010 4368     		ldr	r3, [r0, #4]
  33 0012 102B     		cmp	r3, #16
  34 0014 04D0     		beq	.L4
  35 0016 0368     		ldr	r3, [r0]
  36 0018 9960     		str	r1, [r3, #8]
  37 001a 0368     		ldr	r3, [r0]
  38 001c DA60     		str	r2, [r3, #12]
  39              	.L1:
  40              		@ sp needed
  41 001e 70BD     		pop	{r4, r5, r6, pc}
  42              	.L4:
  43 0020 0368     		ldr	r3, [r0]
  44 0022 9A60     		str	r2, [r3, #8]
  45 0024 0368     		ldr	r3, [r0]
  46 0026 D960     		str	r1, [r3, #12]
  47 0028 F9E7     		b	.L1
  49              		.section	.text.DMA_CalcBaseAndBitshift,"ax",%progbits
  50              		.align	1
  51              		.syntax unified
  52              		.code	16
  53              		.thumb_func
  55              	DMA_CalcBaseAndBitshift:
  56              		@ args = 0, pretend = 0, frame = 0
  57              		@ frame_needed = 0, uses_anonymous_args = 0
  58 0000 10B5     		push	{r4, lr}
  59 0002 0400     		movs	r4, r0
  60 0004 0068     		ldr	r0, [r0]
ARM GAS  C:\Users\fastr\AppData\Local\Temp\ccyt8er9.s 			page 2


  61 0006 054B     		ldr	r3, .L6
  62 0008 9C46     		mov	ip, r3
  63 000a 6044     		add	r0, r0, ip
  64 000c 1421     		movs	r1, #20
  65 000e FFF7FEFF 		bl	__aeabi_uidiv
  66 0012 8000     		lsls	r0, r0, #2
  67 0014 2064     		str	r0, [r4, #64]
  68 0016 024B     		ldr	r3, .L6+4
  69 0018 E363     		str	r3, [r4, #60]
  70              		@ sp needed
  71 001a 10BD     		pop	{r4, pc}
  72              	.L7:
  73              		.align	2
  74              	.L6:
  75 001c F8FFFDBF 		.word	-1073872904
  76 0020 00000240 		.word	1073872896
  78              		.section	.text.HAL_DMA_Init,"ax",%progbits
  79              		.align	1
  80              		.global	HAL_DMA_Init
  81              		.syntax unified
  82              		.code	16
  83              		.thumb_func
  85              	HAL_DMA_Init:
  86              		@ args = 0, pretend = 0, frame = 0
  87              		@ frame_needed = 0, uses_anonymous_args = 0
  88 0000 70B5     		push	{r4, r5, r6, lr}
  89 0002 041E     		subs	r4, r0, #0
  90 0004 20D0     		beq	.L10
  91 0006 0223     		movs	r3, #2
  92 0008 2125     		movs	r5, #33
  93 000a 4355     		strb	r3, [r0, r5]
  94 000c 0168     		ldr	r1, [r0]
  95 000e 0A68     		ldr	r2, [r1]
  96 0010 0E4B     		ldr	r3, .L11
  97 0012 1A40     		ands	r2, r3
  98 0014 4368     		ldr	r3, [r0, #4]
  99 0016 8068     		ldr	r0, [r0, #8]
 100 0018 0343     		orrs	r3, r0
 101 001a E068     		ldr	r0, [r4, #12]
 102 001c 0343     		orrs	r3, r0
 103 001e 2069     		ldr	r0, [r4, #16]
 104 0020 0343     		orrs	r3, r0
 105 0022 6069     		ldr	r0, [r4, #20]
 106 0024 0343     		orrs	r3, r0
 107 0026 A069     		ldr	r0, [r4, #24]
 108 0028 0343     		orrs	r3, r0
 109 002a E069     		ldr	r0, [r4, #28]
 110 002c 0343     		orrs	r3, r0
 111 002e 1343     		orrs	r3, r2
 112 0030 0B60     		str	r3, [r1]
 113 0032 2000     		movs	r0, r4
 114 0034 FFF7FEFF 		bl	DMA_CalcBaseAndBitshift
 115 0038 0023     		movs	r3, #0
 116 003a A363     		str	r3, [r4, #56]
 117 003c 0122     		movs	r2, #1
 118 003e 6255     		strb	r2, [r4, r5]
 119 0040 1F32     		adds	r2, r2, #31
ARM GAS  C:\Users\fastr\AppData\Local\Temp\ccyt8er9.s 			page 3


 120 0042 A354     		strb	r3, [r4, r2]
 121 0044 0020     		movs	r0, #0
 122              	.L9:
 123              		@ sp needed
 124 0046 70BD     		pop	{r4, r5, r6, pc}
 125              	.L10:
 126 0048 0120     		movs	r0, #1
 127 004a FCE7     		b	.L9
 128              	.L12:
 129              		.align	2
 130              	.L11:
 131 004c 0FC0FFFF 		.word	-16369
 133              		.section	.text.HAL_DMA_DeInit,"ax",%progbits
 134              		.align	1
 135              		.global	HAL_DMA_DeInit
 136              		.syntax unified
 137              		.code	16
 138              		.thumb_func
 140              	HAL_DMA_DeInit:
 141              		@ args = 0, pretend = 0, frame = 0
 142              		@ frame_needed = 0, uses_anonymous_args = 0
 143 0000 70B5     		push	{r4, r5, r6, lr}
 144 0002 041E     		subs	r4, r0, #0
 145 0004 1FD0     		beq	.L15
 146 0006 0268     		ldr	r2, [r0]
 147 0008 1368     		ldr	r3, [r2]
 148 000a 0121     		movs	r1, #1
 149 000c 8B43     		bics	r3, r1
 150 000e 1360     		str	r3, [r2]
 151 0010 0368     		ldr	r3, [r0]
 152 0012 0025     		movs	r5, #0
 153 0014 1D60     		str	r5, [r3]
 154 0016 0368     		ldr	r3, [r0]
 155 0018 5D60     		str	r5, [r3, #4]
 156 001a 0368     		ldr	r3, [r0]
 157 001c 9D60     		str	r5, [r3, #8]
 158 001e 0368     		ldr	r3, [r0]
 159 0020 DD60     		str	r5, [r3, #12]
 160 0022 FFF7FEFF 		bl	DMA_CalcBaseAndBitshift
 161 0026 236C     		ldr	r3, [r4, #64]
 162 0028 E26B     		ldr	r2, [r4, #60]
 163 002a 0121     		movs	r1, #1
 164 002c 9940     		lsls	r1, r1, r3
 165 002e 5160     		str	r1, [r2, #4]
 166 0030 A562     		str	r5, [r4, #40]
 167 0032 E562     		str	r5, [r4, #44]
 168 0034 2563     		str	r5, [r4, #48]
 169 0036 6563     		str	r5, [r4, #52]
 170 0038 A563     		str	r5, [r4, #56]
 171 003a 2123     		movs	r3, #33
 172 003c E554     		strb	r5, [r4, r3]
 173 003e 013B     		subs	r3, r3, #1
 174 0040 E554     		strb	r5, [r4, r3]
 175 0042 0020     		movs	r0, #0
 176              	.L14:
 177              		@ sp needed
 178 0044 70BD     		pop	{r4, r5, r6, pc}
ARM GAS  C:\Users\fastr\AppData\Local\Temp\ccyt8er9.s 			page 4


 179              	.L15:
 180 0046 0120     		movs	r0, #1
 181 0048 FCE7     		b	.L14
 183              		.section	.text.HAL_DMA_Start,"ax",%progbits
 184              		.align	1
 185              		.global	HAL_DMA_Start
 186              		.syntax unified
 187              		.code	16
 188              		.thumb_func
 190              	HAL_DMA_Start:
 191              		@ args = 0, pretend = 0, frame = 0
 192              		@ frame_needed = 0, uses_anonymous_args = 0
 193 0000 70B5     		push	{r4, r5, r6, lr}
 194 0002 0400     		movs	r4, r0
 195 0004 1E00     		movs	r6, r3
 196 0006 2020     		movs	r0, #32
 197 0008 205C     		ldrb	r0, [r4, r0]
 198 000a 0128     		cmp	r0, #1
 199 000c 1FD0     		beq	.L19
 200 000e 2020     		movs	r0, #32
 201 0010 0123     		movs	r3, #1
 202 0012 2354     		strb	r3, [r4, r0]
 203 0014 0130     		adds	r0, r0, #1
 204 0016 205C     		ldrb	r0, [r4, r0]
 205 0018 0128     		cmp	r0, #1
 206 001a 04D0     		beq	.L20
 207 001c 2023     		movs	r3, #32
 208 001e 0022     		movs	r2, #0
 209 0020 E254     		strb	r2, [r4, r3]
 210 0022 0220     		movs	r0, #2
 211              	.L17:
 212              		@ sp needed
 213 0024 70BD     		pop	{r4, r5, r6, pc}
 214              	.L20:
 215 0026 2030     		adds	r0, r0, #32
 216 0028 0133     		adds	r3, r3, #1
 217 002a 2354     		strb	r3, [r4, r0]
 218 002c 0020     		movs	r0, #0
 219 002e A063     		str	r0, [r4, #56]
 220 0030 2368     		ldr	r3, [r4]
 221 0032 1868     		ldr	r0, [r3]
 222 0034 0125     		movs	r5, #1
 223 0036 A843     		bics	r0, r5
 224 0038 1860     		str	r0, [r3]
 225 003a 3300     		movs	r3, r6
 226 003c 2000     		movs	r0, r4
 227 003e FFF7FEFF 		bl	DMA_SetConfig
 228 0042 2268     		ldr	r2, [r4]
 229 0044 1368     		ldr	r3, [r2]
 230 0046 2B43     		orrs	r3, r5
 231 0048 1360     		str	r3, [r2]
 232 004a 0020     		movs	r0, #0
 233 004c EAE7     		b	.L17
 234              	.L19:
 235 004e 0220     		movs	r0, #2
 236 0050 E8E7     		b	.L17
 238              		.section	.text.HAL_DMA_Start_IT,"ax",%progbits
ARM GAS  C:\Users\fastr\AppData\Local\Temp\ccyt8er9.s 			page 5


 239              		.align	1
 240              		.global	HAL_DMA_Start_IT
 241              		.syntax unified
 242              		.code	16
 243              		.thumb_func
 245              	HAL_DMA_Start_IT:
 246              		@ args = 0, pretend = 0, frame = 0
 247              		@ frame_needed = 0, uses_anonymous_args = 0
 248 0000 70B5     		push	{r4, r5, r6, lr}
 249 0002 0400     		movs	r4, r0
 250 0004 1D00     		movs	r5, r3
 251 0006 2020     		movs	r0, #32
 252 0008 205C     		ldrb	r0, [r4, r0]
 253 000a 0128     		cmp	r0, #1
 254 000c 35D0     		beq	.L26
 255 000e 2020     		movs	r0, #32
 256 0010 0123     		movs	r3, #1
 257 0012 2354     		strb	r3, [r4, r0]
 258 0014 0130     		adds	r0, r0, #1
 259 0016 205C     		ldrb	r0, [r4, r0]
 260 0018 0128     		cmp	r0, #1
 261 001a 04D0     		beq	.L27
 262 001c 2023     		movs	r3, #32
 263 001e 0022     		movs	r2, #0
 264 0020 E254     		strb	r2, [r4, r3]
 265 0022 0220     		movs	r0, #2
 266              	.L22:
 267              		@ sp needed
 268 0024 70BD     		pop	{r4, r5, r6, pc}
 269              	.L27:
 270 0026 2030     		adds	r0, r0, #32
 271 0028 0133     		adds	r3, r3, #1
 272 002a 2354     		strb	r3, [r4, r0]
 273 002c 0020     		movs	r0, #0
 274 002e A063     		str	r0, [r4, #56]
 275 0030 2368     		ldr	r3, [r4]
 276 0032 9C46     		mov	ip, r3
 277 0034 1868     		ldr	r0, [r3]
 278 0036 0123     		movs	r3, #1
 279 0038 9843     		bics	r0, r3
 280 003a 6346     		mov	r3, ip
 281 003c 1860     		str	r0, [r3]
 282 003e 2B00     		movs	r3, r5
 283 0040 2000     		movs	r0, r4
 284 0042 FFF7FEFF 		bl	DMA_SetConfig
 285 0046 E36A     		ldr	r3, [r4, #44]
 286 0048 002B     		cmp	r3, #0
 287 004a 0BD0     		beq	.L24
 288 004c 2268     		ldr	r2, [r4]
 289 004e 1368     		ldr	r3, [r2]
 290 0050 0E21     		movs	r1, #14
 291 0052 0B43     		orrs	r3, r1
 292 0054 1360     		str	r3, [r2]
 293              	.L25:
 294 0056 2268     		ldr	r2, [r4]
 295 0058 1368     		ldr	r3, [r2]
 296 005a 0121     		movs	r1, #1
ARM GAS  C:\Users\fastr\AppData\Local\Temp\ccyt8er9.s 			page 6


 297 005c 0B43     		orrs	r3, r1
 298 005e 1360     		str	r3, [r2]
 299 0060 0020     		movs	r0, #0
 300 0062 DFE7     		b	.L22
 301              	.L24:
 302 0064 2268     		ldr	r2, [r4]
 303 0066 1368     		ldr	r3, [r2]
 304 0068 0A21     		movs	r1, #10
 305 006a 0B43     		orrs	r3, r1
 306 006c 1360     		str	r3, [r2]
 307 006e 2268     		ldr	r2, [r4]
 308 0070 1368     		ldr	r3, [r2]
 309 0072 0639     		subs	r1, r1, #6
 310 0074 8B43     		bics	r3, r1
 311 0076 1360     		str	r3, [r2]
 312 0078 EDE7     		b	.L25
 313              	.L26:
 314 007a 0220     		movs	r0, #2
 315 007c D2E7     		b	.L22
 317              		.section	.text.HAL_DMA_Abort,"ax",%progbits
 318              		.align	1
 319              		.global	HAL_DMA_Abort
 320              		.syntax unified
 321              		.code	16
 322              		.thumb_func
 324              	HAL_DMA_Abort:
 325              		@ args = 0, pretend = 0, frame = 0
 326              		@ frame_needed = 0, uses_anonymous_args = 0
 327 0000 10B5     		push	{r4, lr}
 328 0002 2123     		movs	r3, #33
 329 0004 C35C     		ldrb	r3, [r0, r3]
 330 0006 022B     		cmp	r3, #2
 331 0008 06D0     		beq	.L29
 332 000a 0423     		movs	r3, #4
 333 000c 8363     		str	r3, [r0, #56]
 334 000e 1C33     		adds	r3, r3, #28
 335 0010 0022     		movs	r2, #0
 336 0012 C254     		strb	r2, [r0, r3]
 337 0014 0120     		movs	r0, #1
 338              	.L30:
 339              		@ sp needed
 340 0016 10BD     		pop	{r4, pc}
 341              	.L29:
 342 0018 0268     		ldr	r2, [r0]
 343 001a 1368     		ldr	r3, [r2]
 344 001c 0E21     		movs	r1, #14
 345 001e 8B43     		bics	r3, r1
 346 0020 1360     		str	r3, [r2]
 347 0022 0168     		ldr	r1, [r0]
 348 0024 0A68     		ldr	r2, [r1]
 349 0026 0123     		movs	r3, #1
 350 0028 9A43     		bics	r2, r3
 351 002a 0A60     		str	r2, [r1]
 352 002c 016C     		ldr	r1, [r0, #64]
 353 002e C26B     		ldr	r2, [r0, #60]
 354 0030 1C00     		movs	r4, r3
 355 0032 8C40     		lsls	r4, r4, r1
ARM GAS  C:\Users\fastr\AppData\Local\Temp\ccyt8er9.s 			page 7


 356 0034 5460     		str	r4, [r2, #4]
 357 0036 2122     		movs	r2, #33
 358 0038 8354     		strb	r3, [r0, r2]
 359 003a 1F33     		adds	r3, r3, #31
 360 003c 0022     		movs	r2, #0
 361 003e C254     		strb	r2, [r0, r3]
 362 0040 0020     		movs	r0, #0
 363 0042 E8E7     		b	.L30
 365              		.section	.text.HAL_DMA_Abort_IT,"ax",%progbits
 366              		.align	1
 367              		.global	HAL_DMA_Abort_IT
 368              		.syntax unified
 369              		.code	16
 370              		.thumb_func
 372              	HAL_DMA_Abort_IT:
 373              		@ args = 0, pretend = 0, frame = 0
 374              		@ frame_needed = 0, uses_anonymous_args = 0
 375 0000 10B5     		push	{r4, lr}
 376 0002 2123     		movs	r3, #33
 377 0004 C35C     		ldrb	r3, [r0, r3]
 378 0006 022B     		cmp	r3, #2
 379 0008 03D0     		beq	.L32
 380 000a 0423     		movs	r3, #4
 381 000c 8363     		str	r3, [r0, #56]
 382 000e 0120     		movs	r0, #1
 383              	.L33:
 384              		@ sp needed
 385 0010 10BD     		pop	{r4, pc}
 386              	.L32:
 387 0012 0268     		ldr	r2, [r0]
 388 0014 1368     		ldr	r3, [r2]
 389 0016 0E21     		movs	r1, #14
 390 0018 8B43     		bics	r3, r1
 391 001a 1360     		str	r3, [r2]
 392 001c 0168     		ldr	r1, [r0]
 393 001e 0A68     		ldr	r2, [r1]
 394 0020 0123     		movs	r3, #1
 395 0022 9A43     		bics	r2, r3
 396 0024 0A60     		str	r2, [r1]
 397 0026 016C     		ldr	r1, [r0, #64]
 398 0028 C26B     		ldr	r2, [r0, #60]
 399 002a 1C00     		movs	r4, r3
 400 002c 8C40     		lsls	r4, r4, r1
 401 002e 5460     		str	r4, [r2, #4]
 402 0030 2122     		movs	r2, #33
 403 0032 8354     		strb	r3, [r0, r2]
 404 0034 1F33     		adds	r3, r3, #31
 405 0036 0022     		movs	r2, #0
 406 0038 C254     		strb	r2, [r0, r3]
 407 003a 436B     		ldr	r3, [r0, #52]
 408 003c 002B     		cmp	r3, #0
 409 003e 02D0     		beq	.L34
 410 0040 9847     		blx	r3
 411 0042 0020     		movs	r0, #0
 412 0044 E4E7     		b	.L33
 413              	.L34:
 414 0046 0020     		movs	r0, #0
ARM GAS  C:\Users\fastr\AppData\Local\Temp\ccyt8er9.s 			page 8


 415 0048 E2E7     		b	.L33
 417              		.section	.text.HAL_DMA_PollForTransfer,"ax",%progbits
 418              		.align	1
 419              		.global	HAL_DMA_PollForTransfer
 420              		.syntax unified
 421              		.code	16
 422              		.thumb_func
 424              	HAL_DMA_PollForTransfer:
 425              		@ args = 0, pretend = 0, frame = 8
 426              		@ frame_needed = 0, uses_anonymous_args = 0
 427 0000 F0B5     		push	{r4, r5, r6, r7, lr}
 428 0002 83B0     		sub	sp, sp, #12
 429 0004 0400     		movs	r4, r0
 430 0006 0F00     		movs	r7, r1
 431 0008 1500     		movs	r5, r2
 432 000a 2123     		movs	r3, #33
 433 000c C35C     		ldrb	r3, [r0, r3]
 434 000e 022B     		cmp	r3, #2
 435 0010 07D0     		beq	.L36
 436 0012 0423     		movs	r3, #4
 437 0014 8363     		str	r3, [r0, #56]
 438 0016 1C33     		adds	r3, r3, #28
 439 0018 0022     		movs	r2, #0
 440 001a C254     		strb	r2, [r0, r3]
 441 001c 0120     		movs	r0, #1
 442              	.L37:
 443 001e 03B0     		add	sp, sp, #12
 444              		@ sp needed
 445 0020 F0BD     		pop	{r4, r5, r6, r7, pc}
 446              	.L36:
 447 0022 0368     		ldr	r3, [r0]
 448 0024 1B68     		ldr	r3, [r3]
 449 0026 9B06     		lsls	r3, r3, #26
 450 0028 24D4     		bmi	.L49
 451 002a 0029     		cmp	r1, #0
 452 002c 27D1     		bne	.L39
 453 002e 036C     		ldr	r3, [r0, #64]
 454 0030 0226     		movs	r6, #2
 455 0032 9E40     		lsls	r6, r6, r3
 456              	.L40:
 457 0034 FFF7FEFF 		bl	HAL_GetTick
 458 0038 0190     		str	r0, [sp, #4]
 459              	.L43:
 460 003a E16B     		ldr	r1, [r4, #60]
 461 003c 0B68     		ldr	r3, [r1]
 462 003e 1E42     		tst	r6, r3
 463 0040 2DD1     		bne	.L50
 464 0042 0868     		ldr	r0, [r1]
 465 0044 226C     		ldr	r2, [r4, #64]
 466 0046 0823     		movs	r3, #8
 467 0048 9340     		lsls	r3, r3, r2
 468 004a 0342     		tst	r3, r0
 469 004c 1BD1     		bne	.L51
 470 004e 6B1C     		adds	r3, r5, #1
 471 0050 F3D0     		beq	.L43
 472 0052 002D     		cmp	r5, #0
 473 0054 05D0     		beq	.L44
ARM GAS  C:\Users\fastr\AppData\Local\Temp\ccyt8er9.s 			page 9


 474 0056 FFF7FEFF 		bl	HAL_GetTick
 475 005a 019B     		ldr	r3, [sp, #4]
 476 005c C01A     		subs	r0, r0, r3
 477 005e A842     		cmp	r0, r5
 478 0060 EBD9     		bls	.L43
 479              	.L44:
 480 0062 2023     		movs	r3, #32
 481 0064 A363     		str	r3, [r4, #56]
 482 0066 2122     		movs	r2, #33
 483 0068 0121     		movs	r1, #1
 484 006a A154     		strb	r1, [r4, r2]
 485 006c 0022     		movs	r2, #0
 486 006e E254     		strb	r2, [r4, r3]
 487 0070 0120     		movs	r0, #1
 488 0072 D4E7     		b	.L37
 489              	.L49:
 490 0074 8023     		movs	r3, #128
 491 0076 5B00     		lsls	r3, r3, #1
 492 0078 8363     		str	r3, [r0, #56]
 493 007a 0120     		movs	r0, #1
 494 007c CFE7     		b	.L37
 495              	.L39:
 496 007e 036C     		ldr	r3, [r0, #64]
 497 0080 0426     		movs	r6, #4
 498 0082 9E40     		lsls	r6, r6, r3
 499 0084 D6E7     		b	.L40
 500              	.L51:
 501 0086 0123     		movs	r3, #1
 502 0088 1800     		movs	r0, r3
 503 008a 9040     		lsls	r0, r0, r2
 504 008c 4860     		str	r0, [r1, #4]
 505 008e A363     		str	r3, [r4, #56]
 506 0090 2122     		movs	r2, #33
 507 0092 A354     		strb	r3, [r4, r2]
 508 0094 1F33     		adds	r3, r3, #31
 509 0096 0022     		movs	r2, #0
 510 0098 E254     		strb	r2, [r4, r3]
 511 009a 0120     		movs	r0, #1
 512 009c BFE7     		b	.L37
 513              	.L50:
 514 009e 3B1E     		subs	r3, r7, #0
 515 00a0 0BD1     		bne	.L46
 516 00a2 226C     		ldr	r2, [r4, #64]
 517 00a4 0233     		adds	r3, r3, #2
 518 00a6 9340     		lsls	r3, r3, r2
 519 00a8 4B60     		str	r3, [r1, #4]
 520 00aa 2123     		movs	r3, #33
 521 00ac 0122     		movs	r2, #1
 522 00ae E254     		strb	r2, [r4, r3]
 523              	.L47:
 524 00b0 2023     		movs	r3, #32
 525 00b2 0022     		movs	r2, #0
 526 00b4 E254     		strb	r2, [r4, r3]
 527 00b6 0020     		movs	r0, #0
 528 00b8 B1E7     		b	.L37
 529              	.L46:
 530 00ba 226C     		ldr	r2, [r4, #64]
ARM GAS  C:\Users\fastr\AppData\Local\Temp\ccyt8er9.s 			page 10


 531 00bc 0423     		movs	r3, #4
 532 00be 9340     		lsls	r3, r3, r2
 533 00c0 4B60     		str	r3, [r1, #4]
 534 00c2 F5E7     		b	.L47
 536              		.section	.text.HAL_DMA_IRQHandler,"ax",%progbits
 537              		.align	1
 538              		.global	HAL_DMA_IRQHandler
 539              		.syntax unified
 540              		.code	16
 541              		.thumb_func
 543              	HAL_DMA_IRQHandler:
 544              		@ args = 0, pretend = 0, frame = 0
 545              		@ frame_needed = 0, uses_anonymous_args = 0
 546 0000 10B5     		push	{r4, lr}
 547 0002 C36B     		ldr	r3, [r0, #60]
 548 0004 1A68     		ldr	r2, [r3]
 549 0006 0368     		ldr	r3, [r0]
 550 0008 9C46     		mov	ip, r3
 551 000a 1C68     		ldr	r4, [r3]
 552 000c 016C     		ldr	r1, [r0, #64]
 553 000e 0423     		movs	r3, #4
 554 0010 8B40     		lsls	r3, r3, r1
 555 0012 1A42     		tst	r2, r3
 556 0014 15D0     		beq	.L53
 557 0016 6307     		lsls	r3, r4, #29
 558 0018 13D5     		bpl	.L53
 559 001a 6346     		mov	r3, ip
 560 001c 1B68     		ldr	r3, [r3]
 561 001e 9B06     		lsls	r3, r3, #26
 562 0020 05D4     		bmi	.L54
 563 0022 6346     		mov	r3, ip
 564 0024 1B68     		ldr	r3, [r3]
 565 0026 0422     		movs	r2, #4
 566 0028 9343     		bics	r3, r2
 567 002a 6246     		mov	r2, ip
 568 002c 1360     		str	r3, [r2]
 569              	.L54:
 570 002e 016C     		ldr	r1, [r0, #64]
 571 0030 C26B     		ldr	r2, [r0, #60]
 572 0032 0423     		movs	r3, #4
 573 0034 8B40     		lsls	r3, r3, r1
 574 0036 5360     		str	r3, [r2, #4]
 575 0038 C36A     		ldr	r3, [r0, #44]
 576 003a 002B     		cmp	r3, #0
 577 003c 00D0     		beq	.L52
 578 003e 9847     		blx	r3
 579              	.L52:
 580              		@ sp needed
 581 0040 10BD     		pop	{r4, pc}
 582              	.L53:
 583 0042 0223     		movs	r3, #2
 584 0044 8B40     		lsls	r3, r3, r1
 585 0046 1A42     		tst	r2, r3
 586 0048 1BD0     		beq	.L56
 587 004a A307     		lsls	r3, r4, #30
 588 004c 19D5     		bpl	.L56
 589 004e 6346     		mov	r3, ip
ARM GAS  C:\Users\fastr\AppData\Local\Temp\ccyt8er9.s 			page 11


 590 0050 1B68     		ldr	r3, [r3]
 591 0052 9B06     		lsls	r3, r3, #26
 592 0054 08D4     		bmi	.L57
 593 0056 6346     		mov	r3, ip
 594 0058 1B68     		ldr	r3, [r3]
 595 005a 0A22     		movs	r2, #10
 596 005c 9343     		bics	r3, r2
 597 005e 6246     		mov	r2, ip
 598 0060 1360     		str	r3, [r2]
 599 0062 2123     		movs	r3, #33
 600 0064 0122     		movs	r2, #1
 601 0066 C254     		strb	r2, [r0, r3]
 602              	.L57:
 603 0068 016C     		ldr	r1, [r0, #64]
 604 006a C26B     		ldr	r2, [r0, #60]
 605 006c 0223     		movs	r3, #2
 606 006e 8B40     		lsls	r3, r3, r1
 607 0070 5360     		str	r3, [r2, #4]
 608 0072 2023     		movs	r3, #32
 609 0074 0022     		movs	r2, #0
 610 0076 C254     		strb	r2, [r0, r3]
 611 0078 836A     		ldr	r3, [r0, #40]
 612 007a 002B     		cmp	r3, #0
 613 007c E0D0     		beq	.L52
 614 007e 9847     		blx	r3
 615 0080 DEE7     		b	.L52
 616              	.L56:
 617 0082 0823     		movs	r3, #8
 618 0084 8B40     		lsls	r3, r3, r1
 619 0086 1A42     		tst	r2, r3
 620 0088 DAD0     		beq	.L52
 621 008a 2407     		lsls	r4, r4, #28
 622 008c D8D5     		bpl	.L52
 623 008e 6346     		mov	r3, ip
 624 0090 1B68     		ldr	r3, [r3]
 625 0092 0E22     		movs	r2, #14
 626 0094 9343     		bics	r3, r2
 627 0096 6246     		mov	r2, ip
 628 0098 1360     		str	r3, [r2]
 629 009a 016C     		ldr	r1, [r0, #64]
 630 009c C26B     		ldr	r2, [r0, #60]
 631 009e 0123     		movs	r3, #1
 632 00a0 1C00     		movs	r4, r3
 633 00a2 8C40     		lsls	r4, r4, r1
 634 00a4 5460     		str	r4, [r2, #4]
 635 00a6 8363     		str	r3, [r0, #56]
 636 00a8 2122     		movs	r2, #33
 637 00aa 8354     		strb	r3, [r0, r2]
 638 00ac 1F33     		adds	r3, r3, #31
 639 00ae 0022     		movs	r2, #0
 640 00b0 C254     		strb	r2, [r0, r3]
 641 00b2 036B     		ldr	r3, [r0, #48]
 642 00b4 002B     		cmp	r3, #0
 643 00b6 C3D0     		beq	.L52
 644 00b8 9847     		blx	r3
 645 00ba C1E7     		b	.L52
 647              		.section	.text.HAL_DMA_RegisterCallback,"ax",%progbits
ARM GAS  C:\Users\fastr\AppData\Local\Temp\ccyt8er9.s 			page 12


 648              		.align	1
 649              		.global	HAL_DMA_RegisterCallback
 650              		.syntax unified
 651              		.code	16
 652              		.thumb_func
 654              	HAL_DMA_RegisterCallback:
 655              		@ args = 0, pretend = 0, frame = 0
 656              		@ frame_needed = 0, uses_anonymous_args = 0
 657 0000 10B5     		push	{r4, lr}
 658 0002 0300     		movs	r3, r0
 659 0004 1400     		movs	r4, r2
 660 0006 2020     		movs	r0, #32
 661 0008 185C     		ldrb	r0, [r3, r0]
 662 000a 0128     		cmp	r0, #1
 663 000c 21D0     		beq	.L71
 664 000e 2022     		movs	r2, #32
 665 0010 0120     		movs	r0, #1
 666 0012 9854     		strb	r0, [r3, r2]
 667 0014 0132     		adds	r2, r2, #1
 668 0016 9A5C     		ldrb	r2, [r3, r2]
 669 0018 D0B2     		uxtb	r0, r2
 670 001a 012A     		cmp	r2, #1
 671 001c 04D0     		beq	.L73
 672 001e 0120     		movs	r0, #1
 673              	.L65:
 674 0020 2022     		movs	r2, #32
 675 0022 0021     		movs	r1, #0
 676 0024 9954     		strb	r1, [r3, r2]
 677              	.L64:
 678              		@ sp needed
 679 0026 10BD     		pop	{r4, pc}
 680              	.L73:
 681 0028 0229     		cmp	r1, #2
 682 002a 0FD0     		beq	.L66
 683 002c 06D8     		bhi	.L67
 684 002e 0029     		cmp	r1, #0
 685 0030 09D0     		beq	.L68
 686 0032 0129     		cmp	r1, #1
 687 0034 F4D1     		bne	.L65
 688 0036 DC62     		str	r4, [r3, #44]
 689 0038 0020     		movs	r0, #0
 690 003a F1E7     		b	.L65
 691              	.L67:
 692 003c 0329     		cmp	r1, #3
 693 003e EFD1     		bne	.L65
 694 0040 5C63     		str	r4, [r3, #52]
 695 0042 0020     		movs	r0, #0
 696 0044 ECE7     		b	.L65
 697              	.L68:
 698 0046 9C62     		str	r4, [r3, #40]
 699 0048 0800     		movs	r0, r1
 700 004a E9E7     		b	.L65
 701              	.L66:
 702 004c 1C63     		str	r4, [r3, #48]
 703 004e 0020     		movs	r0, #0
 704 0050 E6E7     		b	.L65
 705              	.L71:
ARM GAS  C:\Users\fastr\AppData\Local\Temp\ccyt8er9.s 			page 13


 706 0052 0220     		movs	r0, #2
 707 0054 E7E7     		b	.L64
 709              		.section	.text.HAL_DMA_UnRegisterCallback,"ax",%progbits
 710              		.align	1
 711              		.global	HAL_DMA_UnRegisterCallback
 712              		.syntax unified
 713              		.code	16
 714              		.thumb_func
 716              	HAL_DMA_UnRegisterCallback:
 717              		@ args = 0, pretend = 0, frame = 0
 718              		@ frame_needed = 0, uses_anonymous_args = 0
 719              		@ link register save eliminated.
 720 0000 0300     		movs	r3, r0
 721 0002 2022     		movs	r2, #32
 722 0004 825C     		ldrb	r2, [r0, r2]
 723 0006 012A     		cmp	r2, #1
 724 0008 2ED0     		beq	.L83
 725 000a 2022     		movs	r2, #32
 726 000c 0120     		movs	r0, #1
 727 000e 9854     		strb	r0, [r3, r2]
 728 0010 0132     		adds	r2, r2, #1
 729 0012 9A5C     		ldrb	r2, [r3, r2]
 730 0014 D0B2     		uxtb	r0, r2
 731 0016 012A     		cmp	r2, #1
 732 0018 04D0     		beq	.L85
 733 001a 0120     		movs	r0, #1
 734              	.L76:
 735 001c 2022     		movs	r2, #32
 736 001e 0021     		movs	r1, #0
 737 0020 9954     		strb	r1, [r3, r2]
 738              	.L75:
 739              		@ sp needed
 740 0022 7047     		bx	lr
 741              	.L85:
 742 0024 0229     		cmp	r1, #2
 743 0026 17D0     		beq	.L77
 744 0028 0AD9     		bls	.L86
 745 002a 0329     		cmp	r1, #3
 746 002c 18D0     		beq	.L81
 747 002e 0429     		cmp	r1, #4
 748 0030 F4D1     		bne	.L76
 749 0032 0022     		movs	r2, #0
 750 0034 9A62     		str	r2, [r3, #40]
 751 0036 DA62     		str	r2, [r3, #44]
 752 0038 1A63     		str	r2, [r3, #48]
 753 003a 5A63     		str	r2, [r3, #52]
 754 003c 0020     		movs	r0, #0
 755 003e EDE7     		b	.L76
 756              	.L86:
 757 0040 0029     		cmp	r1, #0
 758 0042 05D0     		beq	.L79
 759 0044 0129     		cmp	r1, #1
 760 0046 E9D1     		bne	.L76
 761 0048 0022     		movs	r2, #0
 762 004a DA62     		str	r2, [r3, #44]
 763 004c 0020     		movs	r0, #0
 764 004e E5E7     		b	.L76
ARM GAS  C:\Users\fastr\AppData\Local\Temp\ccyt8er9.s 			page 14


 765              	.L79:
 766 0050 0022     		movs	r2, #0
 767 0052 9A62     		str	r2, [r3, #40]
 768 0054 0800     		movs	r0, r1
 769 0056 E1E7     		b	.L76
 770              	.L77:
 771 0058 0022     		movs	r2, #0
 772 005a 1A63     		str	r2, [r3, #48]
 773 005c 0020     		movs	r0, #0
 774 005e DDE7     		b	.L76
 775              	.L81:
 776 0060 0022     		movs	r2, #0
 777 0062 5A63     		str	r2, [r3, #52]
 778 0064 0020     		movs	r0, #0
 779 0066 D9E7     		b	.L76
 780              	.L83:
 781 0068 0220     		movs	r0, #2
 782 006a DAE7     		b	.L75
 784              		.section	.text.HAL_DMA_GetState,"ax",%progbits
 785              		.align	1
 786              		.global	HAL_DMA_GetState
 787              		.syntax unified
 788              		.code	16
 789              		.thumb_func
 791              	HAL_DMA_GetState:
 792              		@ args = 0, pretend = 0, frame = 0
 793              		@ frame_needed = 0, uses_anonymous_args = 0
 794              		@ link register save eliminated.
 795 0000 2123     		movs	r3, #33
 796 0002 C05C     		ldrb	r0, [r0, r3]
 797 0004 C0B2     		uxtb	r0, r0
 798              		@ sp needed
 799 0006 7047     		bx	lr
 801              		.section	.text.HAL_DMA_GetError,"ax",%progbits
 802              		.align	1
 803              		.global	HAL_DMA_GetError
 804              		.syntax unified
 805              		.code	16
 806              		.thumb_func
 808              	HAL_DMA_GetError:
 809              		@ args = 0, pretend = 0, frame = 0
 810              		@ frame_needed = 0, uses_anonymous_args = 0
 811              		@ link register save eliminated.
 812 0000 806B     		ldr	r0, [r0, #56]
 813              		@ sp needed
 814 0002 7047     		bx	lr
 816              		.global	__aeabi_uidiv
 817              		.ident	"GCC: (xPack GNU Arm Embedded GCC x86_64) 15.2.1 20251203"
ARM GAS  C:\Users\fastr\AppData\Local\Temp\ccyt8er9.s 			page 15


DEFINED SYMBOLS
                            *ABS*:00000000 stm32f0xx_hal_dma.c
C:\Users\fastr\AppData\Local\Temp\ccyt8er9.s:16     .text.DMA_SetConfig:00000000 $t
C:\Users\fastr\AppData\Local\Temp\ccyt8er9.s:21     .text.DMA_SetConfig:00000000 DMA_SetConfig
C:\Users\fastr\AppData\Local\Temp\ccyt8er9.s:50     .text.DMA_CalcBaseAndBitshift:00000000 $t
C:\Users\fastr\AppData\Local\Temp\ccyt8er9.s:55     .text.DMA_CalcBaseAndBitshift:00000000 DMA_CalcBaseAndBitshift
C:\Users\fastr\AppData\Local\Temp\ccyt8er9.s:75     .text.DMA_CalcBaseAndBitshift:0000001c $d
C:\Users\fastr\AppData\Local\Temp\ccyt8er9.s:79     .text.HAL_DMA_Init:00000000 $t
C:\Users\fastr\AppData\Local\Temp\ccyt8er9.s:85     .text.HAL_DMA_Init:00000000 HAL_DMA_Init
C:\Users\fastr\AppData\Local\Temp\ccyt8er9.s:131    .text.HAL_DMA_Init:0000004c $d
C:\Users\fastr\AppData\Local\Temp\ccyt8er9.s:134    .text.HAL_DMA_DeInit:00000000 $t
C:\Users\fastr\AppData\Local\Temp\ccyt8er9.s:140    .text.HAL_DMA_DeInit:00000000 HAL_DMA_DeInit
C:\Users\fastr\AppData\Local\Temp\ccyt8er9.s:184    .text.HAL_DMA_Start:00000000 $t
C:\Users\fastr\AppData\Local\Temp\ccyt8er9.s:190    .text.HAL_DMA_Start:00000000 HAL_DMA_Start
C:\Users\fastr\AppData\Local\Temp\ccyt8er9.s:239    .text.HAL_DMA_Start_IT:00000000 $t
C:\Users\fastr\AppData\Local\Temp\ccyt8er9.s:245    .text.HAL_DMA_Start_IT:00000000 HAL_DMA_Start_IT
C:\Users\fastr\AppData\Local\Temp\ccyt8er9.s:318    .text.HAL_DMA_Abort:00000000 $t
C:\Users\fastr\AppData\Local\Temp\ccyt8er9.s:324    .text.HAL_DMA_Abort:00000000 HAL_DMA_Abort
C:\Users\fastr\AppData\Local\Temp\ccyt8er9.s:366    .text.HAL_DMA_Abort_IT:00000000 $t
C:\Users\fastr\AppData\Local\Temp\ccyt8er9.s:372    .text.HAL_DMA_Abort_IT:00000000 HAL_DMA_Abort_IT
C:\Users\fastr\AppData\Local\Temp\ccyt8er9.s:418    .text.HAL_DMA_PollForTransfer:00000000 $t
C:\Users\fastr\AppData\Local\Temp\ccyt8er9.s:424    .text.HAL_DMA_PollForTransfer:00000000 HAL_DMA_PollForTransfer
C:\Users\fastr\AppData\Local\Temp\ccyt8er9.s:537    .text.HAL_DMA_IRQHandler:00000000 $t
C:\Users\fastr\AppData\Local\Temp\ccyt8er9.s:543    .text.HAL_DMA_IRQHandler:00000000 HAL_DMA_IRQHandler
C:\Users\fastr\AppData\Local\Temp\ccyt8er9.s:648    .text.HAL_DMA_RegisterCallback:00000000 $t
C:\Users\fastr\AppData\Local\Temp\ccyt8er9.s:654    .text.HAL_DMA_RegisterCallback:00000000 HAL_DMA_RegisterCallback
C:\Users\fastr\AppData\Local\Temp\ccyt8er9.s:710    .text.HAL_DMA_UnRegisterCallback:00000000 $t
C:\Users\fastr\AppData\Local\Temp\ccyt8er9.s:716    .text.HAL_DMA_UnRegisterCallback:00000000 HAL_DMA_UnRegisterCallback
C:\Users\fastr\AppData\Local\Temp\ccyt8er9.s:785    .text.HAL_DMA_GetState:00000000 $t
C:\Users\fastr\AppData\Local\Temp\ccyt8er9.s:791    .text.HAL_DMA_GetState:00000000 HAL_DMA_GetState
C:\Users\fastr\AppData\Local\Temp\ccyt8er9.s:802    .text.HAL_DMA_GetError:00000000 $t
C:\Users\fastr\AppData\Local\Temp\ccyt8er9.s:808    .text.HAL_DMA_GetError:00000000 HAL_DMA_GetError

UNDEFINED SYMBOLS
__aeabi_uidiv
HAL_GetTick
