ARM GAS  C:\Users\fastr\AppData\Local\Temp\ccs1LsCB.s 			page 1


   1              		.cpu cortex-m0
   2              		.arch armv6s-m
   3              		.fpu softvfp
   4              		.eabi_attribute 20, 1
   5              		.eabi_attribute 21, 1
   6              		.eabi_attribute 23, 3
   7              		.eabi_attribute 24, 1
   8              		.eabi_attribute 25, 1
   9              		.eabi_attribute 26, 1
  10              		.eabi_attribute 30, 1
  11              		.eabi_attribute 34, 0
  12              		.eabi_attribute 18, 4
  13              		.file	"stm32f0xx_ll_gpio.c"
  14              		.text
  15              		.section	.text.LL_GPIO_DeInit,"ax",%progbits
  16              		.align	1
  17              		.global	LL_GPIO_DeInit
  18              		.syntax unified
  19              		.code	16
  20              		.thumb_func
  22              	LL_GPIO_DeInit:
  23              		@ args = 0, pretend = 0, frame = 0
  24              		@ frame_needed = 0, uses_anonymous_args = 0
  25              		@ link register save eliminated.
  26 0000 9023     		movs	r3, #144
  27 0002 DB05     		lsls	r3, r3, #23
  28 0004 9842     		cmp	r0, r3
  29 0006 0DD0     		beq	.L8
  30 0008 244B     		ldr	r3, .L13
  31 000a 9842     		cmp	r0, r3
  32 000c 16D0     		beq	.L9
  33 000e 244B     		ldr	r3, .L13+4
  34 0010 9842     		cmp	r0, r3
  35 0012 1FD0     		beq	.L10
  36 0014 234B     		ldr	r3, .L13+8
  37 0016 9842     		cmp	r0, r3
  38 0018 28D0     		beq	.L11
  39 001a 234B     		ldr	r3, .L13+12
  40 001c 9842     		cmp	r0, r3
  41 001e 31D0     		beq	.L12
  42 0020 0120     		movs	r0, #1
  43 0022 0AE0     		b	.L3
  44              	.L8:
  45 0024 214B     		ldr	r3, .L13+16
  46 0026 996A     		ldr	r1, [r3, #40]
  47 0028 8022     		movs	r2, #128
  48 002a 9202     		lsls	r2, r2, #10
  49 002c 0A43     		orrs	r2, r1
  50 002e 9A62     		str	r2, [r3, #40]
  51 0030 9A6A     		ldr	r2, [r3, #40]
  52 0032 1F49     		ldr	r1, .L13+20
  53 0034 0A40     		ands	r2, r1
  54 0036 9A62     		str	r2, [r3, #40]
  55 0038 0020     		movs	r0, #0
  56              	.L3:
  57              		@ sp needed
  58 003a 7047     		bx	lr
ARM GAS  C:\Users\fastr\AppData\Local\Temp\ccs1LsCB.s 			page 2


  59              	.L9:
  60 003c 1B4B     		ldr	r3, .L13+16
  61 003e 996A     		ldr	r1, [r3, #40]
  62 0040 8022     		movs	r2, #128
  63 0042 D202     		lsls	r2, r2, #11
  64 0044 0A43     		orrs	r2, r1
  65 0046 9A62     		str	r2, [r3, #40]
  66 0048 9A6A     		ldr	r2, [r3, #40]
  67 004a 1A49     		ldr	r1, .L13+24
  68 004c 0A40     		ands	r2, r1
  69 004e 9A62     		str	r2, [r3, #40]
  70 0050 0020     		movs	r0, #0
  71 0052 F2E7     		b	.L3
  72              	.L10:
  73 0054 154B     		ldr	r3, .L13+16
  74 0056 996A     		ldr	r1, [r3, #40]
  75 0058 8022     		movs	r2, #128
  76 005a 1203     		lsls	r2, r2, #12
  77 005c 0A43     		orrs	r2, r1
  78 005e 9A62     		str	r2, [r3, #40]
  79 0060 9A6A     		ldr	r2, [r3, #40]
  80 0062 1549     		ldr	r1, .L13+28
  81 0064 0A40     		ands	r2, r1
  82 0066 9A62     		str	r2, [r3, #40]
  83 0068 0020     		movs	r0, #0
  84 006a E6E7     		b	.L3
  85              	.L11:
  86 006c 0F4B     		ldr	r3, .L13+16
  87 006e 996A     		ldr	r1, [r3, #40]
  88 0070 8022     		movs	r2, #128
  89 0072 5203     		lsls	r2, r2, #13
  90 0074 0A43     		orrs	r2, r1
  91 0076 9A62     		str	r2, [r3, #40]
  92 0078 9A6A     		ldr	r2, [r3, #40]
  93 007a 1049     		ldr	r1, .L13+32
  94 007c 0A40     		ands	r2, r1
  95 007e 9A62     		str	r2, [r3, #40]
  96 0080 0020     		movs	r0, #0
  97 0082 DAE7     		b	.L3
  98              	.L12:
  99 0084 094B     		ldr	r3, .L13+16
 100 0086 996A     		ldr	r1, [r3, #40]
 101 0088 8022     		movs	r2, #128
 102 008a D203     		lsls	r2, r2, #15
 103 008c 0A43     		orrs	r2, r1
 104 008e 9A62     		str	r2, [r3, #40]
 105 0090 9A6A     		ldr	r2, [r3, #40]
 106 0092 0B49     		ldr	r1, .L13+36
 107 0094 0A40     		ands	r2, r1
 108 0096 9A62     		str	r2, [r3, #40]
 109 0098 0020     		movs	r0, #0
 110 009a CEE7     		b	.L3
 111              	.L14:
 112              		.align	2
 113              	.L13:
 114 009c 00040048 		.word	1207960576
 115 00a0 00080048 		.word	1207961600
ARM GAS  C:\Users\fastr\AppData\Local\Temp\ccs1LsCB.s 			page 3


 116 00a4 000C0048 		.word	1207962624
 117 00a8 00140048 		.word	1207964672
 118 00ac 00100240 		.word	1073876992
 119 00b0 FFFFFDFF 		.word	-131073
 120 00b4 FFFFFBFF 		.word	-262145
 121 00b8 FFFFF7FF 		.word	-524289
 122 00bc FFFFEFFF 		.word	-1048577
 123 00c0 FFFFBFFF 		.word	-4194305
 125              		.section	.text.LL_GPIO_Init,"ax",%progbits
 126              		.align	1
 127              		.global	LL_GPIO_Init
 128              		.syntax unified
 129              		.code	16
 130              		.thumb_func
 132              	LL_GPIO_Init:
 133              		@ args = 0, pretend = 0, frame = 0
 134              		@ frame_needed = 0, uses_anonymous_args = 0
 135 0000 F0B5     		push	{r4, r5, r6, r7, lr}
 136 0002 0400     		movs	r4, r0
 137 0004 0022     		movs	r2, #0
 138 0006 16E0     		b	.L16
 139              	.L18:
 140 0008 0B69     		ldr	r3, [r1, #16]
 141 000a 9C46     		mov	ip, r3
 142 000c E068     		ldr	r0, [r4, #12]
 143 000e 2B00     		movs	r3, r5
 144 0010 6B43     		muls	r3, r5
 145 0012 5E00     		lsls	r6, r3, #1
 146 0014 F618     		adds	r6, r6, r3
 147 0016 F743     		mvns	r7, r6
 148 0018 B043     		bics	r0, r6
 149 001a 6646     		mov	r6, ip
 150 001c 5E43     		muls	r6, r3
 151 001e 3043     		orrs	r0, r6
 152 0020 E060     		str	r0, [r4, #12]
 153 0022 4868     		ldr	r0, [r1, #4]
 154 0024 0228     		cmp	r0, #2
 155 0026 26D0     		beq	.L22
 156              	.L19:
 157 0028 4D68     		ldr	r5, [r1, #4]
 158 002a 2068     		ldr	r0, [r4]
 159 002c 3840     		ands	r0, r7
 160 002e 6B43     		muls	r3, r5
 161 0030 0343     		orrs	r3, r0
 162 0032 2360     		str	r3, [r4]
 163              	.L17:
 164 0034 0132     		adds	r2, r2, #1
 165              	.L16:
 166 0036 0868     		ldr	r0, [r1]
 167 0038 0300     		movs	r3, r0
 168 003a D340     		lsrs	r3, r3, r2
 169 003c 3BD0     		beq	.L23
 170 003e 0123     		movs	r3, #1
 171 0040 9340     		lsls	r3, r3, r2
 172 0042 0500     		movs	r5, r0
 173 0044 1D40     		ands	r5, r3
 174 0046 1842     		tst	r0, r3
ARM GAS  C:\Users\fastr\AppData\Local\Temp\ccs1LsCB.s 			page 4


 175 0048 F4D0     		beq	.L17
 176 004a 4B68     		ldr	r3, [r1, #4]
 177 004c 013B     		subs	r3, r3, #1
 178 004e 012B     		cmp	r3, #1
 179 0050 DAD8     		bhi	.L18
 180 0052 8F68     		ldr	r7, [r1, #8]
 181 0054 A368     		ldr	r3, [r4, #8]
 182 0056 2800     		movs	r0, r5
 183 0058 6843     		muls	r0, r5
 184 005a 4600     		lsls	r6, r0, #1
 185 005c 3618     		adds	r6, r6, r0
 186 005e B343     		bics	r3, r6
 187 0060 7843     		muls	r0, r7
 188 0062 0343     		orrs	r3, r0
 189 0064 A360     		str	r3, [r4, #8]
 190 0066 0E68     		ldr	r6, [r1]
 191 0068 C868     		ldr	r0, [r1, #12]
 192 006a 6368     		ldr	r3, [r4, #4]
 193 006c B343     		bics	r3, r6
 194 006e 7043     		muls	r0, r6
 195 0070 0343     		orrs	r3, r0
 196 0072 6360     		str	r3, [r4, #4]
 197 0074 C8E7     		b	.L18
 198              	.L22:
 199 0076 FF2D     		cmp	r5, #255
 200 0078 0DD8     		bhi	.L20
 201 007a 4869     		ldr	r0, [r1, #20]
 202 007c 8446     		mov	ip, r0
 203 007e 266A     		ldr	r6, [r4, #32]
 204 0080 1800     		movs	r0, r3
 205 0082 6843     		muls	r0, r5
 206 0084 6843     		muls	r0, r5
 207 0086 0501     		lsls	r5, r0, #4
 208 0088 2D1A     		subs	r5, r5, r0
 209 008a AE43     		bics	r6, r5
 210 008c 6546     		mov	r5, ip
 211 008e 6843     		muls	r0, r5
 212 0090 3043     		orrs	r0, r6
 213 0092 2062     		str	r0, [r4, #32]
 214 0094 C8E7     		b	.L19
 215              	.L20:
 216 0096 4869     		ldr	r0, [r1, #20]
 217 0098 8446     		mov	ip, r0
 218 009a 666A     		ldr	r6, [r4, #36]
 219 009c 2D0A     		lsrs	r5, r5, #8
 220 009e 2800     		movs	r0, r5
 221 00a0 6843     		muls	r0, r5
 222 00a2 6843     		muls	r0, r5
 223 00a4 6843     		muls	r0, r5
 224 00a6 0501     		lsls	r5, r0, #4
 225 00a8 2D1A     		subs	r5, r5, r0
 226 00aa AE43     		bics	r6, r5
 227 00ac 6546     		mov	r5, ip
 228 00ae 6843     		muls	r0, r5
 229 00b0 3043     		orrs	r0, r6
 230 00b2 6062     		str	r0, [r4, #36]
 231 00b4 B8E7     		b	.L19
ARM GAS  C:\Users\fastr\AppData\Local\Temp\ccs1LsCB.s 			page 5


 232              	.L23:
 233 00b6 0020     		movs	r0, #0
 234              		@ sp needed
 235 00b8 F0BD     		pop	{r4, r5, r6, r7, pc}
 237              		.section	.text.LL_GPIO_StructInit,"ax",%progbits
 238              		.align	1
 239              		.global	LL_GPIO_StructInit
 240              		.syntax unified
 241              		.code	16
 242              		.thumb_func
 244              	LL_GPIO_StructInit:
 245              		@ args = 0, pretend = 0, frame = 0
 246              		@ frame_needed = 0, uses_anonymous_args = 0
 247              		@ link register save eliminated.
 248 0000 044B     		ldr	r3, .L25
 249 0002 0360     		str	r3, [r0]
 250 0004 0323     		movs	r3, #3
 251 0006 4360     		str	r3, [r0, #4]
 252 0008 0023     		movs	r3, #0
 253 000a 8360     		str	r3, [r0, #8]
 254 000c C360     		str	r3, [r0, #12]
 255 000e 0361     		str	r3, [r0, #16]
 256 0010 4361     		str	r3, [r0, #20]
 257              		@ sp needed
 258 0012 7047     		bx	lr
 259              	.L26:
 260              		.align	2
 261              	.L25:
 262 0014 FFFF0000 		.word	65535
 264              		.ident	"GCC: (xPack GNU Arm Embedded GCC x86_64) 15.2.1 20251203"
ARM GAS  C:\Users\fastr\AppData\Local\Temp\ccs1LsCB.s 			page 6


DEFINED SYMBOLS
                            *ABS*:00000000 stm32f0xx_ll_gpio.c
C:\Users\fastr\AppData\Local\Temp\ccs1LsCB.s:16     .text.LL_GPIO_DeInit:00000000 $t
C:\Users\fastr\AppData\Local\Temp\ccs1LsCB.s:22     .text.LL_GPIO_DeInit:00000000 LL_GPIO_DeInit
C:\Users\fastr\AppData\Local\Temp\ccs1LsCB.s:114    .text.LL_GPIO_DeInit:0000009c $d
C:\Users\fastr\AppData\Local\Temp\ccs1LsCB.s:126    .text.LL_GPIO_Init:00000000 $t
C:\Users\fastr\AppData\Local\Temp\ccs1LsCB.s:132    .text.LL_GPIO_Init:00000000 LL_GPIO_Init
C:\Users\fastr\AppData\Local\Temp\ccs1LsCB.s:238    .text.LL_GPIO_StructInit:00000000 $t
C:\Users\fastr\AppData\Local\Temp\ccs1LsCB.s:244    .text.LL_GPIO_StructInit:00000000 LL_GPIO_StructInit
C:\Users\fastr\AppData\Local\Temp\ccs1LsCB.s:262    .text.LL_GPIO_StructInit:00000014 $d

NO UNDEFINED SYMBOLS
